p= 5 n=  25 L=2 a=  5 r=0 : off-regime cells(k<=l)=   330  failures=0  min slack=4 at (25, 0, 1, 0, 0, 0, 1, (0, 0, 0, 0), 4, -5)
p= 5 n=  26 L=2 a=  5 r=1 : off-regime cells(k<=l)=   300  failures=0  min slack=4 at (26, 0, 2, 0, 0, 0, 2, (0, 0, 0, 0), 4, -5)
p= 5 n=  29 L=2 a=  5 r=4 : off-regime cells(k<=l)=   444  failures=0  min slack=3 at (29, 1, 4, 0, 0, 1, 4, (1, 1, 1, 1), 2, -4)
p= 5 n=  30 L=2 a=  6 r=0 : off-regime cells(k<=l)=   468  failures=0  min slack=3 at (30, 0, 1, 0, 0, 0, 1, (0, 0, 0, 0), 2, -4)
p= 5 n=  31 L=2 a=  6 r=1 : off-regime cells(k<=l)=   423  failures=0  min slack=3 at (31, 0, 2, 0, 0, 0, 2, (0, 0, 0, 0), 2, -4)
p= 5 n=  49 L=2 a=  9 r=4 : off-regime cells(k<=l)=  1220  failures=0  min slack=4 at (49, 0, 1, 0, 0, 0, 1, (0, 1, 1, 0), 4, -5)
p= 5 n=  50 L=2 a= 10 r=0 : off-regime cells(k<=l)=  1260  failures=0  min slack=4 at (50, 0, 1, 0, 0, 0, 1, (0, 0, 0, 0), 4, -5)
p= 5 n=  62 L=2 a= 12 r=2 : off-regime cells(k<=l)=  1496  failures=0  min slack=2 at (62, 1, 2, 0, 0, 1, 2, (0, 0, 1, 0), 1, -4)
p= 5 n=  63 L=2 a= 12 r=3 : off-regime cells(k<=l)=  1820  failures=0  min slack=2 at (63, 1, 1, 0, 0, 1, 1, (0, 0, 1, 0), 1, -4)
p= 5 n=  99 L=2 a= 19 r=4 : off-regime cells(k<=l)=  4840  failures=0  min slack=3 at (99, 0, 26, 0, 5, 0, 1, (0, 1, 1, 0), 6, -8)
p= 5 n= 100 L=2 a= 20 r=0 : off-regime cells(k<=l)=  4920  failures=0  min slack=3 at (100, 0, 26, 0, 5, 0, 1, (0, 0, 0, 0), 6, -8)
p= 5 n= 119 L=2 a= 23 r=4 : off-regime cells(k<=l)=  6960  failures=0  min slack=2 at (119, 0, 26, 0, 5, 0, 1, (0, 1, 1, 0), 4, -7)
p= 5 n= 124 L=2 a= 24 r=4 : off-regime cells(k<=l)=  7550  failures=0  min slack=3 at (124, 0, 26, 0, 5, 0, 1, (0, 1, 1, 0), 6, -8)
p= 7 n=  49 L=2 a=  7 r=0 : off-regime cells(k<=l)=  1239  failures=0  min slack=4 at (49, 0, 1, 0, 0, 0, 1, (0, 0, 0, 0), 4, -5)
p= 7 n=  50 L=2 a=  7 r=1 : off-regime cells(k<=l)=  1190  failures=0  min slack=4 at (50, 0, 2, 0, 0, 0, 2, (0, 0, 0, 0), 4, -5)
p= 7 n=  55 L=2 a=  7 r=6 : off-regime cells(k<=l)=  1560  failures=0  min slack=3 at (55, 0, 1, 0, 0, 0, 1, (0, 1, 1, 0), 2, -4)
p= 7 n=  56 L=2 a=  8 r=0 : off-regime cells(k<=l)=  1608  failures=0  min slack=3 at (56, 0, 50, 0, 7, 0, 1, (0, 0, 0, 0), 2, -4)
p= 7 n=  97 L=2 a= 13 r=6 : off-regime cells(k<=l)=  4746  failures=0  min slack=4 at (97, 0, 1, 0, 0, 0, 1, (0, 1, 1, 0), 4, -5)
p= 7 n=  98 L=2 a= 14 r=0 : off-regime cells(k<=l)=  4830  failures=0  min slack=4 at (98, 0, 1, 0, 0, 0, 1, (0, 0, 0, 0), 4, -5)
p= 7 n= 146 L=2 a= 20 r=6 : off-regime cells(k<=l)= 10647  failures=0  min slack=4 at (146, 0, 1, 0, 0, 0, 1, (0, 1, 1, 0), 4, -5)
p= 7 n= 171 L=2 a= 24 r=3 : off-regime cells(k<=l)= 11728  failures=0  min slack=2 at (171, 1, 3, 0, 0, 1, 3, (0, 0, 1, 0), 1, -4)
p= 7 n= 342 L=2 a= 48 r=6 : off-regime cells(k<=l)= 57771  failures=0  min slack=3 at (342, 0, 50, 0, 7, 0, 1, (0, 1, 1, 0), 6, -8)
p=11 n= 121 L=2 a= 11 r=0 : off-regime cells(k<=l)=  7425  failures=0  min slack=4 at (121, 0, 1, 0, 0, 0, 1, (0, 0, 0, 0), 4, -5)
p=11 n= 122 L=2 a= 11 r=1 : off-regime cells(k<=l)=  7326  failures=0  min slack=4 at (122, 0, 2, 0, 0, 0, 2, (0, 0, 0, 0), 4, -5)
p=11 n= 131 L=2 a= 11 r=10 : off-regime cells(k<=l)=  8700  failures=0  min slack=3 at (131, 0, 1, 0, 0, 0, 1, (0, 1, 1, 0), 2, -4)
p=11 n= 132 L=2 a= 12 r=0 : off-regime cells(k<=l)=  8820  failures=0  min slack=3 at (132, 0, 1, 0, 0, 0, 1, (0, 0, 0, 0), 2, -4)
p=11 n= 181 L=2 a= 16 r=5 : off-regime cells(k<=l)= 13593  failures=0  min slack=2 at (181, 1, 5, 0, 0, 1, 5, (0, 0, 1, 0), 1, -4)
p=11 n= 242 L=2 a= 22 r=0 : off-regime cells(k<=l)= 29370  failures=0  min slack=4 at (242, 0, 1, 0, 0, 0, 1, (0, 0, 0, 0), 4, -5)
p=11 n= 605 L=2 a= 55 r=0 : off-regime cells(k<=l)=182325  failures=0  min slack=4 at (605, 0, 1, 0, 0, 0, 1, (0, 0, 0, 0), 4, -5)
p=13 n= 169 L=2 a= 13 r=0 : off-regime cells(k<=l)= 14430  failures=0  min slack=4 at (169, 0, 1, 0, 0, 0, 1, (0, 0, 0, 0), 4, -5)
p=13 n= 170 L=2 a= 13 r=1 : off-regime cells(k<=l)= 14300  failures=0  min slack=4 at (170, 0, 2, 0, 0, 0, 2, (0, 0, 0, 0), 4, -5)
p=13 n= 181 L=2 a= 13 r=12 : off-regime cells(k<=l)= 16548  failures=0  min slack=3 at (181, 0, 1, 0, 0, 0, 1, (0, 1, 1, 0), 2, -4)
p=13 n= 182 L=2 a= 14 r=0 : off-regime cells(k<=l)= 16716  failures=0  min slack=3 at (182, 0, 1, 0, 0, 0, 1, (0, 0, 0, 0), 2, -4)
p=13 n= 253 L=2 a= 19 r=6 : off-regime cells(k<=l)= 26745  failures=0  min slack=2 at (253, 1, 6, 0, 0, 1, 6, (0, 0, 1, 0), 1, -4)
p=13 n= 338 L=2 a= 26 r=0 : off-regime cells(k<=l)= 57252  failures=0  min slack=4 at (338, 0, 1, 0, 0, 0, 1, (0, 0, 0, 0), 4, -5)
== lvl2: off-regime cells checked = 530900, FAILURES = 0, global min slack = 2
   slack histogram (9 = >=9): {2: 2421, 3: 2731, 4: 7979, 5: 29384, 6: 40447, 7: 73520, 8: 105999, 9: 268419}
