p= 5 n=   5 L=1 a=  1 r=0 : off-regime cells(k<=l)=    18  failures=0  min slack=2 at (5, 0, 1, 0, 0, 0, 1, (0, 0, 0, 0), 2, 0)
p= 5 n=   6 L=1 a=  1 r=1 : off-regime cells(k<=l)=    18  failures=0  min slack=2 at (6, 0, 2, 0, 0, 0, 2, (0, 0, 0, 0), 2, 0)
p= 5 n=   7 L=1 a=  1 r=2 : off-regime cells(k<=l)=    22  failures=0  min slack=1 at (7, 1, 2, 0, 0, 1, 2, (0, 0, 1, 0), 1, 0)
p= 5 n=   8 L=1 a=  1 r=3 : off-regime cells(k<=l)=    38  failures=0  min slack=1 at (8, 1, 1, 0, 0, 1, 1, (0, 0, 1, 0), 1, 0)
p= 5 n=   9 L=1 a=  1 r=4 : off-regime cells(k<=l)=    52  failures=0  min slack=2 at (9, 0, 1, 0, 0, 0, 1, (0, 1, 1, 0), 2, 0)
p= 5 n=  10 L=1 a=  2 r=0 : off-regime cells(k<=l)=    60  failures=0  min slack=2 at (10, 0, 1, 0, 0, 0, 1, (0, 0, 0, 0), 2, 0)
p= 5 n=  11 L=1 a=  2 r=1 : off-regime cells(k<=l)=    57  failures=0  min slack=2 at (11, 0, 2, 0, 0, 0, 2, (0, 0, 0, 0), 2, 0)
p= 5 n=  12 L=1 a=  2 r=2 : off-regime cells(k<=l)=    61  failures=0  min slack=1 at (12, 1, 2, 0, 0, 1, 2, (0, 0, 1, 0), 1, 0)
p= 5 n=  13 L=1 a=  2 r=3 : off-regime cells(k<=l)=    90  failures=0  min slack=1 at (13, 0, 12, 0, 2, 0, 2, (0, 1, 1, 0), 4, -3)
p= 5 n=  14 L=1 a=  2 r=4 : off-regime cells(k<=l)=   114  failures=0  min slack=1 at (14, 0, 11, 0, 2, 0, 1, (0, 1, 1, 0), 4, -3)
p= 5 n=  15 L=1 a=  3 r=0 : off-regime cells(k<=l)=   126  failures=0  min slack=1 at (15, 1, 10, 0, 2, 1, 0, (0, 0, 0, 0), 4, -3)
p= 5 n=  16 L=1 a=  3 r=1 : off-regime cells(k<=l)=   117  failures=0  min slack=1 at (16, 2, 10, 0, 2, 2, 0, (0, 0, 0, 0), 4, -3)
p= 5 n=  17 L=1 a=  3 r=2 : off-regime cells(k<=l)=   119  failures=0  min slack=0 at (17, 1, 12, 0, 2, 1, 2, (0, 0, 1, 0), 3, -3)
p= 5 n=  18 L=1 a=  3 r=3 : off-regime cells(k<=l)=   164  failures=0  min slack=0 at (18, 1, 11, 0, 2, 1, 1, (0, 0, 1, 0), 3, -3)
p= 5 n=  19 L=1 a=  3 r=4 : off-regime cells(k<=l)=   200  failures=0  min slack=1 at (19, 0, 6, 0, 1, 0, 1, (0, 1, 1, 0), 4, -3)
p= 5 n=  20 L=1 a=  4 r=0 : off-regime cells(k<=l)=   216  failures=0  min slack=1 at (20, 0, 6, 0, 1, 0, 1, (0, 0, 0, 0), 4, -3)
p= 5 n=  21 L=1 a=  4 r=1 : off-regime cells(k<=l)=   198  failures=0  min slack=1 at (21, 0, 7, 0, 1, 0, 2, (0, 0, 0, 0), 4, -3)
p= 5 n=  22 L=1 a=  4 r=2 : off-regime cells(k<=l)=   196  failures=0  min slack=1 at (22, 1, 7, 0, 1, 1, 2, (0, 0, 1, 0), 3, -2)
p= 5 n=  23 L=1 a=  4 r=3 : off-regime cells(k<=l)=   260  failures=0  min slack=1 at (23, 0, 7, 0, 1, 0, 2, (0, 1, 1, 0), 4, -3)
p= 5 n=  24 L=1 a=  4 r=4 : off-regime cells(k<=l)=   310  failures=0  min slack=1 at (24, 0, 6, 0, 1, 0, 1, (0, 1, 1, 0), 4, -3)
p= 7 n=   7 L=1 a=  1 r=0 : off-regime cells(k<=l)=    33  failures=0  min slack=2 at (7, 0, 1, 0, 0, 0, 1, (0, 0, 0, 0), 2, 0)
p= 7 n=   9 L=1 a=  1 r=2 : off-regime cells(k<=l)=    34  failures=0  min slack=2 at (9, 0, 3, 0, 0, 0, 3, (0, 0, 0, 0), 2, 0)
p= 7 n=  11 L=1 a=  1 r=4 : off-regime cells(k<=l)=    64  failures=0  min slack=1 at (11, 1, 9, 0, 1, 1, 2, (0, 0, 1, 0), 1, 0)
p= 7 n=  13 L=1 a=  1 r=6 : off-regime cells(k<=l)=   102  failures=0  min slack=2 at (13, 0, 1, 0, 0, 0, 1, (0, 1, 1, 0), 2, 0)
p= 7 n=  15 L=1 a=  2 r=1 : off-regime cells(k<=l)=   115  failures=0  min slack=2 at (15, 0, 2, 0, 0, 0, 2, (0, 0, 0, 0), 2, 0)
p= 7 n=  17 L=1 a=  2 r=3 : off-regime cells(k<=l)=   123  failures=0  min slack=1 at (17, 1, 3, 0, 0, 1, 3, (0, 0, 1, 0), 1, 0)
p= 7 n=  19 L=1 a=  2 r=5 : off-regime cells(k<=l)=   195  failures=0  min slack=1 at (19, 1, 1, 0, 0, 1, 1, (0, 0, 1, 0), 1, 0)
p= 7 n=  21 L=1 a=  3 r=0 : off-regime cells(k<=l)=   243  failures=0  min slack=2 at (21, 0, 1, 0, 0, 0, 1, (0, 0, 0, 0), 2, 0)
p= 7 n=  23 L=1 a=  3 r=2 : off-regime cells(k<=l)=   222  failures=0  min slack=2 at (23, 0, 3, 0, 0, 0, 3, (0, 0, 0, 0), 2, 0)
p= 7 n=  25 L=1 a=  3 r=4 : off-regime cells(k<=l)=   299  failures=0  min slack=1 at (25, 0, 24, 0, 3, 0, 3, (0, 1, 1, 0), 4, -3)
p= 7 n=  27 L=1 a=  3 r=6 : off-regime cells(k<=l)=   396  failures=0  min slack=1 at (27, 0, 22, 0, 3, 0, 1, (0, 1, 1, 0), 4, -3)
p= 7 n=  29 L=1 a=  4 r=1 : off-regime cells(k<=l)=   410  failures=0  min slack=1 at (29, 0, 23, 0, 3, 0, 2, (0, 0, 0, 0), 4, -3)
p= 7 n=  31 L=1 a=  4 r=3 : off-regime cells(k<=l)=   398  failures=0  min slack=0 at (31, 1, 24, 0, 3, 1, 3, (0, 0, 1, 0), 3, -3)
p= 7 n=  33 L=1 a=  4 r=5 : off-regime cells(k<=l)=   555  failures=0  min slack=0 at (33, 1, 22, 0, 3, 1, 1, (0, 0, 1, 0), 3, -3)
p= 7 n=  35 L=1 a=  5 r=0 : off-regime cells(k<=l)=   645  failures=0  min slack=1 at (35, 0, 15, 0, 2, 0, 1, (0, 0, 0, 0), 4, -3)
p= 7 n=  37 L=1 a=  5 r=2 : off-regime cells(k<=l)=   570  failures=0  min slack=1 at (37, 0, 17, 0, 2, 0, 3, (0, 0, 0, 0), 4, -3)
p= 7 n=  39 L=1 a=  5 r=4 : off-regime cells(k<=l)=   706  failures=0  min slack=0 at (39, 1, 16, 0, 2, 1, 2, (0, 0, 1, 0), 3, -3)
p= 7 n=  41 L=1 a=  5 r=6 : off-regime cells(k<=l)=   882  failures=0  min slack=1 at (41, 0, 8, 0, 1, 0, 1, (0, 1, 1, 0), 4, -3)
p= 7 n=  43 L=1 a=  6 r=1 : off-regime cells(k<=l)=   885  failures=0  min slack=1 at (43, 0, 9, 0, 1, 0, 2, (0, 0, 0, 0), 4, -3)
p= 7 n=  45 L=1 a=  6 r=3 : off-regime cells(k<=l)=   829  failures=0  min slack=0 at (45, 1, 10, 0, 1, 1, 3, (0, 0, 1, 0), 3, -3)
p= 7 n=  47 L=1 a=  6 r=5 : off-regime cells(k<=l)=  1099  failures=0  min slack=0 at (47, 1, 8, 0, 1, 1, 1, (0, 0, 1, 0), 3, -3)
p=11 n=  11 L=1 a=  1 r=0 : off-regime cells(k<=l)=    75  failures=0  min slack=2 at (11, 0, 1, 0, 0, 0, 1, (0, 0, 0, 0), 2, 0)
p=11 n=  16 L=1 a=  1 r=5 : off-regime cells(k<=l)=   108  failures=0  min slack=1 at (16, 1, 5, 0, 0, 1, 5, (0, 0, 1, 0), 1, 0)
p=11 n=  21 L=1 a=  1 r=10 : off-regime cells(k<=l)=   250  failures=0  min slack=2 at (21, 0, 1, 0, 0, 0, 1, (0, 1, 1, 0), 2, 0)
p=11 n=  26 L=1 a=  2 r=4 : off-regime cells(k<=l)=   273  failures=0  min slack=1 at (26, 3, 4, 0, 0, 3, 4, (0, 0, 1, 0), 1, 0)
p=11 n=  31 L=1 a=  2 r=9 : off-regime cells(k<=l)=   513  failures=0  min slack=1 at (31, 1, 1, 0, 0, 1, 1, (0, 0, 1, 0), 1, 0)
p=11 n=  36 L=1 a=  3 r=3 : off-regime cells(k<=l)=   567  failures=0  min slack=2 at (36, 0, 4, 0, 0, 0, 4, (0, 0, 0, 0), 2, 0)
p=11 n=  41 L=1 a=  3 r=8 : off-regime cells(k<=l)=   851  failures=0  min slack=1 at (41, 1, 2, 0, 0, 1, 2, (0, 0, 1, 0), 1, 0)
p=11 n=  46 L=1 a=  4 r=2 : off-regime cells(k<=l)=  1008  failures=0  min slack=2 at (46, 0, 3, 0, 0, 0, 3, (0, 0, 0, 0), 2, 0)
p=11 n=  51 L=1 a=  4 r=7 : off-regime cells(k<=l)=  1248  failures=0  min slack=1 at (51, 1, 3, 0, 0, 1, 3, (0, 0, 1, 0), 1, 0)
p=11 n=  56 L=1 a=  5 r=1 : off-regime cells(k<=l)=  1575  failures=0  min slack=2 at (56, 0, 2, 0, 0, 0, 2, (0, 0, 0, 0), 2, 0)
p=11 n=  61 L=1 a=  5 r=6 : off-regime cells(k<=l)=  1674  failures=0  min slack=1 at (61, 0, 60, 0, 5, 0, 5, (0, 1, 1, 0), 4, -3)
p=11 n=  66 L=1 a=  6 r=0 : off-regime cells(k<=l)=  2250  failures=0  min slack=1 at (66, 0, 56, 0, 5, 0, 1, (0, 0, 0, 0), 4, -3)
p=11 n=  71 L=1 a=  6 r=5 : off-regime cells(k<=l)=  2103  failures=0  min slack=0 at (71, 1, 60, 0, 5, 1, 5, (0, 0, 1, 0), 3, -3)
p=11 n=  76 L=1 a=  6 r=10 : off-regime cells(k<=l)=  2975  failures=0  min slack=1 at (76, 0, 45, 0, 4, 0, 1, (0, 1, 1, 0), 4, -3)
p=11 n=  81 L=1 a=  7 r=4 : off-regime cells(k<=l)=  2683  failures=0  min slack=0 at (81, 3, 59, 0, 5, 3, 4, (0, 0, 1, 0), 3, -3)
p=11 n=  86 L=1 a=  7 r=9 : off-regime cells(k<=l)=  3728  failures=0  min slack=0 at (86, 1, 56, 0, 5, 1, 1, (0, 0, 1, 0), 3, -3)
p=11 n=  91 L=1 a=  8 r=3 : off-regime cells(k<=l)=  3612  failures=0  min slack=1 at (91, 0, 37, 0, 3, 0, 4, (0, 0, 0, 0), 4, -3)
p=11 n=  96 L=1 a=  8 r=8 : off-regime cells(k<=l)=  4501  failures=0  min slack=0 at (96, 1, 35, 0, 3, 1, 2, (0, 0, 1, 0), 3, -3)
p=11 n= 101 L=1 a=  9 r=2 : off-regime cells(k<=l)=  4788  failures=0  min slack=1 at (101, 0, 25, 0, 2, 0, 3, (0, 0, 0, 0), 4, -3)
p=11 n= 106 L=1 a=  9 r=7 : off-regime cells(k<=l)=  5268  failures=0  min slack=0 at (106, 1, 25, 0, 2, 1, 3, (0, 0, 1, 0), 3, -3)
p=11 n= 111 L=1 a= 10 r=1 : off-regime cells(k<=l)=  6075  failures=0  min slack=1 at (111, 0, 13, 0, 1, 0, 2, (0, 0, 0, 0), 4, -3)
p=11 n= 116 L=1 a= 10 r=6 : off-regime cells(k<=l)=  5979  failures=0  min slack=0 at (116, 1, 15, 0, 1, 1, 4, (0, 0, 1, 0), 3, -3)
p=13 n=  13 L=1 a=  1 r=0 : off-regime cells(k<=l)=   102  failures=0  min slack=2 at (13, 0, 1, 0, 0, 0, 1, (0, 0, 0, 0), 2, 0)
p=13 n=  20 L=1 a=  1 r=7 : off-regime cells(k<=l)=   186  failures=0  min slack=1 at (20, 1, 5, 0, 0, 1, 5, (0, 0, 1, 0), 1, 0)
p=13 n=  27 L=1 a=  2 r=1 : off-regime cells(k<=l)=   385  failures=0  min slack=2 at (27, 0, 2, 0, 0, 0, 2, (0, 0, 0, 0), 2, 0)
p=13 n=  34 L=1 a=  2 r=8 : off-regime cells(k<=l)=   558  failures=0  min slack=1 at (34, 1, 4, 0, 0, 1, 4, (0, 0, 1, 0), 1, 0)
p=13 n=  41 L=1 a=  3 r=2 : off-regime cells(k<=l)=   825  failures=0  min slack=2 at (41, 0, 3, 0, 0, 0, 3, (0, 0, 0, 0), 2, 0)
p=13 n=  48 L=1 a=  3 r=9 : off-regime cells(k<=l)=  1141  failures=0  min slack=1 at (48, 1, 3, 0, 0, 1, 3, (0, 0, 1, 0), 1, 0)
p=13 n=  55 L=1 a=  4 r=3 : off-regime cells(k<=l)=  1386  failures=0  min slack=2 at (55, 0, 4, 0, 0, 0, 4, (0, 0, 0, 0), 2, 0)
p=13 n=  62 L=1 a=  4 r=10 : off-regime cells(k<=l)=  1936  failures=0  min slack=1 at (62, 1, 15, 0, 1, 1, 2, (0, 0, 1, 0), 1, 0)
p=13 n=  69 L=1 a=  5 r=4 : off-regime cells(k<=l)=  2020  failures=0  min slack=2 at (69, 0, 5, 0, 0, 0, 5, (0, 0, 0, 0), 2, 0)
p=13 n=  76 L=1 a=  5 r=11 : off-regime cells(k<=l)=  2946  failures=0  min slack=1 at (76, 1, 1, 0, 0, 1, 1, (0, 0, 1, 0), 1, 0)
p=13 n=  83 L=1 a=  6 r=5 : off-regime cells(k<=l)=  2821  failures=0  min slack=1 at (83, 3, 5, 0, 0, 3, 5, (0, 0, 1, 0), 1, 0)
p=13 n=  90 L=1 a=  6 r=12 : off-regime cells(k<=l)=  4158  failures=0  min slack=1 at (90, 0, 79, 0, 6, 0, 1, (0, 1, 1, 0), 4, -3)
p=13 n=  97 L=1 a=  7 r=6 : off-regime cells(k<=l)=  3939  failures=0  min slack=0 at (97, 1, 84, 0, 6, 1, 6, (0, 0, 1, 0), 3, -3)
p=13 n= 104 L=1 a=  8 r=0 : off-regime cells(k<=l)=  5520  failures=0  min slack=1 at (104, 0, 66, 0, 5, 0, 1, (0, 0, 0, 0), 4, -3)
p=13 n= 111 L=1 a=  8 r=7 : off-regime cells(k<=l)=  5464  failures=0  min slack=0 at (111, 1, 70, 0, 5, 1, 5, (0, 0, 1, 0), 3, -3)
p=13 n= 118 L=1 a=  9 r=1 : off-regime cells(k<=l)=  6930  failures=0  min slack=1 at (118, 0, 67, 0, 5, 0, 2, (0, 0, 0, 0), 4, -3)
p=13 n= 125 L=1 a=  9 r=8 : off-regime cells(k<=l)=  7236  failures=0  min slack=0 at (125, 1, 56, 0, 4, 1, 4, (0, 0, 1, 0), 3, -3)
p=13 n= 132 L=1 a= 10 r=2 : off-regime cells(k<=l)=  8350  failures=0  min slack=1 at (132, 0, 55, 0, 4, 0, 3, (0, 0, 0, 0), 4, -3)
p=13 n= 139 L=1 a= 10 r=9 : off-regime cells(k<=l)=  9254  failures=0  min slack=0 at (139, 1, 42, 0, 3, 1, 3, (0, 0, 1, 0), 3, -3)
p=13 n= 146 L=1 a= 11 r=3 : off-regime cells(k<=l)=  9702  failures=0  min slack=1 at (146, 0, 30, 0, 2, 0, 4, (0, 0, 0, 0), 4, -3)
p=13 n= 153 L=1 a= 11 r=10 : off-regime cells(k<=l)= 11491  failures=0  min slack=0 at (153, 1, 41, 0, 3, 1, 2, (0, 0, 1, 0), 3, -3)
p=13 n= 160 L=1 a= 12 r=4 : off-regime cells(k<=l)= 10896  failures=0  min slack=1 at (160, 0, 18, 0, 1, 0, 5, (0, 0, 0, 0), 4, -3)
p=13 n= 167 L=1 a= 12 r=11 : off-regime cells(k<=l)= 13936  failures=0  min slack=0 at (167, 1, 14, 0, 1, 1, 1, (0, 0, 1, 0), 3, -3)
== lvl1: off-regime cells checked = 174527, FAILURES = 0, global min slack = 0
   slack histogram (9 = >=9): {0: 1461, 1: 19068, 2: 42082, 3: 48025, 4: 34175, 5: 19160, 6: 5944, 7: 4198, 8: 372, 9: 42}
