p= 5 n= 125 L=3 a= 25 r=0 : off-regime cells(k<=l)=  7650  failures=0  min slack=6 at (125, 0, 1, 0, 0, 0, 1, (0, 0, 0, 0), 6, -10)
p= 5 n= 126 L=3 a= 25 r=1 : off-regime cells(k<=l)=  6750  failures=0  min slack=6 at (126, 0, 2, 0, 0, 0, 2, (0, 0, 0, 0), 6, -10)
p= 5 n= 129 L=3 a= 25 r=4 : off-regime cells(k<=l)=  8164  failures=0  min slack=4 at (129, 1, 4, 0, 0, 1, 4, (1, 1, 1, 1), 2, -8)
p= 5 n= 130 L=3 a= 26 r=0 : off-regime cells(k<=l)=  8268  failures=0  min slack=4 at (130, 0, 1, 0, 0, 0, 1, (0, 0, 0, 0), 2, -8)
p= 5 n= 149 L=3 a= 29 r=4 : off-regime cells(k<=l)= 10860  failures=0  min slack=5 at (149, 1, 24, 0, 4, 1, 4, (1, 1, 1, 1), 4, -9)
p= 5 n= 249 L=3 a= 49 r=4 : off-regime cells(k<=l)= 30100  failures=0  min slack=6 at (249, 0, 1, 0, 0, 0, 1, (0, 1, 1, 0), 6, -10)
p= 5 n= 250 L=3 a= 50 r=0 : off-regime cells(k<=l)= 30300  failures=0  min slack=6 at (250, 0, 1, 0, 0, 0, 1, (0, 0, 0, 0), 6, -10)
p= 5 n= 312 L=3 a= 62 r=2 : off-regime cells(k<=l)= 37171  failures=0  min slack=3 at (312, 1, 2, 0, 0, 1, 2, (0, 0, 1, 0), 1, -8)
p= 5 n= 373 L=3 a= 74 r=3 : off-regime cells(k<=l)= 61650  failures=0  min slack=3 at (373, 1, 1, 0, 0, 1, 1, (0, 0, 1, 0), 3, -10)
p= 5 n= 374 L=3 a= 74 r=4 : off-regime cells(k<=l)= 67650  failures=0  min slack=5 at (374, 0, 251, 0, 50, 0, 1, (0, 1, 1, 0), 8, -13)
p= 5 n= 624 L=3 a=124 r=4 : off-regime cells(k<=l)=187750  failures=0  min slack=5 at (624, 0, 126, 0, 25, 0, 1, (0, 1, 1, 0), 8, -13)
p= 7 n= 343 L=3 a= 49 r=0 : off-regime cells(k<=l)= 58065  failures=0  min slack=6 at (343, 0, 1, 0, 0, 0, 1, (0, 0, 0, 0), 6, -10)
p= 7 n= 344 L=3 a= 49 r=1 : off-regime cells(k<=l)= 54635  failures=0  min slack=6 at (344, 0, 2, 0, 0, 0, 2, (0, 0, 0, 0), 6, -10)
p= 7 n= 350 L=3 a= 50 r=0 : off-regime cells(k<=l)= 60450  failures=0  min slack=4 at (350, 0, 344, 0, 49, 0, 1, (0, 0, 0, 0), 2, -8)
p= 7 n= 400 L=3 a= 57 r=1 : off-regime cells(k<=l)= 73815  failures=0  min slack=4 at (400, 0, 345, 0, 49, 0, 2, (0, 0, 0, 0), 2, -8)
p= 7 n= 686 L=3 a= 98 r=0 : off-regime cells(k<=l)=231378  failures=0  min slack=6 at (686, 0, 1, 0, 0, 0, 1, (0, 0, 0, 0), 6, -10)
p=11 n=1331 L=3 a=121 r=0 : off-regime cells(k<=l)=880275  failures=0  min slack=6 at (1331, 0, 1, 0, 0, 0, 1, (0, 0, 0, 0), 6, -10)
p=11 n=1332 L=3 a=121 r=1 : off-regime cells(k<=l)=859221  failures=0  min slack=6 at (1332, 0, 2, 0, 0, 0, 2, (0, 0, 0, 0), 6, -10)
p=11 n=1342 L=3 a=122 r=0 : off-regime cells(k<=l)=894870  failures=0  min slack=4 at (1342, 0, 1, 0, 0, 0, 1, (0, 0, 0, 0), 2, -8)
== lvl3: off-regime cells checked = 3569022, FAILURES = 0, global min slack = 3
   slack histogram (9 = >=9): {3: 389, 4: 629, 5: 1457, 6: 5569, 7: 11680, 8: 41974, 9: 3507324}
