representative: /home/ubuntu/fable-episode-2/zeta-math-2/work/p1g/w5_exIII_allp.json (207 terms)
(a) (DEPTH-gen): cells=15228 violations=0  trivial-pattern(J=0) violations=0  min slack=0
p= 5 n=  13 L=1 a=  2 r=3 : off-regime cells(k<=l)=    90  failures=0  min slack=1 at (13, 1, 1, 0, 0, 1, 1, (0, 0, 1, 0), 1, 0)
p= 5 n=  21 L=1 a=  4 r=1 : off-regime cells(k<=l)=   198  failures=0  min slack=1 at (21, 7, 20, 1, 4, 2, 0, (0, 0, 0, 0), 4, -3)
p= 5 n=  25 L=2 a=  5 r=0 : off-regime cells(k<=l)=   330  failures=0  min slack=4 at (25, 0, 1, 0, 0, 0, 1, (0, 0, 0, 0), 4, -5)
p= 5 n=  26 L=2 a=  5 r=1 : off-regime cells(k<=l)=   300  failures=0  min slack=4 at (26, 0, 2, 0, 0, 0, 2, (0, 0, 0, 0), 4, -5)
p= 5 n=  31 L=2 a=  6 r=1 : off-regime cells(k<=l)=   423  failures=0  min slack=3 at (31, 0, 2, 0, 0, 0, 2, (0, 0, 0, 0), 2, -4)
p= 5 n=  49 L=2 a=  9 r=4 : off-regime cells(k<=l)=  1220  failures=0  min slack=4 at (49, 0, 1, 0, 0, 0, 1, (0, 1, 1, 0), 4, -5)
p= 7 n=  15 L=1 a=  2 r=1 : off-regime cells(k<=l)=   115  failures=0  min slack=2 at (15, 0, 2, 0, 0, 0, 2, (0, 0, 0, 0), 2, 0)
p= 7 n=  30 L=1 a=  4 r=2 : off-regime cells(k<=l)=   376  failures=0  min slack=2 at (30, 0, 3, 0, 0, 0, 3, (0, 0, 0, 0), 2, 0)
p= 7 n=  49 L=2 a=  7 r=0 : off-regime cells(k<=l)=  1239  failures=0  min slack=4 at (49, 0, 1, 0, 0, 0, 1, (0, 0, 0, 0), 4, -5)
p= 7 n=  50 L=2 a=  7 r=1 : off-regime cells(k<=l)=  1190  failures=0  min slack=4 at (50, 0, 2, 0, 0, 0, 2, (0, 0, 0, 0), 4, -5)
p= 7 n=  55 L=2 a=  7 r=6 : off-regime cells(k<=l)=  1560  failures=0  min slack=3 at (55, 0, 1, 0, 0, 0, 1, (0, 1, 1, 0), 2, -4)
p=11 n=  23 L=1 a=  2 r=1 : off-regime cells(k<=l)=   279  failures=0  min slack=2 at (23, 0, 2, 0, 0, 0, 2, (0, 0, 0, 0), 2, 0)
p=11 n=  60 L=1 a=  5 r=5 : off-regime cells(k<=l)=  1504  failures=0  min slack=1 at (60, 1, 5, 0, 0, 1, 5, (0, 0, 1, 0), 1, 0)
p=11 n= 121 L=2 a= 11 r=0 : off-regime cells(k<=l)=  7425  failures=0  min slack=4 at (121, 0, 1, 0, 0, 0, 1, (0, 0, 0, 0), 4, -5)
p=11 n= 122 L=2 a= 11 r=1 : off-regime cells(k<=l)=  7326  failures=0  min slack=4 at (122, 0, 2, 0, 0, 0, 2, (0, 0, 0, 0), 4, -5)
p=13 n=  27 L=1 a=  2 r=1 : off-regime cells(k<=l)=   385  failures=0  min slack=2 at (27, 0, 2, 0, 0, 0, 2, (0, 0, 0, 0), 2, 0)
p=13 n= 100 L=1 a=  7 r=9 : off-regime cells(k<=l)=  4823  failures=0  min slack=1 at (100, 1, 3, 0, 0, 1, 3, (0, 0, 1, 0), 1, 0)
p=13 n= 169 L=2 a= 13 r=0 : off-regime cells(k<=l)= 14430  failures=0  min slack=4 at (169, 0, 1, 0, 0, 0, 1, (0, 0, 0, 0), 4, -5)
(b) (GAP-DESC) off-regime cells=43213 failures=0 min slack=1
