p= 5 n=  25 L=2 : in-regime cells=    36 fail=0 minslack=6 | off-regime cells=   640 fail=0 minslack=4 | v_p(sum T*E) >= -1 (target -5)
p= 5 n=  26 L=2 : in-regime cells=   144 fail=0 minslack=2 | off-regime cells=   585 fail=0 minslack=4 | v_p(sum T*E) >= -3 (target -5)
p= 5 n=  33 L=2 : in-regime cells=   147 fail=0 minslack=2 | off-regime cells=  1009 fail=0 minslack=2 | v_p(sum T*E) >= -3 (target -5)
p= 5 n=  44 L=2 : in-regime cells=    81 fail=0 minslack=4 | off-regime cells=  1944 fail=0 minslack=3 | v_p(sum T*E) >= -2 (target -5)
p= 5 n=  60 L=2 : in-regime cells=   169 fail=0 minslack=4 | off-regime cells=  3552 fail=0 minslack=3 | v_p(sum T*E) >= -2 (target -5)
p= 5 n=  99 L=2 : in-regime cells=   400 fail=0 minslack=5 | off-regime cells=  9600 fail=0 minslack=3 | v_p(sum T*E) >= -2 (target -5)
p= 5 n= 124 L=2 : in-regime cells=   625 fail=0 minslack=6 | off-regime cells= 15000 fail=0 minslack=3 | v_p(sum T*E) >= 0 (target -5)
p= 7 n=  49 L=2 : in-regime cells=    64 fail=0 minslack=6 | off-regime cells=  2436 fail=0 minslack=4 | v_p(sum T*E) >= -1 (target -5)
p= 7 n=  50 L=2 : in-regime cells=   256 fail=0 minslack=2 | off-regime cells=  2345 fail=0 minslack=4 | v_p(sum T*E) >= -3 (target -5)
p= 7 n=  62 L=2 : in-regime cells=    81 fail=0 minslack=4 | off-regime cells=  3888 fail=0 minslack=3 | v_p(sum T*E) >= -2 (target -5)
p= 7 n=  97 L=2 : in-regime cells=   196 fail=0 minslack=6 | off-regime cells=  9408 fail=0 minslack=4 | v_p(sum T*E) >= -1 (target -5)
p= 7 n= 150 L=2 : in-regime cells=  4840 fail=0 minslack=2 | off-regime cells= 17961 fail=0 minslack=2 | v_p(sum T*E) >= -2 (target -5)
p=11 n= 121 L=2 : in-regime cells=   144 fail=0 minslack=6 | off-regime cells= 14740 fail=0 minslack=4 | v_p(sum T*E) >= -1 (target -5)
p=11 n= 130 L=2 : in-regime cells=   432 fail=0 minslack=2 | off-regime cells= 16729 fail=0 minslack=2 | v_p(sum T*E) >= -3 (target -5)
p=11 n= 200 L=2 : in-regime cells=  3249 fail=0 minslack=2 | off-regime cells= 37152 fail=0 minslack=3 | v_p(sum T*E) >= -3 (target -5)
p=13 n= 169 L=2 : in-regime cells=   196 fail=0 minslack=6 | off-regime cells= 28704 fail=0 minslack=4 | v_p(sum T*E) >= -1 (target -5)
p=13 n= 180 L=2 : in-regime cells=   588 fail=0 minslack=2 | off-regime cells= 32173 fail=0 minslack=2 | v_p(sum T*E) >= -3 (target -5)
p= 5 n= 125 L=3 : in-regime cells=   676 fail=0 minslack=9 | off-regime cells= 15200 fail=0 minslack=6 | v_p(sum T*E) >= -4 (target -10)
p= 5 n= 130 L=3 : in-regime cells=   729 fail=0 minslack=5 | off-regime cells= 16432 fail=0 minslack=4 | v_p(sum T*E) >= -5 (target -10)
p= 7 n= 343 L=3 : in-regime cells=  2500 fail=0 minslack=9 | off-regime cells=115836 fail=0 minslack=6 | v_p(sum T*E) >= -4 (target -10)
TOTAL in-regime: 15553 cells, 0 failures, min slack 2
TOTAL off-regime: 345334 cells, 0 failures, min slack 2
