n=13 p=4194301 W=5 H1 slack=10 bideg=(36,36) nc=2738 J=1270 blocks=261 rows=4233 ratio=1.54 rank(Msc)=2113  [pd 6s sys 7s elim 59s ns 1s]
   per-block codim histogram {5: 135, 6: 81, 8: 45}   (|up| = 10; codim == |up| means NOTHING admissible)
   blocks with codim == |up| : 0 of 261  --> ansatz responds
   >>> dim W_tel(n=13) = 449   (of J = 1270)
n=17 p=4194301 W=5 H1 slack=10 bideg=(36,36) nc=2738 J=1270 blocks=261 rows=4233 ratio=1.54 rank(Msc)=2113  [pd 3s sys 6s elim 49s ns 1s]
   per-block codim histogram {5: 135, 6: 81, 8: 45}   (|up| = 10; codim == |up| means NOTHING admissible)
   blocks with codim == |up| : 0 of 261  --> ansatz responds
   >>> dim W_tel(n=17) = 449   (of J = 1270)
A5 rows = 501 ; J = 1270 ; blocks = 261
families: {'(1, 1)': 45, '(1, 2)': 81, '(1, 3)': 81, '(2, 2)': 45, '(4,)': 9}
   (1, 1)                                   dim W = 910   rank A5(W) = 420  nbad = 0    YES
   (1, 2)                                   dim W = 919   rank A5(W) = 406  nbad = 0    YES
   (1, 3)                                   dim W = 955   rank A5(W) = 451  nbad = 0    YES
   (2, 2)                                   dim W = 1045  rank A5(W) = 430  nbad = 0    YES
   (4,)                                     dim W = 1225  rank A5(W) = 501  nbad = 0    YES
   (1, 1)+(1, 2)                            dim W = 559   rank A5(W) = 267  nbad = 234  NO   <-- MINIMAL EXCLUDING SUBSET
   (1, 1)+(1, 3)                            dim W = 875   rank A5(W) = 407  nbad = 0    YES
   (1, 1)+(2, 2)                            dim W = 685   rank A5(W) = 294  nbad = 0    YES
   (1, 1)+(4,)                              dim W = 865   rank A5(W) = 393  nbad = 0    YES
   (1, 2)+(1, 3)                            dim W = 604   rank A5(W) = 298  nbad = 203  NO   <-- MINIMAL EXCLUDING SUBSET
   (1, 2)+(2, 2)                            dim W = 889   rank A5(W) = 388  nbad = 0    YES
   (1, 2)+(4,)                              dim W = 874   rank A5(W) = 379  nbad = 0    YES
   (1, 3)+(2, 2)                            dim W = 730   rank A5(W) = 325  nbad = 0    YES
   (1, 3)+(4,)                              dim W = 910   rank A5(W) = 424  nbad = 0    YES
   (2, 2)+(4,)                              dim W = 1000  rank A5(W) = 403  nbad = 0    YES
   (1, 1)+(1, 2)+(1, 3)                     dim W = 524   rank A5(W) = 254  nbad = 247  NO 
   (1, 1)+(1, 2)+(2, 2)                     dim W = 529   rank A5(W) = 249  nbad = 252  NO 
   (1, 1)+(1, 2)+(4,)                       dim W = 514   rank A5(W) = 240  nbad = 261  NO 
   (1, 1)+(1, 3)+(2, 2)                     dim W = 650   rank A5(W) = 281  nbad = 0    YES
   (1, 1)+(1, 3)+(4,)                       dim W = 830   rank A5(W) = 380  nbad = 0    YES
   (1, 1)+(2, 2)+(4,)                       dim W = 640   rank A5(W) = 267  nbad = 0    YES
   (1, 2)+(1, 3)+(2, 2)                     dim W = 574   rank A5(W) = 280  nbad = 221  NO 
   (1, 2)+(1, 3)+(4,)                       dim W = 559   rank A5(W) = 271  nbad = 230  NO 
   (1, 2)+(2, 2)+(4,)                       dim W = 844   rank A5(W) = 361  nbad = 0    YES
   (1, 3)+(2, 2)+(4,)                       dim W = 685   rank A5(W) = 298  nbad = 0    YES
   (1, 1)+(1, 2)+(1, 3)+(2, 2)              dim W = 494   rank A5(W) = 236  nbad = 265  NO 
   (1, 1)+(1, 2)+(1, 3)+(4,)                dim W = 479   rank A5(W) = 227  nbad = 274  NO 
   (1, 1)+(1, 2)+(2, 2)+(4,)                dim W = 484   rank A5(W) = 222  nbad = 279  NO 
   (1, 1)+(1, 3)+(2, 2)+(4,)                dim W = 605   rank A5(W) = 254  nbad = 0    YES
   (1, 2)+(1, 3)+(2, 2)+(4,)                dim W = 529   rank A5(W) = 253  nbad = 248  NO 
   (1, 1)+(1, 2)+(1, 3)+(2, 2)+(4,)         dim W = 449   rank A5(W) = 209  nbad = 292  NO 
