p=11 a= 1  v_p(S_j)=[0, None, None, None, None, None]   need j  -> ['OK', 'OK', 'OK', 'OK', 'OK', 'OK']
p=11 a= 2  v_p(S_j)=[0, None, None, None, None, None]   need j  -> ['OK', 'OK', 'OK', 'OK', 'OK', 'OK']
p=11 a= 3  v_p(S_j)=[0, None, None, None, None, None]   need j  -> ['OK', 'OK', 'OK', 'OK', 'OK', 'OK']
p=11 a= 4  v_p(S_j)=[0, 1, None, None, None, None]   need j  -> ['OK', 'OK', 'OK', 'OK', 'OK', 'OK']
p=11 a= 5  v_p(S_j)=[0, 1, None, None, None, None]   need j  -> ['OK', 'OK', 'OK', 'OK', 'OK', 'OK']
p=11 a= 6  v_p(S_j)=[0, 1, 2, 3, None, None]   need j  -> ['OK', 'OK', 'OK', 'OK', 'OK', 'OK']
p=11 a= 7  v_p(S_j)=[0, 1, 2, 3, None, None]   need j  -> ['OK', 'OK', 'OK', 'OK', 'OK', 'OK']
p=11 a= 8  v_p(S_j)=[1, 1, 2, 3, None, None]   need j  -> ['OK', 'OK', 'OK', 'OK', 'OK', 'OK']
p=11 a= 9  v_p(S_j)=[0, 1, 2, 3, None, None]   need j  -> ['OK', 'OK', 'OK', 'OK', 'OK', 'OK']
p=11 a=10  v_p(S_j)=[2, 3, 2, 3, None, None]   need j  -> ['OK', 'OK', 'OK', 'OK', 'OK', 'OK']
p=11 cells=505  rec-bad=0  nonintegral-K=0  cap-viol=0
p=13 a= 1  v_p(S_j)=[0, None, None, None, None, None]   need j  -> ['OK', 'OK', 'OK', 'OK', 'OK', 'OK']
p=13 a= 2  v_p(S_j)=[0, None, None, None, None, None]   need j  -> ['OK', 'OK', 'OK', 'OK', 'OK', 'OK']
p=13 a= 3  v_p(S_j)=[0, None, None, None, None, None]   need j  -> ['OK', 'OK', 'OK', 'OK', 'OK', 'OK']
p=13 a= 4  v_p(S_j)=[0, None, None, None, None, None]   need j  -> ['OK', 'OK', 'OK', 'OK', 'OK', 'OK']
p=13 a= 5  v_p(S_j)=[0, 1, None, None, None, None]   need j  -> ['OK', 'OK', 'OK', 'OK', 'OK', 'OK']
p=13 a= 6  v_p(S_j)=[0, 1, None, None, None, None]   need j  -> ['OK', 'OK', 'OK', 'OK', 'OK', 'OK']
p=13 a= 7  v_p(S_j)=[0, 1, 2, 3, None, None]   need j  -> ['OK', 'OK', 'OK', 'OK', 'OK', 'OK']
p=13 a= 8  v_p(S_j)=[0, 1, 2, 3, None, None]   need j  -> ['OK', 'OK', 'OK', 'OK', 'OK', 'OK']
p=13 a= 9  v_p(S_j)=[0, 1, 2, 3, None, None]   need j  -> ['OK', 'OK', 'OK', 'OK', 'OK', 'OK']
p=13 a=10  v_p(S_j)=[0, 1, 2, 3, None, None]   need j  -> ['OK', 'OK', 'OK', 'OK', 'OK', 'OK']
p=13 a=11  v_p(S_j)=[0, 1, 2, 3, None, None]   need j  -> ['OK', 'OK', 'OK', 'OK', 'OK', 'OK']
p=13 a=12  v_p(S_j)=[2, 3, 2, 3, None, None]   need j  -> ['OK', 'OK', 'OK', 'OK', 'OK', 'OK']
p=13 cells=818  rec-bad=0  nonintegral-K=0  cap-viol=0
