family size 17 (1 base + 16 free directions)
n=9 m=3 F1 slack=16 nc=2178 npts=3089 ratio=1.42 rank(Msc)=1502 letter-block residuals=0  [61s]
    () -block admissible lam-directions: 1 of 1
    CONTROL w=1 (Q row): () -block admissible = 1   ansatz ADEQUATE
n=9 m=3 F1 slack=16 nc=2178 npts=3089 ratio=1.41 rank(Msc)=1502 letter-block residuals=0  [101s]
    () -block admissible lam-directions: 7 of 17
    cumulative lam-space through n=9 : dim 7 ; with lam_0 != 0 : YES -> CERTIFICATE CANDIDATE
    saved wgood (support 47)
n=11 m=3 F1 slack=16 nc=2178 npts=3089 ratio=1.42 rank(Msc)=1502 letter-block residuals=0  [72s]
    () -block admissible lam-directions: 1 of 1
    CONTROL w=1 (Q row): () -block admissible = 1   ansatz ADEQUATE
n=11 m=3 F1 slack=16 nc=2178 npts=3089 ratio=1.41 rank(Msc)=1502 letter-block residuals=0  [62s]
    () -block admissible lam-directions: 7 of 17
    cumulative lam-space through n=11 : dim 6 ; with lam_0 != 0 : NO member of the family closes ()
n=13 m=3 F1 slack=16 nc=2178 npts=3089 ratio=1.42 rank(Msc)=1502 letter-block residuals=0  [34s]
    () -block admissible lam-directions: 1 of 1
    CONTROL w=1 (Q row): () -block admissible = 1   ansatz ADEQUATE
n=13 m=3 F1 slack=16 nc=2178 npts=3089 ratio=1.41 rank(Msc)=1502 letter-block residuals=0  [55s]
    () -block admissible lam-directions: 7 of 17
    cumulative lam-space through n=13 : dim 6 ; with lam_0 != 0 : NO member of the family closes ()
n=17 m=3 F1 slack=16 nc=2178 npts=3089 ratio=1.42 rank(Msc)=1502 letter-block residuals=0  [43s]
    () -block admissible lam-directions: 1 of 1
    CONTROL w=1 (Q row): () -block admissible = 1   ansatz ADEQUATE
n=17 m=3 F1 slack=16 nc=2178 npts=3089 ratio=1.41 rank(Msc)=1502 letter-block residuals=0  [37s]
    () -block admissible lam-directions: 7 of 17
    cumulative lam-space through n=17 : dim 6 ; with lam_0 != 0 : NO member of the family closes ()
