
================ FAMILY franel (dim 2, ('R2', 7, 2, -8, 0), target eps^2) ========
  A(n) direct sum == binomial table AND satisfies recurrence, n<=12: PASS
  validation franel atom ((0, 1), (0, 1)) at (n,cell)=(7,(2,)): PASS
[franel linear target eps^2 p=4194301] system (87, 28) (3 blocks) rank=6 null=22 b!=0 possible: True  zeta-comp B: {'r2.z2': False}
  minimal-support solution (b=1): 2 atoms
    c((-2, -2),) = 1/12  (mod-p 3844776)
    c((-2, -1),) = -1/12  (mod-p 349525)
    aux[r2:B] = 1  (mod-p 1)
    aux[r2.z2:A] = -1/4  (mod-p 1048575)
  EXACT-Q verification (all blocks, n<=25): PASS
  DISCOVERED: sum_cells S(n,.) * w(n,.) = 1 * B(n) + 0 * A(n), w =
      3/8 * H2[k]
      -1/8 * H2[n-k]
      -3/2 * H1[n]*H1[k]
      3/2 * H1[n]*H1[n-k]
      9/8 * H1[k]*H1[k]
      -3/4 * H1[k]*H1[n-k]
      -3/8 * H1[n-k]*H1[n-k]
  saved -> eps43_franel.pkl
[franel linear CONFIRM target eps^2 p=4194247] system (87, 28) (3 blocks) rank=6 null=22 b!=0 possible: True  zeta-comp B: {'r2.z2': False}
  second prime 4194247 confirms b!=0: True
  control compare: discovered - b*known has 6 monomials; checking sum_cells S*diff == a*A(n), n<=20
  control compare (difference = pure A-multiple / null weight): PASS
[franel linear target eps^3 p=4194301] system (174, 32) (6 blocks) rank=13 null=19 b!=0 possible: False  zeta-comp B: {'r3.z2': False, 'r3.z3': False}
[franel quadratic target eps^3 p=4194301] system (174, 232) (6 blocks) rank=15 null=217 b!=0 possible: True  zeta-comp B: {'r3.z2': False, 'r3.z3': False}
  minimal-support solution (b=1): 2 atoms
    c((-2, -2), (-1, -1)) = 1/24  (mod-p 1922388)
    c((-2, -2), (-1, 0)) = -1/24  (mod-p 2271913)
    aux[r3:B] = 1  (mod-p 1)
    aux[r3.z2:A] = -1/4  (mod-p 1048575)
  EXACT-Q verification (all blocks, n<=25): PASS
  DISCOVERED: sum_cells S(n,.) * w(n,.) = 1 * B(n) + 0 * A(n), w =
      1/4 * H2[k]
      -3/4 * H1[n]*H1[k]
      3/4 * H1[n]*H1[n-k]
      3/4 * H1[k]*H1[k]
      -3/4 * H1[k]*H1[n-k]
  saved -> eps43_franel.pkl
[franel quadratic CONFIRM target eps^3 p=4194247] system (174, 232) (6 blocks) rank=15 null=217 b!=0 possible: True  zeta-comp B: {'r3.z2': False, 'r3.z3': False}
  second prime 4194247 confirms b!=0: True
  control compare: discovered - b*known has 6 monomials; checking sum_cells S*diff == a*A(n), n<=20
  control compare (difference = pure A-multiple / null weight): PASS
  family franel verdicts: {2: (True, 'linear'), 3: (True, 'quadratic')}  (1s)

================ FAMILY D (dim 2, ('R2', 11, 3, -1, 0), target eps^2) ========
  A(n) direct sum == binomial table AND satisfies recurrence, n<=12: PASS
  validation D atom ((0, 1), (0, 1)) at (n,cell)=(7,(2,)): PASS
[D linear target eps^2 p=4194301] system (87, 28) (3 blocks) rank=7 null=21 b!=0 possible: True  zeta-comp B: {'r2.z2': False}
  minimal-support solution (b=1): 3 atoms
    c((-2, -2),) = 3/20  (mod-p 3565156)
    c((-2, -1),) = -1/5  (mod-p 838860)
    c((-2, 0),) = 1/20  (mod-p 3984586)
    aux[r2:B] = 1  (mod-p 1)
    aux[r2.z2:A] = -1/5  (mod-p 838860)
  EXACT-Q verification (all blocks, n<=25): PASS
  DISCOVERED: sum_cells S(n,.) * w(n,.) = 1 * B(n) + 0 * A(n), w =
      3/5 * H2[k]
      -2/5 * H2[n+k]
      -3/5 * H1[n]*H1[k]
      2/5 * H1[n]*H1[n-k]
      1/5 * H1[n]*H1[n+k]
      9/5 * H1[k]*H1[k]
      -6/5 * H1[k]*H1[n-k]
      -9/5 * H1[k]*H1[n+k]
      4/5 * H1[n-k]*H1[n+k]
      2/5 * H1[n+k]*H1[n+k]
  saved -> eps43_D.pkl
[D linear CONFIRM target eps^2 p=4194247] system (87, 28) (3 blocks) rank=7 null=21 b!=0 possible: True  zeta-comp B: {'r2.z2': False}
  second prime 4194247 confirms b!=0: True
  control compare: discovered - b*known has 11 monomials; checking sum_cells S*diff == a*A(n), n<=20
  control compare (difference = pure A-multiple / null weight): PASS
[D linear target eps^3 p=4194301] system (174, 32) (6 blocks) rank=16 null=16 b!=0 possible: False  zeta-comp B: {'r3.z2': False, 'r3.z3': False}
[D quadratic target eps^3 p=4194301] system (174, 232) (6 blocks) rank=19 null=213 b!=0 possible: True  zeta-comp B: {'r3.z2': False, 'r3.z3': False}
  minimal-support solution (b=1): 2 atoms
    c((-2, -2), (-1, -1)) = 1/10  (mod-p 3774871)
    c((-2, -2), (-1, 0)) = -1/10  (mod-p 419430)
    aux[r3:B] = 1  (mod-p 1)
    aux[r3.z2:A] = -1/5  (mod-p 838860)
  EXACT-Q verification (all blocks, n<=25): PASS
  DISCOVERED: sum_cells S(n,.) * w(n,.) = 1 * B(n) + 0 * A(n), w =
      3/5 * H2[k]
      -2/5 * H2[n+k]
      -3/5 * H1[n]*H1[k]
      2/5 * H1[n]*H1[n-k]
      1/5 * H1[n]*H1[n+k]
      9/5 * H1[k]*H1[k]
      -6/5 * H1[k]*H1[n-k]
      -9/5 * H1[k]*H1[n+k]
      4/5 * H1[n-k]*H1[n+k]
      2/5 * H1[n+k]*H1[n+k]
  saved -> eps43_D.pkl
[D quadratic CONFIRM target eps^3 p=4194247] system (174, 232) (6 blocks) rank=19 null=213 b!=0 possible: True  zeta-comp B: {'r3.z2': False, 'r3.z3': False}
  second prime 4194247 confirms b!=0: True
  control compare: discovered - b*known has 11 monomials; checking sum_cells S*diff == a*A(n), n<=20
  control compare (difference = pure A-multiple / null weight): PASS
  family D verdicts: {2: (True, 'linear'), 3: (True, 'quadratic')}  (1s)

================ FAMILY zagierB (dim 2, ('R2', 9, 3, 27, 0), target eps^2) ========
  A(n) direct sum == binomial table AND satisfies recurrence, n<=12: PASS
  validation zagierB atom ((0, 1), (0, 1)) at (n,cell)=(7,(2,)): PASS
[zagierB linear target eps^2 p=4194301] system (87, 28) (3 blocks) rank=9 null=19 b!=0 possible: False  zeta-comp B: {'r2.z2': False}
[zagierB quadratic target eps^2 p=4194301] system (87, 228) (3 blocks) rank=11 null=217 b!=0 possible: False  zeta-comp B: {'r2.z2': False}
[zagierB linear target eps^3 p=4194301] system (174, 32) (6 blocks) rank=17 null=15 b!=0 possible: False  zeta-comp B: {'r3.z2': False, 'r3.z3': False}
[zagierB quadratic target eps^3 p=4194301] system (174, 232) (6 blocks) rank=22 null=210 b!=0 possible: False  zeta-comp B: {'r3.z2': False, 'r3.z3': False}
  family zagierB verdicts: {2: (False, 'linear+quadratic'), 3: (False, 'linear+quadratic')}  (1s)

================ FAMILY delta (dim 2, ('R3', 7, 3, 81, 0), target eps^3) ========
  A(n) direct sum == binomial table AND satisfies recurrence, n<=12: PASS
  validation delta atom ((0, 1), (0, 1)) at (n,cell)=(7,(2,)): PASS
[delta linear target eps^3 p=4194301] system (174, 32) (6 blocks) rank=17 null=15 b!=0 possible: False  zeta-comp B: {'r3.z2': False, 'r3.z3': False}
[delta quadratic target eps^3 p=4194301] system (174, 232) (6 blocks) rank=22 null=210 b!=0 possible: False  zeta-comp B: {'r3.z2': False, 'r3.z3': False}
[delta linear target eps^2 p=4194301] system (87, 28) (3 blocks) rank=9 null=19 b!=0 possible: False  zeta-comp B: {'r2.z2': False}
[delta quadratic target eps^2 p=4194301] system (87, 228) (3 blocks) rank=11 null=217 b!=0 possible: False  zeta-comp B: {'r2.z2': False}
  family delta verdicts: {3: (False, 'linear+quadratic'), 2: (False, 'linear+quadratic')}  (1s)

================ FAMILY zeta (dim 3, ('R3', 9, 3, -27, 0), target eps^3) ========
  A(n) direct sum == binomial table AND satisfies recurrence, n<=12: PASS
  validation zeta atom ((0, 0, 1), (0, 1, 0)) at (n,cell)=(7,(5, 2)): PASS
[zeta linear target eps^3 p=4194301] system (174, 132) (6 blocks) rank=27 null=105 b!=0 possible: False  zeta-comp B: {'r3.z2': False, 'r3.z3': False}
[zeta quadratic target eps^3 p=4194301] system (174, 3382) (6 blocks) rank=36 null=3346 b!=0 possible: False  zeta-comp B: {'r3.z2': False, 'r3.z3': False}
[zeta linear target eps^2 p=4194301] system (87, 128) (3 blocks) rank=13 null=115 b!=0 possible: False  zeta-comp B: {'r2.z2': False}
[zeta quadratic target eps^2 p=4194301] system (87, 3378) (3 blocks) rank=16 null=3362 b!=0 possible: False  zeta-comp B: {'r2.z2': False}
  family zeta verdicts: {3: (False, 'linear+quadratic'), 2: (False, 'linear+quadratic')}  (6s)

================ SUMMARY ================
  franel   eps^2: b != 0 REACHABLE (linear)
  franel   eps^3: b != 0 REACHABLE (quadratic)
  D        eps^2: b != 0 REACHABLE (linear)
  D        eps^3: b != 0 REACHABLE (quadratic)
  zagierB  eps^2: b forced 0 (linear+quadratic)
  zagierB  eps^3: b forced 0 (linear+quadratic)
  delta    eps^2: b forced 0 (linear+quadratic)
  delta    eps^3: b forced 0 (linear+quadratic)
  zeta     eps^2: b forced 0 (linear+quadratic)
  zeta     eps^3: b forced 0 (linear+quadratic)
total 9s
=== second-prime confirmation of NEGATIVES (p=4194247, N=28) ===
[zagierB linear p2 target eps^2 p=4194247] system (87, 28) (3 blocks) rank=9 null=19 b!=0 possible: False  zeta-comp B: {'r2.z2': False}
[zagierB quadratic p2 target eps^2 p=4194247] system (87, 228) (3 blocks) rank=11 null=217 b!=0 possible: False  zeta-comp B: {'r2.z2': False}
[zagierB linear p2 target eps^3 p=4194247] system (174, 32) (6 blocks) rank=17 null=15 b!=0 possible: False  zeta-comp B: {'r3.z2': False, 'r3.z3': False}
[zagierB quadratic p2 target eps^3 p=4194247] system (174, 232) (6 blocks) rank=22 null=210 b!=0 possible: False  zeta-comp B: {'r3.z2': False, 'r3.z3': False}
[delta linear p2 target eps^2 p=4194247] system (87, 28) (3 blocks) rank=9 null=19 b!=0 possible: False  zeta-comp B: {'r2.z2': False}
[delta quadratic p2 target eps^2 p=4194247] system (87, 228) (3 blocks) rank=11 null=217 b!=0 possible: False  zeta-comp B: {'r2.z2': False}
[delta linear p2 target eps^3 p=4194247] system (174, 32) (6 blocks) rank=17 null=15 b!=0 possible: False  zeta-comp B: {'r3.z2': False, 'r3.z3': False}
[delta quadratic p2 target eps^3 p=4194247] system (174, 232) (6 blocks) rank=22 null=210 b!=0 possible: False  zeta-comp B: {'r3.z2': False, 'r3.z3': False}
[zeta linear p2 target eps^2 p=4194247] system (87, 128) (3 blocks) rank=13 null=115 b!=0 possible: False  zeta-comp B: {'r2.z2': False}
[zeta quadratic p2 target eps^2 p=4194247] system (87, 3378) (3 blocks) rank=16 null=3362 b!=0 possible: False  zeta-comp B: {'r2.z2': False}
[zeta linear p2 target eps^3 p=4194247] system (174, 132) (6 blocks) rank=27 null=105 b!=0 possible: False  zeta-comp B: {'r3.z2': False, 'r3.z3': False}
[zeta quadratic p2 target eps^3 p=4194247] system (174, 3382) (6 blocks) rank=36 null=3346 b!=0 possible: False  zeta-comp B: {'r3.z2': False, 'r3.z3': False}
