X-2 exact scan: e^3=20.086 e^2=7.389

N=5  fold=(-11.0 - 2.0j) = complex root, 2Re=-22.0 |t|^2=125.0   dimS4=1 S4odd=0  S3(chi)=[]
    |t|=11.18034    ELL[newt]   (-11.0 + 2.0j)           complex root, 2Re=-22.0 |t|^2=125.0
    first elliptic barrier 11.1803: score3=1.797 score2=0.661; cusp obstructions before it: 0
    X-2 cell: r=3 no  r=2 no

N=6  fold=(0.029437252 - 1.2005069e-51j) = root(1 + -34 t + 1 t^2)   dimS4=1 S4odd=0  S3(chi)=[]
    |t|=33.97056    ELL[W6]     (33.970563 + 5.3550573e-49j) root(1 + -34 t + 1 t^2)
    first elliptic barrier 33.9706: score3=0.591 score2=0.218; cusp obstructions before it: 0
    X-2 cell: r=3 no  r=2 no

N=8  fold=(0.042893219 + 1.370148e-51j) = root(1 + -24 t + 16 t^2)   dimS4=1 S4odd=0  S3(chi)=[(Mod(3, 8), 1)]
    |t|=1.45711     ELL[W8]     (1.4571068 - 1.5392449e-49j) root(1 + -24 t + 16 t^2)
    first elliptic barrier 1.4571: score3=13.785 score2=5.071; cusp obstructions before it: 0
    X-2 cell: r=3 no  r=2 no

N=9  fold=(5.1961524 + 0.0j) = root(27 + 0 t + -1 t^2)   dimS4=1 S4odd=0  S3(chi)=[]
    |t|=5.19615     CUSP1/3     (-4.5 - 2.5980762j)      complex root, 2Re=-9.0 |t|^2=27.0
    |t|=5.19615     CUSP2/3     (-4.5 + 2.5980762j)      complex root, 2Re=-9.0 |t|^2=27.0
    first elliptic barrier inf: score3=0.000 score2=0.000; cusp obstructions before it: 2
    X-2 cell: r=3 no  r=2 no

N=10  fold=(0.05572809 - 2.7782118e-52j) = root(1 + -18 t + 1 t^2)   dimS4=3 S4odd=1  S3(chi)=[]
    |t|=1.00000     ELL[newt]   (1.0 + 7.1204154e-51j)   1
    |t|=17.94427    ELL[W10]    (17.944272 + 1.9778243e-49j) root(1 + -18 t + 1 t^2)
    first elliptic barrier 1.0000: score3=20.086 score2=7.389; cusp obstructions before it: 0
    X-2 cell: r=3 no  r=2 no

N=12  fold=(0.07179677 - 2.7199646e-51j) = root(1 + -14 t + 1 t^2)   dimS4=3 S4odd=1  S3(chi)=[(Mod(5, 12), 1), (Mod(7, 12), 2)]
    |t|=1.00000     CUSP1/2     (-1.0 + 7.3186248e-41j)  -1
    |t|=1.00000     CUSP1/6     (-1.0 - 8.6116617e-42j)  -1
    |t|=13.92820    ELL[W12]    (13.928203 - 8.7815405e-49j) root(1 + -14 t + 1 t^2)
    first elliptic barrier 13.9282: score3=1.442 score2=0.531; cusp obstructions before it: 2
    X-2 cell: r=3 no (NEAR-MISS, score 1.44)  r=2 YES

N=14  fold=(0.3125 + 0.16535946j) = complex root, 2Re=0.625 |t|^2=0.125   dimS4=4 S4odd=1  S3(chi)=[(Mod(13, 14), 2)]
    |t|=0.12500     ELL[W7]     (-4.6578323e-52 + 0.125j) ?
    |t|=0.12500     ELL[W7]     (-0.088388348 - 0.088388348j) complex root, 2Re=-0.1767767 |t|^2=0.015625
    |t|=0.12500     ELL[W7]     (-2.4735668e-51 - 0.125j) ?
    |t|=0.12500     ELL[W7]     (-0.125 + 1.2877858e-51j) -1/8
    |t|=0.12500     ELL[W7]     (-0.088388348 + 0.088388348j) complex root, 2Re=-0.1767767 |t|^2=0.015625
    |t|=0.35355     ELL[W7]     (0.3125 - 0.16535946j)   complex root, 2Re=0.625 |t|^2=0.125
    |t|=0.35355     ELL[W7]     (0.16535946 - 0.3125j)   complex root, 2Re=0.33071891 |t|^2=0.125
    first elliptic barrier 0.1250: score3=160.684 score2=59.112; cusp obstructions before it: 0
    X-2 cell: r=3 no  r=2 no

N=15  fold=(0.090169944 - 1.074642e-50j) = root(1 + -11 t + -1 t^2)   dimS4=4 S4odd=1  S3(chi)=[(Mod(11, 15), 2), (Mod(14, 15), 2)]
    |t|=0.61803     ELL[W15]    (3.9493966e-50 - 0.61803399j) ?
    |t|=0.61803     ELL[W15]    (-0.43701602 + 0.43701602j) ?
    |t|=0.61803     ELL[W15]    (3.2263439e-50 + 0.61803399j) ?
    |t|=0.61803     ELL[W15]    (-0.43701602 - 0.43701602j) ?
    |t|=0.61803     ELL[newt]   (-0.61803399 - 9.4345448e-52j) root(1 + 1 t + -1 t^2)
    |t|=1.61803     ELL[W15]    (3.776202e-50 + 1.618034j) ?
    |t|=1.61803     ELL[W15]    (1.618034 + 5.0079692e-50j) root(1 + 1 t + -1 t^2)
    first elliptic barrier 0.6180: score3=32.499 score2=11.956; cusp obstructions before it: 0
    X-2 cell: r=3 no  r=2 no

N=18  fold=(0.10102051 - 5.5221833e-51j) = root(1 + -10 t + 1 t^2)   dimS4=5 S4odd=2  S3(chi)=[(Mod(17, 18), 2)]
    |t|=1.00000     CUSP1/3     (0.5 + 0.8660254j)       complex root, 2Re=1.0 |t|^2=1.0
    |t|=1.00000     CUSP2/3     (0.5 - 0.8660254j)       complex root, 2Re=1.0 |t|^2=1.0
    |t|=1.00000     CUSP1/6     (0.5 - 0.8660254j)       complex root, 2Re=1.0 |t|^2=1.0
    |t|=1.00000     CUSP5/6     (0.5 + 0.8660254j)       complex root, 2Re=1.0 |t|^2=1.0
    |t|=9.89898     ELL[W18]    (9.8989795 - 3.2460789e-49j) root(1 + -10 t + 1 t^2)
    first elliptic barrier 9.8990: score3=2.029 score2=0.746; cusp obstructions before it: 4
    X-2 cell: r=3 no  r=2 YES

N=20  fold=(7.81178e-52 - 0.30901699j) = ?   dimS4=6 S4odd=2  S3(chi)=[(Mod(11, 20), 4), (Mod(19, 20), 4)]
    |t|=0.30902     ELL[newt]   (8.0305573e-53 + 0.30901699j) ?
    first elliptic barrier 0.3090: score3=64.998 score2=23.911; cusp obstructions before it: 0
    X-2 cell: r=3 no  r=2 no

N=21  fold=(0.12241266 - 1.922254e-50j) = ?   dimS4=6 S4odd=2  S3(chi)=[(Mod(8, 21), 4), (Mod(13, 21), 4)]
    |t|=0.58651     ELL[W21]    (-0.50793626 + 0.29325714j) ?
    |t|=0.58651     ELL[W21]    (-0.50793626 - 0.29325714j) ?
    |t|=0.58651     ELL[newt]   (-0.58651427 + 2.2155171e-51j) ?
    |t|=1.00000     ELL[W3]     (0.5 + 0.8660254j)       complex root, 2Re=1.0 |t|^2=1.0
    |t|=1.00000     ELL[W3]     (0.5 - 0.8660254j)       complex root, 2Re=1.0 |t|^2=1.0
    |t|=1.70499     ELL[W21]    (-1.7049884 - 9.7341168e-50j) ?
    |t|=8.16909     ELL[W21]    (8.16909 - 4.5991161e-49j) ?
    first elliptic barrier 0.5865: score3=34.246 score2=12.598; cusp obstructions before it: 0
    X-2 cell: r=3 no  r=2 no

N=24  fold=(0.31326985 + 0.0j) = ?   dimS4=8 S4odd=3  S3(chi)=[(Mod(17, 24), 4), (Mod(5, 24), 6), (Mod(7, 24), 4), (Mod(19, 24), 6)]
    |t|=0.31327     ELL[W24]    (-0.15663493 + 0.27129965j) ?
    |t|=0.31327     ELL[W24]    (0.27129965 - 0.15663493j) ?
    |t|=0.31327     ELL[W24]    (-0.31326985 + 8.0774198e-51j) ?
    |t|=0.31327     ELL[W24]    (0.27129965 + 0.15663493j) ?
    |t|=0.31327     ELL[W24]    (-0.15663493 - 0.27129965j) ?
    |t|=0.31327     ELL[W24]    (4.0609602e-51 + 0.31326985j) ?
    |t|=0.31327     ELL[W24]    (0.15663493 - 0.27129965j) ?
    first elliptic barrier 0.3133: score3=64.116 score2=23.587; cusp obstructions before it: 0
    X-2 cell: r=3 no  r=2 no

