PARI stack size set to 4000000000 bytes, maximum size set to 4000002048
=== F: G1 = O1+O3 ===
A_n: ['-12', '-24', '-168', '-1464', '-13992', '-144024', '-1558536'] integral: True
xi = 0.36455672878339462975728560797241895
  n=100 decay base 1.021479  |Lambda|=0.00325
  n=200 decay base 1.009897  |Lambda|=0.000927
  n=300 decay base 1.006452  |Lambda|=0.000442
d_n^3 B_n integral: True
kappa profile: [(60, 2.7110000641746104), (120, 2.836906581175958), (180, 2.9285729423399154), (240, 2.9175610909006093), (300, 2.916251088020597), (360, 2.9461934248441484)]
chi=+1: 37 primes, full-cost 36, deflated: [(23, 2, 3)]
chi=-1: 41 primes, full-cost 40, deflated: [(29, 2, 3)]
=== F: G2 = O2+2*O3 ===
A_n: ['-6', '0', '-48', '-528', '-5328', '-56352', '-619584'] integral: True
xi = 0.36455672878339462975728560797241895
  n=100 decay base 1.021542  |Lambda|=0.00326
  n=200 decay base 1.009910  |Lambda|=0.000929
  n=300 decay base 1.006458  |Lambda|=0.000442
  n=400 decay base 0.289186  |Lambda|=4.4e+12
d_n^3 B_n integral: True
kappa profile: [(60, 2.5445730578066996), (120, 2.781987405774319), (180, 2.8959033146376894), (240, 2.90038643302925), (300, 2.9277773971050594), (360, 2.9100897405112884)]
chi=+1: 37 primes, full-cost 37, deflated: []
chi=-1: 41 primes, full-cost 39, deflated: [(7, 8, 9), (103, 2, 3)]
