\BOOKMARK [1][-]{section.1}{\376\377\0001\000.\000\040\000I\000n\000t\000r\000o\000d\000u\000c\000t\000i\000o\000n}{}% 1
\BOOKMARK [2][-]{subsection.1.1}{\376\377\0001\000.\0001\000.\000\040\000T\000h\000e\000\040\000t\000w\000o\000\040\000r\000o\000w\000s}{section.1}% 2
\BOOKMARK [2][-]{subsection.1.2}{\376\377\0001\000.\0002\000.\000\040\000T\000h\000e\000\040\000l\000a\000w}{section.1}% 3
\BOOKMARK [2][-]{subsection.1.3}{\376\377\0001\000.\0003\000.\000\040\000W\000h\000a\000t\000\040\000i\000s\000\040\000n\000e\000w\000\040\000h\000e\000r\000e}{section.1}% 4
\BOOKMARK [2][-]{subsection.1.4}{\376\377\0001\000.\0004\000.\000\040\000E\000v\000i\000d\000e\000n\000c\000e\000\040\000c\000l\000a\000s\000s\000e\000s}{section.1}% 5
\BOOKMARK [2][-]{subsection.1.5}{\376\377\0001\000.\0005\000.\000\040\000R\000e\000l\000a\000t\000i\000o\000n\000\040\000t\000o\000\040\000t\000h\000e\000\040\000c\000o\000m\000p\000a\000n\000i\000o\000n\000\040\000p\000a\000p\000e\000r\000s}{section.1}% 6
\BOOKMARK [2][-]{subsection.1.6}{\376\377\0001\000.\0006\000.\000\040\000C\000o\000n\000v\000e\000n\000t\000i\000o\000n\000s}{section.1}% 7
\BOOKMARK [1][-]{section.2}{\376\377\0002\000.\000\040\000T\000h\000e\000\040\000f\000i\000f\000t\000e\000e\000n\000\040\000p\000a\000i\000r\000s}{}% 8
\BOOKMARK [2][-]{subsection.2.1}{\376\377\0002\000.\0001\000.\000\040\000T\000h\000e\000\040\000r\000e\000c\000u\000r\000r\000e\000n\000c\000e\000s}{section.2}% 9
\BOOKMARK [2][-]{subsection.2.2}{\376\377\0002\000.\0002\000.\000\040\000T\000h\000e\000\040\000t\000a\000b\000l\000e}{section.2}% 10
\BOOKMARK [2][-]{subsection.2.3}{\376\377\0002\000.\0003\000.\000\040\000T\000h\000e\000\040\000l\000i\000m\000i\000t\000s}{section.2}% 11
\BOOKMARK [2][-]{subsection.2.4}{\376\377\0002\000.\0004\000.\000\040\000T\000h\000e\000\040\000w\000e\000i\000g\000h\000t\000s\000,\000\040\000a\000n\000d\000\040\000t\000h\000e\000i\000r\000\040\000s\000h\000a\000r\000p\000n\000e\000s\000s}{section.2}% 12
\BOOKMARK [2][-]{subsection.2.5}{\376\377\0002\000.\0005\000.\000\040\000T\000h\000r\000e\000e\000\040\000p\000a\000i\000r\000s\000\040\000w\000i\000t\000h\000\040\000n\000o\000\040\000a\000r\000c\000h\000i\000m\000e\000d\000e\000a\000n\000\040\000l\000i\000m\000i\000t}{section.2}% 13
\BOOKMARK [1][-]{section.3}{\376\377\0003\000.\000\040\000T\000h\000e\000\040\000-\000t\000w\000i\000s\000t\000e\000d\000\040\000l\000a\000w}{}% 14
\BOOKMARK [2][-]{subsection.3.1}{\376\377\0003\000.\0001\000.\000\040\000W\000h\000e\000r\000e\000\040\000t\000h\000e\000\040\000u\000n\000t\000w\000i\000s\000t\000e\000d\000\040\000l\000a\000w\000\040\000d\000i\000e\000s}{section.3}% 15
\BOOKMARK [2][-]{subsection.3.2}{\376\377\0003\000.\0002\000.\000\040\000T\000h\000e\000\040\000r\000e\000p\000a\000i\000r}{section.3}% 16
\BOOKMARK [1][-]{section.4}{\376\377\0004\000.\000\040\000L\000e\000m\000m\000a\000\040\000K\000\040\000a\000n\000d\000\040\000T\000h\000e\000o\000r\000e\000m\000\040\000L\000B}{}% 17
\BOOKMARK [2][-]{subsection.4.1}{\376\377\0004\000.\0001\000.\000\040\000T\000h\000e\000\040\000s\000o\000u\000r\000c\000e\000\040\000o\000f\000\040\000t\000h\000e\000\040\000c\000h\000a\000r\000a\000c\000t\000e\000r}{section.4}% 18
\BOOKMARK [2][-]{subsection.4.2}{\376\377\0004\000.\0002\000.\000\040\000T\000h\000e\000\040\000h\000y\000p\000o\000t\000h\000e\000s\000e\000s\000,\000\040\000c\000o\000r\000r\000e\000c\000t\000e\000d}{section.4}% 19
\BOOKMARK [2][-]{subsection.4.3}{\376\377\0004\000.\0003\000.\000\040\000T\000h\000e\000\040\000t\000h\000e\000o\000r\000e\000m}{section.4}% 20
\BOOKMARK [1][-]{section.5}{\376\377\0005\000.\000\040\000S\000t\000a\000t\000u\000s\000\040\000o\000f\000\040\000t\000h\000e\000\040\000f\000i\000f\000t\000e\000e\000n}{}% 21
\BOOKMARK [2][-]{subsection.5.1}{\376\377\0005\000.\0001\000.\000\040\000T\000h\000e\000\040\000h\000a\000r\000m\000o\000n\000i\000c\000\040\000d\000e\000c\000o\000m\000p\000o\000s\000i\000t\000i\000o\000n\000s}{section.5}% 22
\BOOKMARK [2][-]{subsection.5.2}{\376\377\0005\000.\0002\000.\000\040\000T\000h\000e\000\040\000f\000o\000u\000r\000\040\000t\000h\000e\000o\000r\000e\000m\000s}{section.5}% 23
\BOOKMARK [2][-]{subsection.5.3}{\376\377\0005\000.\0003\000.\000\040\000s\0007\000:\000\040\000r\000e\000a\000c\000h\000a\000b\000l\000e}{section.5}% 24
\BOOKMARK [2][-]{subsection.5.4}{\376\377\0005\000.\0004\000.\000\040\000,\000\040\000,\000\040\000E\000:\000\040\000b\000l\000o\000c\000k\000e\000d\000,\000\040\000a\000n\000d\000\040\000p\000r\000o\000v\000a\000b\000l\000y\000\040\000s\000o}{section.5}% 25
\BOOKMARK [2][-]{subsection.5.5}{\376\377\0005\000.\0005\000.\000\040\000T\000h\000e\000\040\000c\000o\000n\000j\000e\000c\000t\000u\000r\000a\000l\000\040\000s\000e\000v\000e\000n}{section.5}% 26
\BOOKMARK [1][-]{section.6}{\376\377\0006\000.\000\040\000C\000l\000o\000s\000e\000d\000\040\000f\000o\000r\000m\000s}{}% 27
\BOOKMARK [2][-]{subsection.6.1}{\376\377\0006\000.\0001\000.\000\040\000A\000p\000\351\000r\000y\000'\000s\000\040\000\050\0003\000\051\000\040\000n\000u\000m\000e\000r\000a\000t\000o\000r\000s}{section.6}% 28
\BOOKMARK [2][-]{subsection.6.2}{\376\377\0006\000.\0002\000.\000\040\000T\000h\000e\000\040\000s\000y\000m\000m\000e\000t\000r\000i\000c\000\040\000t\000e\000m\000p\000l\000a\000t\000e}{section.6}% 29
\BOOKMARK [2][-]{subsection.6.3}{\376\377\0006\000.\0003\000.\000\040\000F\000r\000a\000n\000e\000l\000\040\000a\000n\000d\000\040\000k\000\040\000r\000e\000p\000s\000t\000o\000p\000d\000f\000\050\000\051\000n\000k\0004\000:\000\040\000f\000i\000n\000i\000t\000e\000\040\000c\000e\000r\000t\000i\000f\000i\000c\000a\000t\000e\000s}{section.6}% 30
\BOOKMARK [2][-]{subsection.6.4}{\376\377\0006\000.\0004\000.\000\040\000A\000\040\000p\000r\000o\000v\000a\000b\000l\000e\000\040\000i\000n\000s\000u\000f\000f\000i\000c\000i\000e\000n\000c\000y\000:\000\040\000t\000h\000e\000\040\000\050\0002\000\051\000-\000A\000p\000\351\000r\000y\000\040\000p\000a\000i\000r}{section.6}% 31
\BOOKMARK [2][-]{subsection.6.5}{\376\377\0006\000.\0005\000.\000\040\000E\000:\000\040\000a\000\040\000t\000w\000i\000s\000t\000e\000d\000\040\000c\000l\000o\000s\000e\000d\000\040\000f\000o\000r\000m}{section.6}% 32
\BOOKMARK [1][-]{section.7}{\376\377\0007\000.\000\040\000R\000e\000l\000a\000t\000i\000o\000n\000\040\000t\000o\000\040\000B\000e\000u\000k\000e\000r\000s\040\023\000V\000l\000a\000s\000e\000n\000k\000o\000'\000s\000\040\000C\000o\000n\000j\000e\000c\000t\000u\000r\000e\000\040\0007\000.\0005}{}% 33
\BOOKMARK [1][-]{section.8}{\376\377\0008\000.\000\040\000M\000a\000c\000h\000i\000n\000e\000\040\000v\000e\000r\000i\000f\000i\000c\000a\000t\000i\000o\000n}{}% 34
\BOOKMARK [1][-]{section.9}{\376\377\0009\000.\000\040\000O\000p\000e\000n\000\040\000p\000r\000o\000b\000l\000e\000m\000s}{}% 35
\BOOKMARK [1][-]{section*.6}{\376\377\000P\000r\000o\000v\000e\000n\000a\000n\000c\000e\000\040\000a\000n\000d\000\040\000d\000a\000t\000a}{}% 36
\BOOKMARK [1][-]{section*.7}{\376\377\000R\000e\000f\000e\000r\000e\000n\000c\000e\000s}{}% 37
