This is pdfTeX, Version 3.141592653-2.6-1.40.25 (TeX Live 2023/Debian) (preloaded format=pdflatex)
 restricted \write18 enabled.
entering extended mode
(./padicmap.tex
LaTeX2e <2023-11-01> patch level 1
L3 programming layer <2024-01-22>
(/usr/share/texlive/texmf-dist/tex/latex/amscls/amsart.cls
Document Class: amsart 2020/05/29 v2.20.6
(/usr/share/texlive/texmf-dist/tex/latex/amsmath/amsmath.sty
For additional information on amsmath, use the `?' option.
(/usr/share/texlive/texmf-dist/tex/latex/amsmath/amstext.sty
(/usr/share/texlive/texmf-dist/tex/latex/amsmath/amsgen.sty))
(/usr/share/texlive/texmf-dist/tex/latex/amsmath/amsbsy.sty)
(/usr/share/texlive/texmf-dist/tex/latex/amsmath/amsopn.sty))
(/usr/share/texlive/texmf-dist/tex/latex/amsfonts/umsa.fd)
(/usr/share/texlive/texmf-dist/tex/latex/amsfonts/amsfonts.sty))
(/usr/share/texlive/texmf-dist/tex/latex/geometry/geometry.sty
(/usr/share/texlive/texmf-dist/tex/latex/graphics/keyval.sty)
(/usr/share/texlive/texmf-dist/tex/generic/iftex/ifvtex.sty
(/usr/share/texlive/texmf-dist/tex/generic/iftex/iftex.sty)))
(/usr/share/texlive/texmf-dist/tex/latex/amsfonts/amssymb.sty)
(/usr/share/texlive/texmf-dist/tex/latex/jknapltx/mathrsfs.sty)
(/usr/share/texlive/texmf-dist/tex/latex/booktabs/booktabs.sty)
(/usr/share/texlive/texmf-dist/tex/latex/tools/array.sty)
(/usr/share/texlive/texmf-dist/tex/latex/tools/longtable.sty)
(/usr/share/texlive/texmf-dist/tex/latex/enumitem/enumitem.sty)
(/usr/share/texlive/texmf-dist/tex/latex/microtype/microtype.sty
(/usr/share/texlive/texmf-dist/tex/latex/etoolbox/etoolbox.sty)
(/usr/share/texlive/texmf-dist/tex/latex/microtype/microtype-pdftex.def)
(/usr/share/texlive/texmf-dist/tex/latex/microtype/microtype.cfg))
(/usr/share/texlive/texmf-dist/tex/latex/xcolor/xcolor.sty
(/usr/share/texlive/texmf-dist/tex/latex/graphics-cfg/color.cfg)
(/usr/share/texlive/texmf-dist/tex/latex/graphics-def/pdftex.def)
(/usr/share/texlive/texmf-dist/tex/latex/graphics/mathcolor.ltx))
(/usr/share/texlive/texmf-dist/tex/latex/hyperref/hyperref.sty
(/usr/share/texlive/texmf-dist/tex/latex/kvsetkeys/kvsetkeys.sty)
(/usr/share/texlive/texmf-dist/tex/generic/kvdefinekeys/kvdefinekeys.sty)
(/usr/share/texlive/texmf-dist/tex/generic/pdfescape/pdfescape.sty
(/usr/share/texlive/texmf-dist/tex/generic/ltxcmds/ltxcmds.sty)
(/usr/share/texlive/texmf-dist/tex/generic/pdftexcmds/pdftexcmds.sty
(/usr/share/texlive/texmf-dist/tex/generic/infwarerr/infwarerr.sty)))
(/usr/share/texlive/texmf-dist/tex/latex/hycolor/hycolor.sty)
(/usr/share/texlive/texmf-dist/tex/latex/auxhook/auxhook.sty)
(/usr/share/texlive/texmf-dist/tex/latex/hyperref/nameref.sty
(/usr/share/texlive/texmf-dist/tex/latex/refcount/refcount.sty)
(/usr/share/texlive/texmf-dist/tex/generic/gettitlestring/gettitlestring.sty
(/usr/share/texlive/texmf-dist/tex/latex/kvoptions/kvoptions.sty)))
(/usr/share/texlive/texmf-dist/tex/latex/hyperref/pd1enc.def)
(/usr/share/texlive/texmf-dist/tex/generic/intcalc/intcalc.sty)
(/usr/share/texlive/texmf-dist/tex/latex/hyperref/puenc.def)
(/usr/share/texlive/texmf-dist/tex/latex/url/url.sty)
(/usr/share/texlive/texmf-dist/tex/generic/bitset/bitset.sty
(/usr/share/texlive/texmf-dist/tex/generic/bigintcalc/bigintcalc.sty))
(/usr/share/texlive/texmf-dist/tex/latex/base/atbegshi-ltx.sty))
(/usr/share/texlive/texmf-dist/tex/latex/hyperref/hpdftex.def
(/usr/share/texlive/texmf-dist/tex/latex/base/atveryend-ltx.sty)
(/usr/share/texlive/texmf-dist/tex/latex/rerunfilecheck/rerunfilecheck.sty
(/usr/share/texlive/texmf-dist/tex/generic/uniquecounter/uniquecounter.sty)))
(/usr/share/texlive/texmf-dist/tex/latex/l3backend/l3backend-pdftex.def)
(./padicmap.aux) (/usr/share/texlive/texmf-dist/tex/latex/amsfonts/umsa.fd)
(/usr/share/texlive/texmf-dist/tex/latex/amsfonts/umsb.fd)
(/usr/share/texlive/texmf-dist/tex/latex/jknapltx/ursfs.fd)
*geometry* driver: auto-detecting
*geometry* detected driver: pdftex
(/usr/share/texlive/texmf-dist/tex/latex/microtype/mt-cmr.cfg)
(/usr/share/texlive/texmf-dist/tex/context/base/mkii/supp-pdf.mkii
[Loading MPS to PDF converter (version 2006.09.02).]
) (./padicmap.out) (./padicmap.out)
(/usr/share/texlive/texmf-dist/tex/latex/amsfonts/ueuf.fd)
(/usr/share/texlive/texmf-dist/tex/latex/microtype/mt-euf.cfg)
(/usr/share/texlive/texmf-dist/tex/latex/microtype/mt-msa.cfg)
(/usr/share/texlive/texmf-dist/tex/latex/microtype/mt-msb.cfg)
Underfull \vbox (badness 10000) has occurred while \output is active [1{/var/li
b/texmf/fonts/map/pdftex/updmap/pdftex.map}] (./padicmap.toc [2]
Underfull \vbox (badness 10000) has occurred while \output is active [3])
(./sec-intro.tex [4{/usr/share/texmf/fonts/enc/dvips/cm-super/cm-super-ts1.enc}
] (/usr/share/texlive/texmf-dist/tex/latex/base/ts1cmss.fd) [5]
Overfull \hbox (12.79115pt too wide) detected at line 162
\OML/cmm/m/it/10.95 ^^V\OT1/cmr/m/n/10.95 (\OML/cmm/m/it/10.95 ^^P[]\OT1/cmr/m/
n/10.95 (3)) \OMS/cmsy/m/n/10.95 ^^T \OT1/cmr/m/n/10.95 7\OML/cmm/m/it/10.95 :\
OT1/cmr/m/n/10.95 17739889912418\OML/cmm/m/it/10.95 ;  ^^V\OT1/cmr/m/n/10.95 (\
OML/cmm/m/it/10.95 ^^P[]\OT1/cmr/m/n/10.95 (3)) \OMS/cmsy/m/n/10.95 ^^T \OT1/cm
r/m/n/10.95 22\OML/cmm/m/it/10.95 :\OT1/cmr/m/n/10.95 28144795149432\OML/cmm/m/
it/10.95 ;  ^^V\OT1/cmr/m/n/10.95 (\OML/cmm/m/it/10.95 ^^P[]\OT1/cmr/m/n/10.95 
(5)) \OMS/cmsy/m/n/10.95 ^^T \OT1/cmr/m/n/10.95 20\OML/cmm/m/it/10.95 :\OT1/cmr
/m/n/10.95 34265173891448\OML/cmm/m/it/10.95 ;
[6] [7]) (./sec-transfer.tex [8] [9] [10]) (./sec-group.tex

Package hyperref Warning: Token not allowed in a PDF string (Unicode):
(hyperref)                removing `math shift' on input line 2.


Package hyperref Warning: Token not allowed in a PDF string (Unicode):
(hyperref)                removing `math shift' on input line 2.

[11] [12]
Overfull \hbox (2.46925pt too wide) detected at line 185
[]
[13] [14]
Overfull \hbox (8.52701pt too wide) detected at line 333
[]
[15]) (./sec-ledger.tex
Underfull \vbox (badness 1389) has occurred while \output is active [16]
[17] [18] [19] [20]
Overfull \hbox (12.11536pt too wide) in paragraph at lines 352--368
 [] 
) (./sec-validation.tex [21] [22] [23] [24]) (./sec-classification.tex

Package hyperref Warning: Token not allowed in a PDF string (Unicode):
(hyperref)                removing `superscript' on input line 10.


Overfull \hbox (10.25859pt too wide) in paragraph at lines 26--39
[]\OT1/cmr/m/n/10.95 (-20) By [] ([[], Lemma 12]), for $\OML/cmm/m/it/10.95 q[]
 \OMS/cmsy/m/n/10.95 j \OML/cmm/m/it/10.95 D$ \OT1/cmr/m/n/10.95 (-20) and $\OM
L/cmm/m/it/10.95 i \OMS/cmsy/m/n/10.95 ^^U \OT1/cmr/m/n/10.95 (-20) 2$ one has 
$\OML/cmm/m/it/10.95 D[]^^P[]\OT1/cmr/m/n/10.95 (-20) (\OML/cmm/m/it/10.95 i\OT
1/cmr/m/n/10.95 (-20) ) = [][] \OML/cmm/m/it/10.95 !\OT1/cmr/m/n/10.95 (-20) (\
OML/cmm/m/it/10.95 j=D\OT1/cmr/m/n/10.95 (-20) )[]\OML/cmm/m/it/10.95 ^^P[]\OT1
/cmr/m/n/10.95 (-20) (\OML/cmm/m/it/10.95 i; j=D\OT1/cmr/m/n/10.95 (-20) )$,
[25]
Overfull \hbox (5.45485pt too wide) in paragraph at lines 103--115
 [] 

Overfull \hbox (22.35449pt too wide) in paragraph at lines 125--132
\OT1/cmr/m/it/10.95 (-20) and $\OML/cmm/m/it/10.95 p [] p=\OT1/cmr/m/n/10.95 (-
20) (\OML/cmm/m/it/10.95 p \OMS/cmsy/m/n/10.95 ^^@ \OT1/cmr/m/n/10.95 (-20) 1)[
] \OML/cmm/m/it/10.95 < \OT1/cmr/m/n/10.95 (-20) 1$ \OT1/cmr/m/it/10.95 (-20) f
or ev-ery $\OML/cmm/m/it/10.95 p \OMS/cmsy/m/n/10.95 ^^U \OT1/cmr/m/n/10.95 (-2
0) 3$\OT1/cmr/m/it/10.95 (-20) , with val-ues $\OT1/cmr/m/n/10.95 (-20) 0\OML/c
mm/m/it/10.95 :\OT1/cmr/m/n/10.95 (-20) 823959\OML/cmm/m/it/10.95 ;  \OT1/cmr/m
/n/10.95 (-20) 0\OML/cmm/m/it/10.95 :\OT1/cmr/m/n/10.95 (-20) 502949\OML/cmm/m/
it/10.95 ;  \OT1/cmr/m/n/10.95 (-20) 0\OML/cmm/m/it/10.95 :\OT1/cmr/m/n/10.95 (
-20) 378371\OML/cmm/m/it/10.95 ;  \OT1/cmr/m/n/10.95 (-20) 0\OML/cmm/m/it/10.95
 :\OT1/cmr/m/n/10.95 (-20) 263768\OML/cmm/m/it/10.95 ;  \OT1/cmr/m/n/10.95 (-20
) 0\OML/cmm/m/it/10.95 :\OT1/cmr/m/n/10.95 (-20) 231558$
[26]) (./sec-scan.tex [27] [28] [29] [30] [31]) (./sec-map.tex [32] [33])
(./sec-discussion.tex [34] [35] [36]
Underfull \vbox (badness 10000) has occurred while \output is active [37])
(./app-repro.tex
Overfull \hbox (12.76437pt too wide) in paragraph at lines 17--39
 [] 
[38] [39] (/usr/share/texmf/tex/latex/R/tex/latex/omscmtt.fd)) (./refs.tex
[40]) [41] (./padicmap.aux) )
(see the transcript file for additional information)</usr/share/texlive/texmf-d
ist/fonts/type1/public/amsfonts/cm/cmbx10.pfb></usr/share/texlive/texmf-dist/fo
nts/type1/public/amsfonts/cm/cmbx8.pfb></usr/share/texlive/texmf-dist/fonts/typ
e1/public/amsfonts/cm/cmbx9.pfb></usr/share/texlive/texmf-dist/fonts/type1/publ
ic/amsfonts/cm/cmbxti10.pfb></usr/share/texlive/texmf-dist/fonts/type1/public/a
msfonts/cm/cmcsc10.pfb></usr/share/texlive/texmf-dist/fonts/type1/public/amsfon
ts/cm/cmex10.pfb></usr/share/texlive/texmf-dist/fonts/type1/public/amsfonts/cme
xtra/cmex9.pfb></usr/share/texlive/texmf-dist/fonts/type1/public/amsfonts/cm/cm
mi10.pfb></usr/share/texlive/texmf-dist/fonts/type1/public/amsfonts/cm/cmmi5.pf
b></usr/share/texlive/texmf-dist/fonts/type1/public/amsfonts/cm/cmmi6.pfb></usr
/share/texlive/texmf-dist/fonts/type1/public/amsfonts/cm/cmmi8.pfb></usr/share/
texlive/texmf-dist/fonts/type1/public/amsfonts/cm/cmmi9.pfb></usr/share/texlive
/texmf-dist/fonts/type1/public/amsfonts/cm/cmr10.pfb></usr/share/texlive/texmf-
dist/fonts/type1/public/amsfonts/cm/cmr5.pfb></usr/share/texlive/texmf-dist/fon
ts/type1/public/amsfonts/cm/cmr6.pfb></usr/share/texlive/texmf-dist/fonts/type1
/public/amsfonts/cm/cmr8.pfb></usr/share/texlive/texmf-dist/fonts/type1/public/
amsfonts/cm/cmr9.pfb></usr/share/texlive/texmf-dist/fonts/type1/public/amsfonts
/cm/cmss10.pfb></usr/share/texlive/texmf-dist/fonts/type1/public/amsfonts/cm/cm
ss9.pfb></usr/share/texlive/texmf-dist/fonts/type1/public/amsfonts/cm/cmssi10.p
fb></usr/share/texlive/texmf-dist/fonts/type1/public/amsfonts/cm/cmsy10.pfb></u
sr/share/texlive/texmf-dist/fonts/type1/public/amsfonts/cm/cmsy6.pfb></usr/shar
e/texlive/texmf-dist/fonts/type1/public/amsfonts/cm/cmsy8.pfb></usr/share/texli
ve/texmf-dist/fonts/type1/public/amsfonts/cm/cmsy9.pfb></usr/share/texlive/texm
f-dist/fonts/type1/public/amsfonts/cm/cmti10.pfb></usr/share/texlive/texmf-dist
/fonts/type1/public/amsfonts/cm/cmti8.pfb></usr/share/texlive/texmf-dist/fonts/
type1/public/amsfonts/cm/cmti9.pfb></usr/share/texlive/texmf-dist/fonts/type1/p
ublic/amsfonts/cm/cmtt10.pfb></usr/share/texlive/texmf-dist/fonts/type1/public/
amsfonts/cm/cmtt8.pfb></usr/share/texlive/texmf-dist/fonts/type1/public/amsfont
s/euler/eufm10.pfb></usr/share/texlive/texmf-dist/fonts/type1/public/amsfonts/e
uler/eufm7.pfb></usr/share/texlive/texmf-dist/fonts/type1/public/amsfonts/symbo
ls/msam10.pfb></usr/share/texlive/texmf-dist/fonts/type1/public/amsfonts/symbol
s/msbm10.pfb></usr/share/texlive/texmf-dist/fonts/type1/public/amsfonts/symbols
/msbm7.pfb></usr/share/texmf/fonts/type1/public/cm-super/sfrm0800.pfb></usr/sha
re/texmf/fonts/type1/public/cm-super/sfrm0900.pfb></usr/share/texmf/fonts/type1
/public/cm-super/sfrm1095.pfb></usr/share/texmf/fonts/type1/public/cm-super/sfs
s1095.pfb></usr/share/texmf/fonts/type1/public/cm-super/sfti1095.pfb>
Output written on padicmap.pdf (41 pages, 710624 bytes).
Transcript written on padicmap.log.
