a_4 : degree 58, content 4, max|coef| 270 bits, 82 digits
    deg 1   mult 1   coeffs all one sign: True    real roots >= 0: []
        n + 5
    deg 1   mult 2   coeffs all one sign: True    real roots >= 0: []
        n + 7
    deg 1   mult 2   coeffs all one sign: True    real roots >= 0: []
        2*n + 13
    deg 1   mult 3   coeffs all one sign: True    real roots >= 0: []
        n + 6
    deg 3   mult 1   coeffs all one sign: True    real roots >= 0: []
        41218*n**3 + 322503*n**2 + 842142*n + 733914
    deg 3   mult 1   coeffs all one sign: True    real roots >= 0: []
        41218*n**3 + 446157*n**2 + 1610802*n + 1939777
    deg 3   mult 1   coeffs all one sign: True    real roots >= 0: []
        41218*n**3 + 569811*n**2 + 2626770*n + 4037954
    deg 41  mult 1   coeffs all one sign: False   real roots >= 0: [1.11318004257]
    [factorisation 0.4s]

a_0 : degree 58, content 1, max|coef| 273 bits, 82 digits
    deg 1   mult 1   coeffs all one sign: True    real roots >= 0: []
        n + 4
    deg 1   mult 2   coeffs all one sign: True    real roots >= 0: []
        n + 1
    deg 1   mult 2   coeffs all one sign: True    real roots >= 0: []
        n + 2
    deg 1   mult 3   coeffs all one sign: True    real roots >= 0: []
        n + 3
    deg 3   mult 1   coeffs all one sign: True    real roots >= 0: []
        41218*n**3 + 446157*n**2 + 1610802*n + 1939777
    deg 3   mult 1   coeffs all one sign: True    real roots >= 0: []
        41218*n**3 + 569811*n**2 + 2626770*n + 4037954
    deg 3   mult 1   coeffs all one sign: True    real roots >= 0: []
        41218*n**3 + 693465*n**2 + 3890046*n + 7275753
    deg 41  mult 1   coeffs all one sign: False   real roots >= 0: [0.113180042574]
    [factorisation 0.3s]

a_1 : degree 58, content -2, max|coef| 279 bits, 84 digits
    deg 1   mult 1   coeffs all one sign: True    real roots >= 0: []
        n + 4
    deg 1   mult 2   coeffs all one sign: True    real roots >= 0: []
        n + 3
    deg 3   mult 1   coeffs all one sign: True    real roots >= 0: []
        41218*n**3 + 569811*n**2 + 2626770*n + 4037954
    deg 3   mult 1   coeffs all one sign: True    real roots >= 0: []
        41218*n**3 + 693465*n**2 + 3890046*n + 7275753
    deg 49  mult 1   coeffs all one sign: False   real roots >= 0: [0.0302377283119]
    [factorisation 0.4s]

a_2 : degree 58, content -2, max|coef| 280 bits, 84 digits
    deg 1   mult 1   coeffs all one sign: True    real roots >= 0: []
        n + 4
    deg 3   mult 1   coeffs all one sign: True    real roots >= 0: []
        41218*n**3 + 322503*n**2 + 842142*n + 733914
    deg 3   mult 1   coeffs all one sign: True    real roots >= 0: []
        41218*n**3 + 693465*n**2 + 3890046*n + 7275753
    deg 51  mult 1   coeffs all one sign: False   real roots >= 0: [0.946192334375]
    [factorisation 0.4s]

a_3 : degree 58, content -2, max|coef| 280 bits, 85 digits
    deg 1   mult 1   coeffs all one sign: True    real roots >= 0: []
        n + 5
    deg 3   mult 1   coeffs all one sign: True    real roots >= 0: []
        41218*n**3 + 322503*n**2 + 842142*n + 733914
    deg 3   mult 1   coeffs all one sign: True    real roots >= 0: []
        41218*n**3 + 446157*n**2 + 1610802*n + 1939777
    deg 51  mult 1   coeffs all one sign: False   real roots >= 0: [1.11328008483]
    [factorisation 0.4s]

a_4 : no real root >= 0 : False   a_4(0) = -33581765282109518489684938683276061690088194518588985206006104359585185792000
   nonnegative real roots: [1.1131800425736612593]
a_4 : all coefficients of one sign (positivity closes directly): False
a_4 : Polya exponent N with (1+n)^N a_4(n) of one sign: None  (sign +1)
