admissible rho-monomials (incl. empty): 65
phi counts: {0: 1, 1: 4, 2: 14, 3: 40, 4: 105}
total generators: 822
weight-5 monomials: 3753
Delta5 expansion == direct, n<=4: PASS
double sum T*Delta5 = 0, n<=5: PASS
new generators (towers + V5): 735
forms 1557 monomials 3753
rank 50 pivot 272
rank 100 pivot 369
rank 150 pivot 1059
rank 200 pivot 1123
rank 250 pivot 1202
rank 300 pivot 1371
rank 350 pivot 1520
rank 400 pivot 1737
rank 419
residual support 452
1234 -201326595 ((1, 1), (1, 1), (3, 7))
1344 -9 ((1, 1), (1, 2), (1, 5), (2, 7))
1359 -9 ((1, 1), (1, 2), (1, 6), (2, 7))
1381 9 ((1, 1), (1, 2), (1, 8), (2, 7))
1390 -536870887 ((1, 1), (1, 2), (3, 7))
1480 1073741823 ((1, 1), (1, 3), (1, 7), (1, 7), (1, 7))
1481 -1073741822 ((1, 1), (1, 3), (1, 7), (1, 7), (1, 8))
1482 1073741822 ((1, 1), (1, 3), (1, 7), (1, 8), (1, 8))
1486 1073741822 ((1, 1), (1, 3), (1, 7), (2, 3))
1491 -1073741822 ((1, 1), (1, 3), (1, 7), (2, 8))
1492 -1073741823 ((1, 1), (1, 3), (1, 8), (1, 8), (1, 8))
1496 -1073741822 ((1, 1), (1, 3), (1, 8), (2, 3))
1501 1073741822 ((1, 1), (1, 3), (1, 8), (2, 8))
1509 268435462 ((1, 1), (1, 3), (3, 7))
1510 1 ((1, 1), (1, 3), (3, 8))
1552 3 ((1, 1), (1, 4), (1, 5), (2, 7))
1567 3 ((1, 1), (1, 4), (1, 6), (2, 7))
1589 -3 ((1, 1), (1, 4), (1, 8), (2, 7))
1594 1073741822 ((1, 1), (1, 4), (3, 3))
1598 402653172 ((1, 1), (1, 4), (3, 7))
1632 6 ((1, 1), (1, 5), (1, 6), (2, 7))
1644 -3 ((1, 1), (1, 5), (1, 7), (2, 7))
1654 3 ((1, 1), (1, 5), (1, 8), (2, 7))
1663 134217724 ((1, 1), (1, 5), (3, 7))
1678 6 ((1, 1), (1, 6), (1, 6), (2, 7))
1680 1073741823 ((1, 1), (1, 6), (1, 7), (1, 7), (1, 7))
1681 -1073741822 ((1, 1), (1, 6), (1, 7), (1, 7), (1, 8))
1682 1073741822 ((1, 1), (1, 6), (1, 7), (1, 8), (1, 8))
1690 1073741819 ((1, 1), (1, 6), (1, 7), (2, 7))
1691 -1073741822 ((1, 1), (1, 6), (1, 7), (2, 8))
1692 -1073741823 ((1, 1), (1, 6), (1, 8), (1, 8), (1, 8))
1700 1073741822 ((1, 1), (1, 6), (1, 8), (2, 7))
1701 1073741822 ((1, 1), (1, 6), (1, 8), (2, 8))
1705 3 ((1, 1), (1, 6), (3, 3))
1709 -939524114 ((1, 1), (1, 6), (3, 7))
1710 1 ((1, 1), (1, 6), (3, 8))
1712 -1073741823 ((1, 1), (1, 7), (1, 7), (1, 7), (1, 8))
1713 1073741822 ((1, 1), (1, 7), (1, 7), (1, 8), (1, 8))
1717 872415227 ((1, 1), (1, 7), (1, 7), (2, 3))
1721 201326595 ((1, 1), (1, 7), (1, 7), (2, 7))
1722 -1073741822 ((1, 1), (1, 7), (1, 7), (2, 8))
1723 -1073741822 ((1, 1), (1, 7), (1, 8), (1, 8), (1, 8))
1727 -671088629 ((1, 1), (1, 7), (1, 8), (2, 3))
1731 -402653187 ((1, 1), (1, 7), (1, 8), (2, 7))
1732 1073741819 ((1, 1), (1, 7), (1, 8), (2, 8))
1736 -402653193 ((1, 1), (1, 7), (3, 3))
1740 805306380 ((1, 1), (1, 7), (3, 7))
1741 3 ((1, 1), (1, 7), (3, 8))
1742 1073741823 ((1, 1), (1, 8), (1, 8), (1, 8), (1, 8))
1746 -201326598 ((1, 1), (1, 8), (1, 8), (2, 3))
1750 201326592 ((1, 1), (1, 8), (1, 8), (2, 7))
1751 3 ((1, 1), (1, 8), (1, 8), (2, 8))
1755 402653193 ((1, 1), (1, 8), (3, 3))
1759 -805306376 ((1, 1), (1, 8), (3, 7))
1760 -4 ((1, 1), (1, 8), (3, 8))
1768 -3 ((1, 1), (2, 0), (2, 7))
1783 -3 ((1, 1), (2, 2), (2, 7))
1785 201326592 ((1, 1), (2, 3), (2, 3))
1789 872415227 ((1, 1), (2, 3), (2, 7))
1790 201326598 ((1, 1), (2, 3), (2, 8))
1794 671088635 ((1, 1), (2, 4), (2, 7))
1801 6 ((1, 1), (2, 6), (2, 7))
1803 201326595 ((1, 1), (2, 7), (2, 7))
1804 -201326592 ((1, 1), (2, 7), (2, 8))
1805 1073741822 ((1, 1), (2, 8), (2, 8))
1809 -603979788 ((1, 1), (4, 3))
1813 -939524077 ((1, 1), (4, 7))
1814 3 ((1, 1), (4, 8))
1969 -201326595 ((1, 2), (1, 2), (3, 7))
2042 3 ((1, 2), (1, 3), (1, 5), (2, 7))
2057 3 ((1, 2), (1, 3), (1, 6), (2, 7))
2079 -3 ((1, 2), (1, 3), (1, 8), (2, 7))
2085 1073741822 ((1, 2), (1, 3), (3, 4))
2088 402653172 ((1, 2), (1, 3), (3, 7))
2148 1073741823 ((1, 2), (1, 4), (1, 7), (1, 7), (1, 7))
2149 -1073741822 ((1, 2), (1, 4), (1, 7), (1, 7), (1, 8))
2150 1073741822 ((1, 2), (1, 4), (1, 7), (1, 8), (1, 8))
2155 1073741822 ((1, 2), (1, 4), (1, 7), (2, 4))
2159 -1073741822 ((1, 2), (1, 4), (1, 7), (2, 8))
2160 -1073741823 ((1, 2), (1, 4), (1, 8), (1, 8), (1, 8))
2165 -1073741822 ((1, 2), (1, 4), (1, 8), (2, 4))
2169 1073741822 ((1, 2), (1, 4), (1, 8), (2, 8))
2177 268435462 ((1, 2), (1, 4), (3, 7))
2178 1 ((1, 2), (1, 4), (3, 8))
2196 6 ((1, 2), (1, 5), (1, 5), (2, 7))
2211 6 ((1, 2), (1, 5), (1, 6), (2, 7))
2213 1073741823 ((1, 2), (1, 5), (1, 7), (1, 7), (1, 7))
2214 -1073741822 ((1, 2), (1, 5), (1, 7), (1, 7), (1, 8))
2215 1073741822 ((1, 2), (1, 5), (1, 7), (1, 8), (1, 8))
2223 1073741819 ((1, 2), (1, 5), (1, 7), (2, 7))
2224 -1073741822 ((1, 2), (1, 5), (1, 7), (2, 8))
2225 -1073741823 ((1, 2), (1, 5), (1, 8), (1, 8), (1, 8))
2233 1073741822 ((1, 2), (1, 5), (1, 8), (2, 7))
2234 1073741822 ((1, 2), (1, 5), (1, 8), (2, 8))
2239 3 ((1, 2), (1, 5), (3, 4))
2242 -939524114 ((1, 2), (1, 5), (3, 7))
2243 1 ((1, 2), (1, 5), (3, 8))
2269 -3 ((1, 2), (1, 6), (1, 7), (2, 7))
2279 3 ((1, 2), (1, 6), (1, 8), (2, 7))
2288 134217724 ((1, 2), (1, 6), (3, 7))
2291 -1073741823 ((1, 2), (1, 7), (1, 7), (1, 7), (1, 8))
2292 1073741822 ((1, 2), (1, 7), (1, 7), (1, 8), (1, 8))
2297 872415227 ((1, 2), (1, 7), (1, 7), (2, 4))
2300 201326595 ((1, 2), (1, 7), (1, 7), (2, 7))
2301 -1073741822 ((1, 2), (1, 7), (1, 7), (2, 8))
2302 -1073741822 ((1, 2), (1, 7), (1, 8), (1, 8), (1, 8))
2307 -671088629 ((1, 2), (1, 7), (1, 8), (2, 4))
2310 -402653187 ((1, 2), (1, 7), (1, 8), (2, 7))
2311 1073741819 ((1, 2), (1, 7), (1, 8), (2, 8))
2316 -402653193 ((1, 2), (1, 7), (3, 4))
2319 805306380 ((1, 2), (1, 7), (3, 7))
2320 3 ((1, 2), (1, 7), (3, 8))
2321 1073741823 ((1, 2), (1, 8), (1, 8), (1, 8), (1, 8))
2326 -201326598 ((1, 2), (1, 8), (1, 8), (2, 4))
2329 201326592 ((1, 2), (1, 8), (1, 8), (2, 7))
2330 3 ((1, 2), (1, 8), (1, 8), (2, 8))
2335 402653193 ((1, 2), (1, 8), (3, 4))
2338 -805306376 ((1, 2), (1, 8), (3, 7))
2339 -4 ((1, 2), (1, 8), (3, 8))
2347 -3 ((1, 2), (2, 0), (2, 7))
2355 -3 ((1, 2), (2, 1), (2, 7))
2368 671088635 ((1, 2), (2, 3), (2, 7))
2370 201326592 ((1, 2), (2, 4), (2, 4))
2373 872415227 ((1, 2), (2, 4), (2, 7))
2374 201326598 ((1, 2), (2, 4), (2, 8))
2377 6 ((1, 2), (2, 5), (2, 7))
2382 201326595 ((1, 2), (2, 7), (2, 7))
2383 -201326592 ((1, 2), (2, 7), (2, 8))
2384 1073741822 ((1, 2), (2, 8), (2, 8))
2389 -603979788 ((1, 2), (4, 4))
2392 -939524077 ((1, 2), (4, 7))
2393 3 ((1, 2), (4, 8))
2482 -357913941 ((1, 3), (1, 3), (1, 7), (1, 7), (1, 7))
2483 1073741823 ((1, 3), (1, 3), (1, 7), (1, 7), (1, 8))
2484 -1073741823 ((1, 3), (1, 3), (1, 7), (1, 8), (1, 8))
2488 -1073741823 ((1, 3), (1, 3), (1, 7), (2, 3))
2493 1073741823 ((1, 3), (1, 3), (1, 7), (2, 8))
2494 357913941 ((1, 3), (1, 3), (1, 8), (1, 8), (1, 8))
2498 1073741823 ((1, 3), (1, 3), (1, 8), (2, 3))
2503 -1073741823 ((1, 3), (1, 3), (1, 8), (2, 8))
2511 -782936748 ((1, 3), (1, 3), (3, 7))
2512 715827882 ((1, 3), (1, 3), (3, 8))
2554 -1 ((1, 3), (1, 4), (1, 5), (2, 7))
2569 -1 ((1, 3), (1, 4), (1, 6), (2, 7))
2591 1 ((1, 3), (1, 4), (1, 8), (2, 7))
2596 -1073741823 ((1, 3), (1, 4), (3, 3))
2597 -1073741823 ((1, 3), (1, 4), (3, 4))
2600 268435461 ((1, 3), (1, 4), (3, 7))
2634 -2 ((1, 3), (1, 5), (1, 6), (2, 7))
2636 -715827882 ((1, 3), (1, 5), (1, 7), (1, 7), (1, 7))
2637 -1 ((1, 3), (1, 5), (1, 7), (1, 7), (1, 8))
2638 1 ((1, 3), (1, 5), (1, 7), (1, 8), (1, 8))
2642 1 ((1, 3), (1, 5), (1, 7), (2, 3))
2646 1 ((1, 3), (1, 5), (1, 7), (2, 7))
2647 -1 ((1, 3), (1, 5), (1, 7), (2, 8))
2648 715827882 ((1, 3), (1, 5), (1, 8), (1, 8), (1, 8))
2652 -1 ((1, 3), (1, 5), (1, 8), (2, 3))
2656 -1 ((1, 3), (1, 5), (1, 8), (2, 7))
2657 1 ((1, 3), (1, 5), (1, 8), (2, 8))
2665 581610153 ((1, 3), (1, 5), (3, 7))
2666 -715827883 ((1, 3), (1, 5), (3, 8))
2680 -2 ((1, 3), (1, 6), (1, 6), (2, 7))
2682 -357913941 ((1, 3), (1, 6), (1, 7), (1, 7), (1, 7))
2683 1073741823 ((1, 3), (1, 6), (1, 7), (1, 7), (1, 8))
2684 -1073741823 ((1, 3), (1, 6), (1, 7), (1, 8), (1, 8))
2692 -1073741822 ((1, 3), (1, 6), (1, 7), (2, 7))
2693 1073741823 ((1, 3), (1, 6), (1, 7), (2, 8))
2694 357913941 ((1, 3), (1, 6), (1, 8), (1, 8), (1, 8))
2702 -1073741823 ((1, 3), (1, 6), (1, 8), (2, 7))
2703 -1073741823 ((1, 3), (1, 6), (1, 8), (2, 8))
2707 -1 ((1, 3), (1, 6), (3, 3))
2708 1 ((1, 3), (1, 6), (3, 4))
2711 -313174690 ((1, 3), (1, 6), (3, 7))
2712 715827882 ((1, 3), (1, 6), (3, 8))
2713 357913941 ((1, 3), (1, 7), (1, 7), (1, 7), (1, 7))
2714 -1073741823 ((1, 3), (1, 7), (1, 7), (1, 7), (1, 8))
2715 1073741823 ((1, 3), (1, 7), (1, 7), (1, 8), (1, 8))
2719 67108865 ((1, 3), (1, 7), (1, 7), (2, 3))
2723 1006632958 ((1, 3), (1, 7), (1, 7), (2, 7))
2724 -1073741823 ((1, 3), (1, 7), (1, 7), (2, 8))
2725 -357913941 ((1, 3), (1, 7), (1, 8), (1, 8), (1, 8))
2729 939524093 ((1, 3), (1, 7), (1, 8), (2, 3))
2733 134217730 ((1, 3), (1, 7), (1, 8), (2, 7))
2734 1073741823 ((1, 3), (1, 7), (1, 8), (2, 8))
2738 134217730 ((1, 3), (1, 7), (3, 3))
2739 1073741823 ((1, 3), (1, 7), (3, 4))
2742 -626349401 ((1, 3), (1, 7), (3, 7))
2743 -715827882 ((1, 3), (1, 7), (3, 8))
2748 -1006632958 ((1, 3), (1, 8), (1, 8), (2, 3))
2752 1006632959 ((1, 3), (1, 8), (1, 8), (2, 7))
2757 -134217730 ((1, 3), (1, 8), (3, 3))
2758 -1073741823 ((1, 3), (1, 8), (3, 4))
2761 -805306365 ((1, 3), (1, 8), (3, 7))
2770 1 ((1, 3), (2, 0), (2, 7))
2785 1 ((1, 3), (2, 2), (2, 7))
2787 -67108864 ((1, 3), (2, 3), (2, 3))
2791 67108865 ((1, 3), (2, 3), (2, 7))
2792 1006632958 ((1, 3), (2, 3), (2, 8))
2796 -939524094 ((1, 3), (2, 4), (2, 7))
2803 -2 ((1, 3), (2, 6), (2, 7))
2805 -67108865 ((1, 3), (2, 7), (2, 7))
2806 -1006632959 ((1, 3), (2, 7), (2, 8))
2811 201326596 ((1, 3), (4, 3))
2812 1073741822 ((1, 3), (4, 4))
2815 671088634 ((1, 3), (4, 7))
2875 -357913941 ((1, 4), (1, 4), (1, 7), (1, 7), (1, 7))
2876 1073741823 ((1, 4), (1, 4), (1, 7), (1, 7), (1, 8))
2877 -1073741823 ((1, 4), (1, 4), (1, 7), (1, 8), (1, 8))
2882 -1073741823 ((1, 4), (1, 4), (1, 7), (2, 4))
2886 1073741823 ((1, 4), (1, 4), (1, 7), (2, 8))
2887 357913941 ((1, 4), (1, 4), (1, 8), (1, 8), (1, 8))
2892 1073741823 ((1, 4), (1, 4), (1, 8), (2, 4))
2896 -1073741823 ((1, 4), (1, 4), (1, 8), (2, 8))
2904 -782936748 ((1, 4), (1, 4), (3, 7))
2905 715827882 ((1, 4), (1, 4), (3, 8))
2923 -2 ((1, 4), (1, 5), (1, 5), (2, 7))
2938 -2 ((1, 4), (1, 5), (1, 6), (2, 7))
2940 -357913941 ((1, 4), (1, 5), (1, 7), (1, 7), (1, 7))
2941 1073741823 ((1, 4), (1, 5), (1, 7), (1, 7), (1, 8))
2942 -1073741823 ((1, 4), (1, 5), (1, 7), (1, 8), (1, 8))
2950 -1073741822 ((1, 4), (1, 5), (1, 7), (2, 7))
2951 1073741823 ((1, 4), (1, 5), (1, 7), (2, 8))
2952 357913941 ((1, 4), (1, 5), (1, 8), (1, 8), (1, 8))
2960 -1073741823 ((1, 4), (1, 5), (1, 8), (2, 7))
2961 -1073741823 ((1, 4), (1, 5), (1, 8), (2, 8))
2965 1 ((1, 4), (1, 5), (3, 3))
2966 -1 ((1, 4), (1, 5), (3, 4))
2969 -313174690 ((1, 4), (1, 5), (3, 7))
2970 715827882 ((1, 4), (1, 5), (3, 8))
2986 -715827882 ((1, 4), (1, 6), (1, 7), (1, 7), (1, 7))
2987 -1 ((1, 4), (1, 6), (1, 7), (1, 7), (1, 8))
2988 1 ((1, 4), (1, 6), (1, 7), (1, 8), (1, 8))
2993 1 ((1, 4), (1, 6), (1, 7), (2, 4))
2996 1 ((1, 4), (1, 6), (1, 7), (2, 7))
2997 -1 ((1, 4), (1, 6), (1, 7), (2, 8))
2998 715827882 ((1, 4), (1, 6), (1, 8), (1, 8), (1, 8))
3003 -1 ((1, 4), (1, 6), (1, 8), (2, 4))
3006 -1 ((1, 4), (1, 6), (1, 8), (2, 7))
3007 1 ((1, 4), (1, 6), (1, 8), (2, 8))
3015 581610153 ((1, 4), (1, 6), (3, 7))
3016 -715827883 ((1, 4), (1, 6), (3, 8))
3017 357913941 ((1, 4), (1, 7), (1, 7), (1, 7), (1, 7))
3018 -1073741823 ((1, 4), (1, 7), (1, 7), (1, 7), (1, 8))
3019 1073741823 ((1, 4), (1, 7), (1, 7), (1, 8), (1, 8))
3024 67108865 ((1, 4), (1, 7), (1, 7), (2, 4))
3027 1006632958 ((1, 4), (1, 7), (1, 7), (2, 7))
3028 -1073741823 ((1, 4), (1, 7), (1, 7), (2, 8))
3029 -357913941 ((1, 4), (1, 7), (1, 8), (1, 8), (1, 8))
3034 939524093 ((1, 4), (1, 7), (1, 8), (2, 4))
3037 134217730 ((1, 4), (1, 7), (1, 8), (2, 7))
3038 1073741823 ((1, 4), (1, 7), (1, 8), (2, 8))
3042 1073741823 ((1, 4), (1, 7), (3, 3))
3043 134217730 ((1, 4), (1, 7), (3, 4))
3046 -626349401 ((1, 4), (1, 7), (3, 7))
3047 -715827882 ((1, 4), (1, 7), (3, 8))
3053 -1006632958 ((1, 4), (1, 8), (1, 8), (2, 4))
3056 1006632959 ((1, 4), (1, 8), (1, 8), (2, 7))
3061 -1073741823 ((1, 4), (1, 8), (3, 3))
3062 -134217730 ((1, 4), (1, 8), (3, 4))
3065 -805306365 ((1, 4), (1, 8), (3, 7))
3074 1 ((1, 4), (2, 0), (2, 7))
3082 1 ((1, 4), (2, 1), (2, 7))
3095 -939524094 ((1, 4), (2, 3), (2, 7))
3097 -67108864 ((1, 4), (2, 4), (2, 4))
3100 67108865 ((1, 4), (2, 4), (2, 7))
3101 1006632958 ((1, 4), (2, 4), (2, 8))
3104 -2 ((1, 4), (2, 5), (2, 7))
3109 -67108865 ((1, 4), (2, 7), (2, 7))
3110 -1006632959 ((1, 4), (2, 7), (2, 8))
3115 1073741822 ((1, 4), (4, 3))
3116 201326596 ((1, 4), (4, 4))
3119 671088634 ((1, 4), (4, 7))
3153 -4 ((1, 5), (1, 5), (1, 6), (2, 7))
3165 2 ((1, 5), (1, 5), (1, 7), (2, 7))
3175 -2 ((1, 5), (1, 5), (1, 8), (2, 7))
3184 4 ((1, 5), (1, 5), (3, 7))
3199 -4 ((1, 5), (1, 6), (1, 6), (2, 7))
3201 715827883 ((1, 5), (1, 6), (1, 7), (1, 7), (1, 7))
3202 -2 ((1, 5), (1, 6), (1, 7), (1, 7), (1, 8))
3203 2 ((1, 5), (1, 6), (1, 7), (1, 8), (1, 8))
3211 6 ((1, 5), (1, 6), (1, 7), (2, 7))
3212 -2 ((1, 5), (1, 6), (1, 7), (2, 8))
3213 -715827883 ((1, 5), (1, 6), (1, 8), (1, 8), (1, 8))
3221 -2 ((1, 5), (1, 6), (1, 8), (2, 7))
3222 2 ((1, 5), (1, 6), (1, 8), (2, 8))
3226 -2 ((1, 5), (1, 6), (3, 3))
3227 -2 ((1, 5), (1, 6), (3, 4))
3230 -178956957 ((1, 5), (1, 6), (3, 7))
3231 715827881 ((1, 5), (1, 6), (3, 8))
3232 357913941 ((1, 5), (1, 7), (1, 7), (1, 7), (1, 7))
3233 -715827882 ((1, 5), (1, 7), (1, 7), (1, 7), (1, 8))
3238 134217731 ((1, 5), (1, 7), (1, 7), (2, 3))
3242 -134217732 ((1, 5), (1, 7), (1, 7), (2, 7))
3244 715827882 ((1, 5), (1, 7), (1, 8), (1, 8), (1, 8))
3248 -268435463 ((1, 5), (1, 7), (1, 8), (2, 3))
3252 268435462 ((1, 5), (1, 7), (1, 8), (2, 7))
3253 1 ((1, 5), (1, 7), (1, 8), (2, 8))
3257 268435462 ((1, 5), (1, 7), (3, 3))
3258 1 ((1, 5), (1, 7), (3, 4))
3261 178956958 ((1, 5), (1, 7), (3, 7))
3262 -715827883 ((1, 5), (1, 7), (3, 8))
3263 -357913941 ((1, 5), (1, 8), (1, 8), (1, 8), (1, 8))
3267 134217732 ((1, 5), (1, 8), (1, 8), (2, 3))
3271 -134217730 ((1, 5), (1, 8), (1, 8), (2, 7))
3272 -1 ((1, 5), (1, 8), (1, 8), (2, 8))
3276 -268435462 ((1, 5), (1, 8), (3, 3))
3277 -1 ((1, 5), (1, 8), (3, 4))
3280 -894784843 ((1, 5), (1, 8), (3, 7))
3281 -715827881 ((1, 5), (1, 8), (3, 8))
3289 2 ((1, 5), (2, 0), (2, 7))
3304 2 ((1, 5), (2, 2), (2, 7))
3306 -134217728 ((1, 5), (2, 3), (2, 3))
3310 134217731 ((1, 5), (2, 3), (2, 7))
3311 -134217732 ((1, 5), (2, 3), (2, 8))
3315 268435459 ((1, 5), (2, 4), (2, 7))
3322 -4 ((1, 5), (2, 6), (2, 7))
3324 939524092 ((1, 5), (2, 7), (2, 7))
3325 134217730 ((1, 5), (2, 7), (2, 8))
3326 -1073741823 ((1, 5), (2, 8), (2, 8))
3330 402653192 ((1, 5), (4, 3))
3331 3 ((1, 5), (4, 4))
3334 -805306384 ((1, 5), (4, 7))
3335 -1 ((1, 5), (4, 8))
3361 2 ((1, 6), (1, 6), (1, 7), (2, 7))
3371 -2 ((1, 6), (1, 6), (1, 8), (2, 7))
3380 4 ((1, 6), (1, 6), (3, 7))
3382 357913941 ((1, 6), (1, 7), (1, 7), (1, 7), (1, 7))
3383 -715827882 ((1, 6), (1, 7), (1, 7), (1, 7), (1, 8))
3389 134217731 ((1, 6), (1, 7), (1, 7), (2, 4))
3392 -134217732 ((1, 6), (1, 7), (1, 7), (2, 7))
3394 715827882 ((1, 6), (1, 7), (1, 8), (1, 8), (1, 8))
3399 -268435463 ((1, 6), (1, 7), (1, 8), (2, 4))
3402 268435462 ((1, 6), (1, 7), (1, 8), (2, 7))
3403 1 ((1, 6), (1, 7), (1, 8), (2, 8))
3407 1 ((1, 6), (1, 7), (3, 3))
3408 268435462 ((1, 6), (1, 7), (3, 4))
3411 178956958 ((1, 6), (1, 7), (3, 7))
3412 -715827883 ((1, 6), (1, 7), (3, 8))
3413 -357913941 ((1, 6), (1, 8), (1, 8), (1, 8), (1, 8))
3418 134217732 ((1, 6), (1, 8), (1, 8), (2, 4))
3421 -134217730 ((1, 6), (1, 8), (1, 8), (2, 7))
3422 -1 ((1, 6), (1, 8), (1, 8), (2, 8))
3426 -1 ((1, 6), (1, 8), (3, 3))
3427 -268435462 ((1, 6), (1, 8), (3, 4))
3430 -894784843 ((1, 6), (1, 8), (3, 7))
3431 -715827881 ((1, 6), (1, 8), (3, 8))
3439 2 ((1, 6), (2, 0), (2, 7))
3447 2 ((1, 6), (2, 1), (2, 7))
3460 268435459 ((1, 6), (2, 3), (2, 7))
3462 -134217728 ((1, 6), (2, 4), (2, 4))
3465 134217731 ((1, 6), (2, 4), (2, 7))
3466 -134217732 ((1, 6), (2, 4), (2, 8))
3469 -4 ((1, 6), (2, 5), (2, 7))
3474 939524092 ((1, 6), (2, 7), (2, 7))
3475 134217730 ((1, 6), (2, 7), (2, 8))
3476 -1073741823 ((1, 6), (2, 8), (2, 8))
3480 3 ((1, 6), (4, 3))
3481 402653192 ((1, 6), (4, 4))
3484 -805306384 ((1, 6), (4, 7))
3485 -1 ((1, 6), (4, 8))
3487 -715827882 ((1, 7), (1, 7), (1, 7), (1, 7), (1, 8))
3488 715827881 ((1, 7), (1, 7), (1, 7), (1, 8), (1, 8))
3492 -782936748 ((1, 7), (1, 7), (1, 7), (2, 3))
3493 -782936748 ((1, 7), (1, 7), (1, 7), (2, 4))
3496 134217730 ((1, 7), (1, 7), (1, 7), (2, 7))
3497 -715827881 ((1, 7), (1, 7), (1, 7), (2, 8))
3498 2 ((1, 7), (1, 7), (1, 8), (1, 8), (1, 8))
3502 -872415226 ((1, 7), (1, 7), (1, 8), (2, 3))
3503 -872415226 ((1, 7), (1, 7), (1, 8), (2, 4))
3506 -402653188 ((1, 7), (1, 7), (1, 8), (2, 7))
3507 -6 ((1, 7), (1, 7), (1, 8), (2, 8))
3511 -268435462 ((1, 7), (1, 7), (3, 3))
3512 -268435462 ((1, 7), (1, 7), (3, 4))
3515 671088650 ((1, 7), (1, 7), (3, 7))
3516 4 ((1, 7), (1, 7), (3, 8))
3517 715827881 ((1, 7), (1, 8), (1, 8), (1, 8), (1, 8))
3521 -201326598 ((1, 7), (1, 8), (1, 8), (2, 3))
3522 -201326598 ((1, 7), (1, 8), (1, 8), (2, 4))
3525 402653186 ((1, 7), (1, 8), (1, 8), (2, 7))
3526 8 ((1, 7), (1, 8), (1, 8), (2, 8))
3530 536870925 ((1, 7), (1, 8), (3, 3))
3531 536870925 ((1, 7), (1, 8), (3, 4))
3534 -626349415 ((1, 7), (1, 8), (3, 7))
3535 -715827893 ((1, 7), (1, 8), (3, 8))
3543 -2 ((1, 7), (2, 0), (2, 7))
3551 -1 ((1, 7), (2, 1), (2, 7))
3558 -1 ((1, 7), (2, 2), (2, 7))
3560 -1006632960 ((1, 7), (2, 3), (2, 3))
3564 -335544326 ((1, 7), (2, 3), (2, 7))
3565 201326598 ((1, 7), (2, 3), (2, 8))
3566 -1006632960 ((1, 7), (2, 4), (2, 4))
3569 -335544326 ((1, 7), (2, 4), (2, 7))
3570 201326598 ((1, 7), (2, 4), (2, 8))
3573 2 ((1, 7), (2, 5), (2, 7))
3576 2 ((1, 7), (2, 6), (2, 7))
3578 402653190 ((1, 7), (2, 7), (2, 7))
3579 -402653186 ((1, 7), (2, 7), (2, 8))
3580 -4 ((1, 7), (2, 8), (2, 8))
3584 -603979789 ((1, 7), (4, 3))
3585 -603979789 ((1, 7), (4, 4))
3588 -536870887 ((1, 7), (4, 7))
3589 8 ((1, 7), (4, 8))
3590 -715827882 ((1, 8), (1, 8), (1, 8), (1, 8), (1, 8))
3594 -290805075 ((1, 8), (1, 8), (1, 8), (2, 3))
3595 -290805075 ((1, 8), (1, 8), (1, 8), (2, 4))
3598 -134217728 ((1, 8), (1, 8), (1, 8), (2, 7))
3599 715827879 ((1, 8), (1, 8), (1, 8), (2, 8))
3603 -268435463 ((1, 8), (1, 8), (3, 3))
3604 -268435463 ((1, 8), (1, 8), (3, 4))
3607 -44739235 ((1, 8), (1, 8), (3, 7))
3608 715827889 ((1, 8), (1, 8), (3, 8))
3616 2 ((1, 8), (2, 0), (2, 7))
3624 1 ((1, 8), (2, 1), (2, 7))
3631 1 ((1, 8), (2, 2), (2, 7))
3633 1006632960 ((1, 8), (2, 3), (2, 3))
3637 -738197497 ((1, 8), (2, 3), (2, 7))
3638 872415225 ((1, 8), (2, 3), (2, 8))
3639 1006632960 ((1, 8), (2, 4), (2, 4))
3642 -738197497 ((1, 8), (2, 4), (2, 7))
3643 872415225 ((1, 8), (2, 4), (2, 8))
3646 -2 ((1, 8), (2, 5), (2, 7))
3649 -2 ((1, 8), (2, 6), (2, 7))
3651 -402653189 ((1, 8), (2, 7), (2, 7))
3652 402653184 ((1, 8), (2, 7), (2, 8))
3653 5 ((1, 8), (2, 8), (2, 8))
3657 603979789 ((1, 8), (4, 3))
3658 603979789 ((1, 8), (4, 4))
3661 536870889 ((1, 8), (4, 7))
3662 -10 ((1, 8), (4, 8))
3670 -4 ((2, 0), (3, 7))
3679 -67108867 ((2, 1), (3, 7))
3688 -67108867 ((2, 2), (3, 7))
3693 268435456 ((2, 3), (3, 3))
3697 380283558 ((2, 3), (3, 7))
3698 -581610150 ((2, 3), (3, 8))
3703 268435456 ((2, 4), (3, 4))
3706 380283558 ((2, 4), (3, 7))
3707 -581610150 ((2, 4), (3, 8))
3715 4 ((2, 5), (3, 7))
3724 4 ((2, 6), (3, 7))
3729 -268435462 ((2, 7), (3, 3))
3730 -268435462 ((2, 7), (3, 4))
3733 939524110 ((2, 7), (3, 7))
3734 -268435456 ((2, 7), (3, 8))
3738 268435463 ((2, 8), (3, 3))
3739 268435463 ((2, 8), (3, 4))
3742 44739235 ((2, 8), (3, 7))
3743 -715827889 ((2, 8), (3, 8))
3747 -805306384 ((5, 3),)
3748 -805306384 ((5, 4),)
3751 -536870887 ((5, 7),)
3752 8 ((5, 8),)
