order=4 deg=19 certified=True char_lead=[7381728, -46800155520, 501765579072, -46800155520, 7381728]

Indicial polynomial I(s) = q_0(s) = c_4(s-4):
  factored: x**7*(x - 1)**3*(2*x - 5)*(3690864*x**8 - 59053824*x**7 + 409061716*x**6 - 1601726448*x**5 + 3876913912*x**4 - 5940014784*x**3 + 5627137052*x**2 - 3014681200*x + 699679047)
  multiplicity of the exponent 0 at z=0 :  m = 7
  => RPC prediction: recurrence order r = 1 + floor(m/2) = 4 ; actual r = 4

leading coeffs: [7381728, -46800155520, 501765579072, -46800155520, 7381728]
char poly (monic): L**4 - 6340*L**3 + 67974*L**2 - 6340*L + 1
roots: ['6329.2605150092915953', '10.645389615263704948', '0.093937379104111658044', '0.00015799634058806504379']
alpha = -3.5   S0 = 0.0   self-agree 297 digits  [10s]

kappa/lambda of the zeta(7) operator:
  kappa_0  = 1.0
  kappa_1  = -1.198284175193544299392804929576883565501e-299
  kappa_2  = -8.733104500357856717271731430193442822762
  kappa_3  = 9.441610584817176932594307014053570836554
  kappa_4  = 30.43180332469510806527400376433467722557
  kappa_5  = -81.94540086930211393991877175684363273604
  kappa_6  = 28.46278906321098209802806398506509301339
  kappa_7  = 204.182123005982638498663846963130453766
  kappa_8  = -422.4873088638540142321906834867194482232
  kappa_9  = 283.9123986468134124714691541696059798299
  kappa_10 = 466.2165015195483325669538239614678097891
  kappa_11 = -1487.777241490529497730193657448567402102
  kappa_12 = 859.1909925976007081750805551358475840554
  kappa_13 = 4049.938490846585412133845826590996049507

 graded test:
   kappa_2        = -292/55*z2^1
   kappa_3        = 432/55*z3.1
   kappa_4        : NONE (dim=1, tol 1e-200)
   kappa_5        : NONE (dim=2, tol 1e-200)
   kappa_6        : NONE (dim=2, tol 1e-200)
   kappa_7        : NONE (dim=3, tol 1e-200)
   kappa_8        : NONE (dim=3, tol 1e-200)
   kappa_9        : NONE (dim=5, tol 1e-200)
   kappa_10       : NONE (dim=5, tol 1e-200)
   kappa_11       : NONE (dim=7, tol 1e-200)
   kappa_12       : NONE (dim=8, tol 1e-200)
   kappa_13       : NONE (dim=10, tol 1e-200)
   lambda_2       = -292/55*z2^1
   lambda_3       = 432/55*z3.1
   lambda_4       : NONE (dim=1, tol 1e-200)
   lambda_5       : NONE (dim=2, tol 1e-200)
   lambda_6       : NONE (dim=2, tol 1e-200)
   lambda_7       : NONE (dim=3, tol 1e-200)
   lambda_8       : NONE (dim=3, tol 1e-200)
   lambda_9       : NONE (dim=5, tol 1e-200)
   lambda_10      : NONE (dim=5, tol 1e-200)
   lambda_11      : NONE (dim=7, tol 1e-200)
   lambda_12      : NONE (dim=8, tol 1e-200)
   lambda_13      : NONE (dim=10, tol 1e-200)

 inhomogeneous test:
   kappa_2        = -292/55*z2^1
   kappa_3        = 432/55*z3.1
   kappa_4        = 667471/2330460*z2^1 609/55*z2^2
   kappa_5        = 26033752967/19382012100*z2^1 -667471/388410*z3.1 -468/11*z3.z2^1 108/55*z5.1
   kappa_6        : NONE (dim=8, tol 1e-200)
   kappa_7        : NONE (dim=11, tol 1e-200)
   kappa_8        : NONE (dim=14, tol 1e-200)
   kappa_9        = -10869866268/545917271*1 4810841623/545917271*z2^1 -4098480311/545917271*z3.1 10640115117/545917271*z2^2 976563845/545917271*z3.z2^1 12379092761/545917271*z5.1 -6313919041/545917271*z2^3 -19719992207/545917271*z3.z3.1 -4226420139/545917271*z3.z2^2 15934923708/545917271*z5.z2^1 -557002195/545917271*z7.1 25390209983/545917271*z2^4 -16892865487/545917271*z3.z3.z2^1 15134044493/545917271*z3.z5.1 -15460398619/545917271*z3.z2^3 2760755451/545917271*z3.z3.z3.1 37198108166/545917271*z5.z2^2 -10593388913/545917271*z7.z2^1 -10415422302/545917271*z9.1
   lambda_2       = -292/55*z2^1
   lambda_3       = 432/55*z3.1
   lambda_4       = 667471/2330460*z2^1 -9137/3025*z2^2
   lambda_5       = 26033752967/19382012100*z2^1 -667471/388410*z3.1 -2556/3025*z3.z2^1 108/55*z5.1
   lambda_6       : NONE (dim=8, tol 1e-200)
   lambda_7       : NONE (dim=11, tol 1e-200)
   lambda_8       : NONE (dim=14, tol 1e-200)
   lambda_9       = -6826456113/2262148393*1 -29982695231/2262148393*z2^1 -24949881293/2262148393*z3.1 -77151411949/2262148393*z2^2 10543638563/2262148393*z3.z2^1 -93240006324/2262148393*z5.1 -13472964451/2262148393*z2^3 -17135642108/2262148393*z3.z3.1 -1617551727/2262148393*z3.z2^2 -15665772167/2262148393*z5.z2^1 -23883215922/2262148393*z7.1 9681139150/2262148393*z2^4 -15526125994/2262148393*z3.z3.z2^1 -87729582393/2262148393*z3.z5.1 -36620254590/2262148393*z3.z2^3 -76844491707/2262148393*z3.z3.z3.1 33358401886/2262148393*z5.z2^2 -45116442215/2262148393*z7.z2^1 -23179809489/2262148393*z9.1
