=== emit3 (B-bot gauge) ===
   prime 4193977 done [128s]
   prime 4194007 done [129s]
   prime 4193971 done [130s]
   prime 4193963 done [149s]
   prime 4193957 done [151s]
HELD-OUT: 0 mismatches over 8 x 4634 x 24 = 889728 identities
degree mismatch across primes: 0 coefficients
unliftable: 0 of 96813 coefficients  [157s]
=== emit2 ===
unliftable coefficients: 0 
block          part    deg_n deg_k deg_l  monomials    Qnum    Qden    Zcoef   Zscale  colcoef  colscale
1              rho        50    12    10       5356     122      14        0        0      123        14
1              sigma      50    10    12       3214     120      14        0        0      120        14
h1_k           rho        49    12    10       4774     121      14        0        0      123        14
h1_k           sigma      49    10    12       2753     119      14        0        0      120        14
h1_l           rho        49    12    10       4774     119      14        0        0      119        14
h1_l           sigma      49    10    12       2753     117      14        0        0      118        14
h1_mk          rho        49    12    10       4774     121      14        0        0      122        14
h1_mk          sigma      49    10    12       2753     118      14        0        0      118        14
h1_n           rho        49    12    10       4774     121      14        0        0      122        14
h1_n           sigma      49    10    12       2753     118      14        0        0      118        14
h1_pk          rho        49    12    10       4774     119      14        0        0      119        14
h1_pk          sigma      49    10    12       2753     117      14        0        0      118        14
h1_pkl         rho        49    12    10       4774     121      14        0        0      122        14
h1_pkl         sigma      49    10    12       2753     118      14        0        0      118        14
h1_pl          rho        49    12    10       4774     119      14        0        0      122        14
h1_pl          sigma      49     3    12       1661     118      14        0        0      119        14
h2_k           rho        50    12    10       4573     122      14        0        0      123        14
h2_k           sigma      50    10    12       2416     119      14        0        0      119        14
h2_l           rho        50    12    10       4574     122      14        0        0      122        14
h2_l           sigma      50    10    12       2416     119      14        0        0      119        14
h2_ml          rho        50    12    10       4574     119      14        0        0      121        14
h2_ml          sigma      50     3    12       1735     115      14        0        0      117        14
h2_n           rho        50    12    10       4574     119      14        0        0      121        14
h2_n           sigma      50     3    12       1735     115      14        0        0      117        14
h2_pk          rho        50    12    10       4574     119      14        0        0      121        14
h2_pk          sigma      50     3    12       1735     115      14        0        0      117        14
MAX/TOTAL                                     93073     122      14        0        0      123        14
written /home/ubuntu/fable-episode-2/zeta-math-2/work/z5star/CERT_wstar_sparse.json (7.7 MB)
written CERT_wstar_sparse.txt
=== check6 (exact Q, n,k,l <= 6) ===
closure J = 42, maximal blocks = 29, ansatz blocks delivered = 13
exact-Q residual check: 158 cells x 42 components = 6636 identities, 0 mismatches
