  ()-ansatz M0  slack=8   nc=312    nbad0=1250
  ()-ansatz M0  slack=10  nc=420    nbad0=1323
  ()-ansatz M0  slack=12  nc=544    nbad0=1411
  ()-ansatz M0  slack=14  nc=684    nbad0=1512
  ()-ansatz M0  slack=16  nc=840    nbad0=1626
  ()-ansatz M2  slack=8   nc=364    nbad0=1285
  ()-ansatz M2  slack=10  nc=480    nbad0=1365
  ()-ansatz M2  slack=12  nc=612    nbad0=1460
  ()-ansatz M2  slack=14  nc=760    nbad0=1567
  ()-ansatz M2  slack=16  nc=924    nbad0=1689
  ()-ansatz M4  slack=8   nc=364    nbad0=1268
  ()-ansatz M4  slack=10  nc=480    nbad0=1344
  ()-ansatz M4  slack=12  nc=612    nbad0=1435
  ()-ansatz M4  slack=14  nc=760    nbad0=1538
  ()-ansatz M4  slack=16  nc=924    nbad0=1656
  ()-ansatz M6  slack=8   nc=420    nbad0=1304
  ()-ansatz M6  slack=10  nc=544    nbad0=1388
  ()-ansatz M6  slack=12  nc=684    nbad0=1485
  ()-ansatz M6  slack=14  nc=840    nbad0=1595
  ()-ansatz M6  slack=16  nc=1012   nbad0=1720
  ()-ansatz M5  slack=8   nc=420    nbad0=1323
  ()-ansatz M5  slack=10  nc=544    nbad0=1411
  ()-ansatz M5  slack=12  nc=684    nbad0=1512
  ()-ansatz M5  slack=14  nc=840    nbad0=1626
  ()-ansatz M5  slack=16  nc=1012   nbad0=1755
  ()-ansatz M7  slack=8   nc=544    nbad0=1388
  ()-ansatz M7  slack=10  nc=684    nbad0=1485
  ()-ansatz M7  slack=12  nc=840    nbad0=1595
  ()-ansatz M7  slack=14  nc=1012   nbad0=1720
  ()-ansatz M7  slack=16  nc=1200   nbad0=1857
  ()-ansatz G0  slack=8   nc=612    nbad0=1412
  ()-ansatz G0  slack=10  nc=760    nbad0=1511
  ()-ansatz G0  slack=12  nc=924    nbad0=1625
  ()-ansatz G0  slack=14  nc=1104   nbad0=1752
  ()-ansatz G0  slack=16  nc=1300   nbad0=1892
  ()-ansatz G1  slack=8   nc=1104   nbad0=1719
  ()-ansatz G1  slack=10  nc=1300   nbad0=1855
  ()-ansatz G1  slack=12  nc=1512   nbad0=2006
  ()-ansatz G1  slack=14  nc=1740   nbad0=2169
  ()-ansatz G1  slack=16  nc=1984   nbad0=2347
  ()-ansatz F1  slack=8   nc=1200   nbad0=1820
  ()-ansatz F1  slack=10  nc=1404   nbad0=1968
  ()-ansatz F1  slack=12  nc=1624   nbad0=2129
  ()-ansatz F1  slack=14  nc=1860   nbad0=2303
  ()-ansatz F1  slack=16  nc=2112   nbad0=2492
