  force=0 letters M0/s8  (nc=338 ker=64)  () M0/s12 (nc=578) : nbadL=0 nbad0=0
  force=0 letters M0/s8  (nc=338 ker=64)  () M0/s16 (nc=882) : nbadL=0 nbad0=0
  force=0 letters M0/s8  (nc=338 ker=64)  () F1/s10 (nc=1458) : nbadL=0 nbad0=0
  force=0 letters M0/s12 (nc=578 ker=144)  () M0/s12 (nc=578) : nbadL=0 nbad0=0
  force=0 letters M0/s12 (nc=578 ker=144)  () M0/s16 (nc=882) : nbadL=0 nbad0=0
  force=0 letters M0/s12 (nc=578 ker=144)  () F1/s10 (nc=1458) : nbadL=0 nbad0=0
  force=0 letters M0/s16 (nc=882 ker=256)  () M0/s12 (nc=578) : nbadL=0 nbad0=0
  force=0 letters M0/s16 (nc=882 ker=256)  () M0/s16 (nc=882) : nbadL=0 nbad0=0
  force=0 letters M0/s16 (nc=882 ker=256)  () F1/s10 (nc=1458) : nbadL=0 nbad0=0
  force=0 letters M0/s20 (nc=1250 ker=400)  () M0/s12 (nc=578) : nbadL=0 nbad0=0
  force=0 letters M0/s20 (nc=1250 ker=400)  () M0/s16 (nc=882) : nbadL=0 nbad0=0
  force=0 letters M0/s20 (nc=1250 ker=400)  () F1/s10 (nc=1458) : nbadL=0 nbad0=0
  force=0 letters F1/s8  (nc=1250 ker=324)  () M0/s12 (nc=578) : nbadL=0 nbad0=0
  force=0 letters F1/s8  (nc=1250 ker=324)  () M0/s16 (nc=882) : nbadL=0 nbad0=0
  force=0 letters F1/s8  (nc=1250 ker=324)  () F1/s10 (nc=1458) : nbadL=0 nbad0=0
  force=1 letters M0/s8  (nc=312 ker=64)  () M0/s12 (nc=544) : nbadL=0 nbad0=1411
  force=1 letters M0/s8  (nc=312 ker=64)  () M0/s16 (nc=840) : nbadL=0 nbad0=1626
  force=1 letters M0/s8  (nc=312 ker=64)  () F1/s10 (nc=1404) : nbadL=0 nbad0=1968
  force=1 letters M0/s12 (nc=544 ker=144)  () M0/s12 (nc=544) : nbadL=0 nbad0=2707
  force=1 letters M0/s12 (nc=544 ker=144)  () M0/s16 (nc=840) : nbadL=0 nbad0=2922
  force=1 letters M0/s12 (nc=544 ker=144)  () F1/s10 (nc=1404) : nbadL=0 nbad0=3225
  force=1 letters M0/s16 (nc=840 ker=256)  () M0/s12 (nc=544) : nbadL=0 nbad0=4386
  force=1 letters M0/s16 (nc=840 ker=256)  () M0/s16 (nc=840) : nbadL=0 nbad0=4737
  force=1 letters M0/s16 (nc=840 ker=256)  () F1/s10 (nc=1404) : nbadL=0 nbad0=4873
  force=1 letters M0/s20 (nc=1200 ker=400)  () M0/s12 (nc=544) : nbadL=0 nbad0=6520
  force=1 letters M0/s20 (nc=1200 ker=400)  () M0/s16 (nc=840) : nbadL=0 nbad0=6911
  force=1 letters M0/s20 (nc=1200 ker=400)  () F1/s10 (nc=1404) : nbadL=0 nbad0=7007
  force=1 letters F1/s8  (nc=1200 ker=324)  () M0/s12 (nc=544) : nbadL=0 nbad0=5185
  force=1 letters F1/s8  (nc=1200 ker=324)  () M0/s16 (nc=840) : nbadL=0 nbad0=5400
  force=1 letters F1/s8  (nc=1200 ker=324)  () F1/s10 (nc=1404) : nbadL=0 nbad0=6108
