DP=2 DM=3 -- proper subsets of the 9-symbol optimum:
  A1(k)                                          sym=2 cols=40   rows=190  rank=37   excess=153  inconsistent
  A2(k)                                          sym=2 cols=40   rows=190  rank=37   excess=153  inconsistent
  B1(k)                                          sym=2 cols=40   rows=190  rank=37   excess=153  inconsistent
  A1(l)                                          sym=2 cols=40   rows=190  rank=37   excess=153  inconsistent
  B1(l)                                          sym=2 cols=40   rows=190  rank=37   excess=153  inconsistent
  N3                                             sym=1 cols=40   rows=190  rank=28   excess=162  inconsistent
  A1(k),A2(k)                                    sym=4 cols=100  rows=250  rank=97   excess=153  inconsistent
  A1(k),B1(k)                                    sym=3 cols=100  rows=250  rank=97   excess=153  inconsistent
  A1(k),A1(l)                                    sym=4 cols=100  rows=250  rank=54   excess=196  inconsistent
  A1(k),B1(l)                                    sym=4 cols=100  rows=250  rank=97   excess=153  inconsistent
  A1(k),N3                                       sym=3 cols=100  rows=250  rank=88   excess=162  inconsistent
  A2(k),B1(k)                                    sym=4 cols=100  rows=250  rank=97   excess=153  inconsistent
  A1(l),A2(k)                                    sym=4 cols=100  rows=250  rank=97   excess=153  inconsistent
  A2(k),B1(l)                                    sym=4 cols=100  rows=250  rank=97   excess=153  inconsistent
  A2(k),N3                                       sym=3 cols=100  rows=250  rank=88   excess=162  inconsistent
  A1(l),B1(k)                                    sym=4 cols=100  rows=250  rank=97   excess=153  inconsistent
  B1(k),B1(l)                                    sym=4 cols=100  rows=250  rank=54   excess=196  inconsistent
  B1(k),N3                                       sym=3 cols=100  rows=250  rank=88   excess=162  inconsistent
  A1(l),B1(l)                                    sym=3 cols=100  rows=250  rank=97   excess=153  inconsistent
  A1(l),N3                                       sym=3 cols=100  rows=250  rank=88   excess=162  inconsistent
  B1(l),N3                                       sym=3 cols=100  rows=250  rank=88   excess=162  inconsistent
  A1(k),A2(k),B1(k)                              sym=5 cols=200  rows=350  rank=197  excess=153  inconsistent
  A1(k),A1(l),A2(k)                              sym=6 cols=200  rows=350  rank=154  excess=196  inconsistent
  A1(k),A2(k),B1(l)                              sym=6 cols=200  rows=350  rank=197  excess=153  inconsistent
  A1(k),A2(k),N3                                 sym=5 cols=200  rows=350  rank=188  excess=162  inconsistent
  A1(k),A1(l),B1(k)                              sym=5 cols=200  rows=350  rank=154  excess=196  inconsistent
  A1(k),B1(k),B1(l)                              sym=5 cols=200  rows=350  rank=154  excess=196  inconsistent
  A1(k),B1(k),N3                                 sym=4 cols=200  rows=350  rank=188  excess=162  inconsistent
  A1(k),A1(l),B1(l)                              sym=5 cols=200  rows=350  rank=154  excess=196  inconsistent
  A1(k),A1(l),N3                                 sym=5 cols=200  rows=350  rank=112  excess=238  inconsistent
  A1(k),B1(l),N3                                 sym=5 cols=200  rows=350  rank=188  excess=162  inconsistent
  A1(l),A2(k),B1(k)                              sym=6 cols=200  rows=350  rank=197  excess=153  inconsistent
  A2(k),B1(k),B1(l)                              sym=6 cols=200  rows=350  rank=154  excess=196  inconsistent
  A2(k),B1(k),N3                                 sym=5 cols=200  rows=350  rank=188  excess=162  inconsistent
  A1(l),A2(k),B1(l)                              sym=5 cols=200  rows=350  rank=197  excess=153  inconsistent
  A1(l),A2(k),N3                                 sym=5 cols=200  rows=350  rank=188  excess=162  inconsistent
  A2(k),B1(l),N3                                 sym=5 cols=200  rows=350  rank=188  excess=162  inconsistent
  A1(l),B1(k),B1(l)                              sym=5 cols=200  rows=350  rank=154  excess=196  inconsistent
  A1(l),B1(k),N3                                 sym=5 cols=200  rows=350  rank=188  excess=162  inconsistent
  B1(k),B1(l),N3                                 sym=5 cols=200  rows=350  rank=112  excess=238  inconsistent
  A1(l),B1(l),N3                                 sym=4 cols=200  rows=350  rank=188  excess=162  inconsistent
  A1(k),A1(l),A2(k),B1(k)                        sym=7 cols=350  rows=525  rank=295  excess=230  inconsistent
  A1(k),A2(k),B1(k),B1(l)                        sym=7 cols=350  rows=525  rank=304  excess=221  inconsistent
  A1(k),A2(k),B1(k),N3                           sym=6 cols=350  rows=525  rank=338  excess=187  inconsistent
  A1(k),A1(l),A2(k),B1(l)                        sym=7 cols=350  rows=525  rank=295  excess=230  inconsistent
  A1(k),A1(l),A2(k),N3                           sym=7 cols=350  rows=525  rank=262  excess=263  inconsistent
  A1(k),A2(k),B1(l),N3                           sym=7 cols=350  rows=525  rank=338  excess=187  inconsistent
  A1(k),A1(l),B1(k),B1(l)                        sym=6 cols=350  rows=525  rank=181  excess=344  inconsistent
  A1(k),A1(l),B1(k),N3                           sym=6 cols=350  rows=525  rank=262  excess=263  inconsistent
  A1(k),B1(k),B1(l),N3                           sym=6 cols=350  rows=525  rank=262  excess=263  inconsistent
  A1(k),A1(l),B1(l),N3                           sym=6 cols=350  rows=525  rank=262  excess=263  inconsistent
  A1(l),A2(k),B1(k),B1(l)                        sym=7 cols=350  rows=525  rank=304  excess=221  inconsistent
  A1(l),A2(k),B1(k),N3                           sym=7 cols=350  rows=525  rank=338  excess=187  inconsistent
  A2(k),B1(k),B1(l),N3                           sym=7 cols=350  rows=525  rank=262  excess=263  inconsistent
  A1(l),A2(k),B1(l),N3                           sym=6 cols=350  rows=525  rank=338  excess=187  inconsistent
  A1(l),B1(k),B1(l),N3                           sym=6 cols=350  rows=525  rank=262  excess=263  inconsistent
  A1(k),A1(l),A2(k),B1(k),B1(l)                  sym=8 cols=560  rows=840  rank=382  excess=458  inconsistent
  A1(k),A1(l),A2(k),B1(k),N3                     sym=8 cols=560  rows=840  rank=457  excess=383  inconsistent
  A1(k),A2(k),B1(k),B1(l),N3                     sym=8 cols=560  rows=840  rank=472  excess=368  inconsistent
  A1(k),A1(l),A2(k),B1(l),N3                     sym=8 cols=560  rows=840  rank=457  excess=383  inconsistent
  A1(k),A1(l),B1(k),B1(l),N3                     sym=7 cols=560  rows=840  rank=296  excess=544  inconsistent
  A1(l),A2(k),B1(k),B1(l),N3                     sym=8 cols=560  rows=840  rank=472  excess=368  inconsistent
proper subsets of the proved E=7 optimum:
  A1(k)                                          sym=2 cols=40   rows=190  rank=37   excess=153  inconsistent
  A2(k)                                          sym=2 cols=40   rows=190  rank=37   excess=153  inconsistent
  B1(k)                                          sym=2 cols=40   rows=190  rank=37   excess=153  inconsistent
  A2(l)                                          sym=2 cols=40   rows=190  rank=37   excess=153  inconsistent
  A1(k),A2(k)                                    sym=4 cols=100  rows=250  rank=97   excess=153  inconsistent
  A1(k),B1(k)                                    sym=3 cols=100  rows=250  rank=97   excess=153  inconsistent
  A1(k),A2(l)                                    sym=4 cols=100  rows=250  rank=97   excess=153  inconsistent
  A2(k),B1(k)                                    sym=4 cols=100  rows=250  rank=97   excess=153  inconsistent
  A2(k),A2(l)                                    sym=4 cols=100  rows=250  rank=54   excess=196  inconsistent
  A2(l),B1(k)                                    sym=4 cols=100  rows=250  rank=97   excess=153  inconsistent
  A1(k),A2(k),B1(k)                              sym=5 cols=200  rows=350  rank=197  excess=153  inconsistent
  A1(k),A2(k),A2(l)                              sym=6 cols=200  rows=350  rank=154  excess=196  inconsistent
  A1(k),A2(l),B1(k)                              sym=5 cols=200  rows=350  rank=197  excess=153  inconsistent
  A2(k),A2(l),B1(k)                              sym=6 cols=200  rows=350  rank=154  excess=196  inconsistent
CONTROL positive (must be CONSISTENT):
  A1(k),A1(l),A2(k),B1(k),B1(l),N3               sym=9 cols=840  rows=1260 rank=561  excess=699  CONSISTENT
  A1(k),A2(k),A2(l),A3(k),B1(k),N3               sym=10 cols=840  rows=1260 rank=752  excess=508  CONSISTENT
