09:24:14 free/avail=3782/8688M 
09:24:35 free/avail=3213/8128M 223348:0.36GB 223527:0.33GB 
09:24:55 free/avail=7747/12615M 223348:0.44GB 223527:0.38GB 
09:25:15 free/avail=7596/12466M 223348:0.54GB 223527:0.43GB 
09:25:36 free/avail=7510/12390M 223348:0.57GB 223527:0.46GB 
09:25:56 free/avail=7401/12293M 223348:0.64GB 223527:0.50GB 
09:26:16 free/avail=7109/12018M 223348:0.81GB 223527:0.59GB 
09:26:37 free/avail=6827/11741M 223348:1.04GB 223527:0.63GB 
09:26:57 free/avail=6790/11711M 223348:1.07GB 223527:0.63GB 
09:27:17 free/avail=5471/11255M 223348:1.15GB 223527:0.64GB 
09:27:38 free/avail=3653/10967M 223348:1.30GB 223527:0.65GB 
09:27:58 free/avail=794/10830M 223348:1.42GB 223527:0.66GB 
09:28:19 free/avail=1314/11179M 223348:1.59GB 223527:0.68GB 
09:28:39 free/avail=1353/11130M 223348:1.63GB 223527:0.69GB 
09:28:59 free/avail=583/10374M 223348:1.63GB 223527:0.70GB 
09:29:20 free/avail=1165/10950M 223348:1.72GB 223527:0.71GB 
09:29:40 free/avail=435/10111M 223348:1.73GB 223527:0.72GB 
09:30:01 free/avail=563/10042M 223348:1.74GB 223527:0.73GB 
09:30:21 free/avail=1161/10684M 223348:1.74GB 223527:0.74GB 
09:30:41 free/avail=1069/10580M 223348:1.79GB 223527:0.75GB 
09:31:02 free/avail=832/10348M 223348:1.80GB 223527:0.77GB 
09:31:22 free/avail=1157/10637M 223348:1.81GB 223527:0.78GB 
09:31:43 free/avail=1051/10536M 223348:1.91GB 223527:0.78GB 
09:32:04 free/avail=729/10231M 223348:1.93GB 223527:0.79GB 
09:32:24 free/avail=1176/10483M 223348:1.95GB 223527:0.79GB 
09:32:44 free/avail=1247/10559M 223348:1.88GB 223527:0.79GB 
09:33:04 free/avail=1165/10481M 223348:1.94GB 223527:0.79GB 
09:33:25 free/avail=285/9604M 223348:1.96GB 223527:0.79GB 
09:33:46 free/avail=1186/10476M 223348:1.96GB 223527:0.79GB 
09:34:06 free/avail=1163/10457M 223348:1.96GB 223527:0.79GB 
09:34:27 free/avail=1110/10406M 223348:1.96GB 223527:0.81GB 
09:34:47 free/avail=1112/10412M 223348:1.98GB 223527:0.81GB 
09:35:07 free/avail=1092/10397M 223348:1.99GB 223527:0.82GB 
09:35:28 free/avail=1089/10398M 223348:2.00GB 223527:0.81GB 
09:35:48 free/avail=1084/10398M 223348:2.01GB 223527:0.82GB 
09:36:09 free/avail=1046/10364M 223348:2.02GB 223527:0.83GB 
09:36:30 free/avail=981/10308M 223348:2.02GB 223527:0.83GB 
09:36:50 free/avail=979/10308M 223348:2.03GB 223527:0.84GB 
09:37:10 free/avail=938/10222M 223348:2.14GB 223527:0.82GB 
09:37:31 free/avail=985/10145M 223348:2.20GB 223527:0.83GB 
09:37:51 free/avail=1017/10179M 223348:2.14GB 223527:0.84GB 
09:38:12 free/avail=955/10119M 223348:2.19GB 223527:0.83GB 
09:38:32 free/avail=409/9573M 223348:2.20GB 223527:0.84GB 
09:38:52 free/avail=1278/10085M 223348:2.20GB 223527:0.83GB 
09:39:13 free/avail=1206/10014M 223348:2.22GB 223527:0.83GB 
09:39:33 free/avail=179/8926M 223348:2.24GB 223527:0.83GB 
09:39:54 free/avail=1059/9827M 223348:2.16GB 223527:0.85GB 
09:40:14 free/avail=1247/10021M 223348:2.17GB 223527:0.84GB 
09:40:34 free/avail=1190/9966M 223348:2.18GB 223527:0.85GB 
09:40:55 free/avail=1215/9993M 223348:2.20GB 223527:0.83GB 
09:41:15 free/avail=221/8126M 223348:2.15GB 223527:0.83GB 
09:41:36 free/avail=279/7928M 223348:2.19GB 223527:0.83GB 
09:41:57 free/avail=2951/9708M 223348:2.19GB 223527:0.83GB 
09:42:17 free/avail=3215/9974M 223348:2.19GB 223527:0.83GB 
09:42:37 free/avail=2928/9688M 223348:2.21GB 223527:0.89GB 
09:42:57 free/avail=3035/9803M 223348:2.22GB 223527:0.89GB 
09:43:18 free/avail=3176/9946M 223348:2.16GB 223527:0.85GB 
09:43:39 free/avail=2709/9647M 223348:2.18GB 223527:0.85GB 
09:43:59 free/avail=2779/9735M 223348:2.19GB 223527:0.85GB 
09:44:19 free/avail=2902/9860M 223348:2.20GB 223527:0.89GB 
09:44:40 free/avail=2741/9701M 223348:2.15GB 223527:1.01GB 
09:45:00 free/avail=2582/9546M 223348:2.17GB 223527:1.01GB 
09:45:21 free/avail=1666/8632M 223348:2.17GB 223527:1.02GB 
09:45:41 free/avail=583/7325M 223348:2.17GB 223527:1.01GB 
09:46:02 free/avail=2240/8686M 223348:2.18GB 223527:1.01GB 
09:46:22 free/avail=2640/9097M 223348:2.14GB 223527:1.03GB 
09:46:42 free/avail=1949/8427M 223348:2.18GB 223527:1.03GB 
09:47:03 free/avail=2856/9342M 223348:2.19GB 223527:1.04GB 
09:47:24 free/avail=2699/9187M 223348:2.21GB 223527:1.04GB 
09:47:44 free/avail=2468/8957M 223348:2.24GB 223527:1.12GB 
09:48:05 free/avail=2496/8987M 223348:2.19GB 223527:1.06GB 
09:48:25 free/avail=1986/8478M 223348:2.21GB 223527:1.06GB 
09:48:45 free/avail=2434/8928M 223348:2.21GB 223527:1.06GB 
09:49:06 free/avail=2811/9413M 223348:2.22GB 223527:1.06GB 
09:49:26 free/avail=2815/9418M 223348:2.20GB 223527:1.07GB 
09:49:47 free/avail=2792/9398M 223348:2.21GB 223527:1.07GB 
09:50:07 free/avail=2632/9320M 223348:2.22GB 223527:1.12GB 
09:50:27 free/avail=2332/9190M 223348:2.23GB 223527:1.09GB 
09:50:48 free/avail=2498/9382M 223348:2.23GB 223527:1.08GB 
09:51:08 free/avail=2491/9378M 223348:2.23GB 223527:1.07GB 
09:51:29 free/avail=2508/9397M 223348:2.24GB 223527:1.07GB 
09:51:49 free/avail=2468/9360M 223348:2.25GB 223527:1.07GB 
09:52:09 free/avail=2451/9344M 223348:2.25GB 223527:1.07GB 
09:52:30 free/avail=2479/9374M 223348:2.25GB 223527:1.06GB 
09:52:50 free/avail=2455/9353M 223348:2.26GB 223527:1.06GB 
09:53:11 free/avail=2460/9363M 223348:2.27GB 223527:1.07GB 
09:53:32 free/avail=2456/9360M 223348:2.27GB 223527:1.07GB 
09:53:52 free/avail=2348/9254M 223348:2.37GB 223527:1.07GB 
09:54:12 free/avail=2105/9013M 223348:2.62GB 223527:1.07GB 
09:54:33 free/avail=2021/8932M 223348:2.70GB 223527:1.05GB 
09:54:53 free/avail=2027/8939M 223348:2.71GB 223527:1.04GB 
09:55:14 free/avail=1947/8895M 223348:2.72GB 223527:1.04GB 288723:0.10GB 
09:55:34 free/avail=1977/8932M 223348:2.72GB 223527:1.03GB 
09:55:55 free/avail=1962/8919M 223348:2.72GB 223527:1.03GB 
09:56:15 free/avail=2928/9928M 223348:2.50GB 289741:0.30GB 
09:56:35 free/avail=2821/9823M 223348:2.50GB 289741:0.40GB 
09:56:56 free/avail=2753/9759M 223348:2.51GB 289741:0.43GB 
09:57:17 free/avail=2712/9723M 223348:2.51GB 289741:0.46GB 
09:57:37 free/avail=2596/9614M 223348:2.52GB 289741:0.59GB 
09:57:58 free/avail=2636/9657M 223348:2.44GB 289741:0.62GB 
09:58:18 free/avail=2484/9510M 223348:2.59GB 289741:0.62GB 
09:58:38 free/avail=2460/9490M 223348:2.59GB 289741:0.63GB 
09:58:59 free/avail=2435/9470M 223348:2.60GB 289741:0.65GB 
09:59:19 free/avail=2402/9440M 223348:2.60GB 289741:0.67GB 
09:59:40 free/avail=2359/9401M 223348:2.62GB 289741:0.69GB 
10:00:00 free/avail=2313/9369M 223348:2.63GB 289741:0.70GB 
10:00:20 free/avail=2279/9339M 223348:2.64GB 289741:0.71GB 
10:00:41 free/avail=2262/9326M 223348:2.65GB 289741:0.72GB 
10:01:01 free/avail=2224/9290M 223348:2.66GB 289741:0.75GB 
10:01:22 free/avail=2328/9397M 223348:2.53GB 289741:0.75GB 
10:01:43 free/avail=2333/9404M 223348:2.53GB 289741:0.76GB 
10:02:03 free/avail=2317/9390M 223348:2.54GB 289741:0.77GB 
10:02:23 free/avail=2287/9363M 223348:2.58GB 289741:0.77GB 
10:02:43 free/avail=2291/9369M 223348:2.57GB 289741:0.77GB 
10:03:04 free/avail=2299/9380M 223348:2.54GB 289741:0.77GB 
10:03:25 free/avail=2276/9361M 223348:2.56GB 289741:0.77GB 
10:03:45 free/avail=2321/9411M 223348:2.52GB 289741:0.78GB 
10:04:06 free/avail=2259/9353M 223348:2.55GB 289741:0.79GB 
10:04:26 free/avail=2220/9320M 223348:2.56GB 289741:0.79GB 
10:04:46 free/avail=2183/9288M 223348:2.58GB 289741:0.79GB 
10:05:07 free/avail=2224/9334M 223348:2.60GB 289741:0.79GB 
10:05:27 free/avail=2218/9333M 223348:2.56GB 289741:0.81GB 
10:05:48 free/avail=2202/9321M 223348:2.58GB 289741:0.80GB 
10:06:08 free/avail=2151/9274M 223348:2.62GB 289741:0.80GB 
10:06:29 free/avail=2213/9342M 223348:2.57GB 289741:0.80GB 
10:06:49 free/avail=2202/9335M 223348:2.57GB 289741:0.81GB 
10:07:10 free/avail=2189/9326M 223348:2.57GB 289741:0.81GB 
10:07:30 free/avail=2171/9312M 223348:2.57GB 289741:0.82GB 
10:07:51 free/avail=2173/9317M 223348:2.58GB 289741:0.81GB 
10:08:11 free/avail=2155/9301M 223348:2.58GB 289741:0.81GB 
10:08:31 free/avail=2132/9284M 223348:2.58GB 289741:0.82GB 
10:08:52 free/avail=2139/9295M 223348:2.59GB 289741:0.82GB 
10:09:12 free/avail=2136/9296M 223348:2.59GB 289741:0.81GB 
10:09:33 free/avail=2132/9298M 223348:2.59GB 289741:0.81GB 
10:09:54 free/avail=2104/9276M 223348:2.60GB 289741:0.81GB 
10:10:14 free/avail=2064/9240M 223348:2.61GB 289741:0.85GB 
10:10:34 free/avail=2018/9197M 223348:2.61GB 289741:0.87GB 
10:10:54 free/avail=2003/9186M 223348:2.66GB 289741:0.83GB 
10:11:15 free/avail=1672/8859M 223348:2.99GB 289741:0.83GB 
10:11:36 free/avail=1709/8909M 223348:2.93GB 289741:0.84GB 
10:11:56 free/avail=1534/8739M 223348:2.93GB 289741:1.01GB 
10:12:16 free/avail=1549/8757M 223348:2.94GB 289741:0.99GB 
10:12:37 free/avail=1530/8745M 223348:2.95GB 289741:0.99GB 
10:12:57 free/avail=1488/8707M 223348:2.96GB 289741:1.00GB 
10:13:18 free/avail=1459/8686M 223348:2.98GB 289741:1.02GB 
10:13:38 free/avail=1400/8629M 223348:3.01GB 289741:1.04GB 
10:13:59 free/avail=1383/8616M 223348:3.01GB 289741:1.05GB 
10:14:19 free/avail=1346/8583M 223348:3.03GB 289741:1.06GB 
10:14:39 free/avail=1576/8817M 223348:2.81GB 289741:1.05GB 
10:15:00 free/avail=1564/8808M 223348:2.81GB 289741:1.05GB 
10:15:20 free/avail=1542/8792M 223348:2.82GB 289741:1.06GB 
10:15:41 free/avail=1502/8760M 223348:2.85GB 289741:1.07GB 
10:16:02 free/avail=1423/8687M 223348:2.88GB 289741:1.12GB 
10:16:22 free/avail=2561/9829M 223348:2.81GB 
10:16:42 free/avail=2550/9821M 223348:2.82GB 
10:17:03 free/avail=2537/9815M 223348:2.82GB 
10:17:23 free/avail=2516/9796M 223348:2.85GB 
10:17:44 free/avail=2476/9765M 223348:2.88GB 
10:18:04 free/avail=2429/9724M 223348:2.92GB 
10:18:25 free/avail=2482/9781M 223348:2.86GB 
10:18:45 free/avail=2499/9803M 223348:2.84GB 
10:19:05 free/avail=2479/9788M 223348:2.85GB 
10:19:26 free/avail=2451/9764M 223348:2.87GB 
10:19:47 free/avail=2422/9740M 223348:2.90GB 
10:20:07 free/avail=2380/9704M 223348:2.94GB 
10:20:27 free/avail=2444/9770M 223348:2.88GB 
10:20:47 free/avail=2478/9807M 223348:2.83GB 
10:21:08 free/avail=2454/9786M 223348:2.85GB 
10:21:29 free/avail=2425/9761M 223348:2.88GB 
10:21:49 free/avail=2384/9724M 223348:2.91GB 
10:22:10 free/avail=2352/9696M 223348:2.95GB 
10:22:30 free/avail=2437/9783M 223348:2.87GB 
10:22:50 free/avail=2418/9765M 223348:2.88GB 
10:23:11 free/avail=2394/9744M 223348:2.91GB 
10:23:31 free/avail=2358/9710M 223348:2.94GB 
10:23:52 free/avail=2324/9679M 223348:2.97GB 
10:24:12 free/avail=2287/9643M 223348:2.99GB 
10:24:32 free/avail=2246/9606M 223348:3.04GB 
10:24:53 free/avail=2376/9738M 223348:2.91GB 
10:25:13 free/avail=2343/9707M 223348:2.95GB 
10:25:34 free/avail=2339/9707M 223348:2.95GB 
10:25:54 free/avail=2333/9703M 223348:2.95GB 
10:26:14 free/avail=2297/9669M 223348:2.99GB 
10:26:35 free/avail=2245/9620M 223348:3.02GB 
10:26:56 free/avail=2561/9938M 223348:2.71GB 
10:27:16 free/avail=2521/9901M 223348:2.75GB 
10:27:36 free/avail=2474/9856M 223348:2.80GB 
10:27:56 free/avail=2409/9794M 223348:2.87GB 
10:28:17 free/avail=2722/10109M 223348:2.55GB 
10:28:38 free/avail=2698/10088M 223348:2.58GB 
10:28:58 free/avail=2685/10077M 223348:2.59GB 
10:29:18 free/avail=2650/10044M 223348:2.63GB 
10:29:39 free/avail=2623/10019M 223348:2.65GB 
10:29:59 free/avail=2584/9982M 223348:2.69GB 
10:30:20 free/avail=2568/9968M 223348:2.70GB 
10:30:40 free/avail=2561/9963M 223348:2.71GB 
10:31:01 free/avail=2547/9951M 223348:2.72GB 
10:31:21 free/avail=2531/9937M 223348:2.73GB 
10:31:41 free/avail=3704/11113M 223348:1.59GB 
10:32:02 free/avail=3634/11045M 223348:1.66GB 
10:32:22 free/avail=3648/11061M 223348:1.64GB 
10:32:42 free/avail=3504/10920M 223348:1.78GB 
10:33:03 free/avail=3279/10697M 223348:1.99GB 
10:33:23 free/avail=3205/10625M 223348:2.06GB 
10:33:44 free/avail=3190/10612M 223348:2.08GB 
10:34:04 free/avail=3136/10562M 223348:2.13GB 
10:34:24 free/avail=3130/10558M 223348:2.14GB 
10:34:45 free/avail=3117/10548M 223348:2.15GB 
10:35:05 free/avail=3089/10522M 223348:2.17GB 
10:35:26 free/avail=3082/10517M 223348:2.18GB 
10:35:46 free/avail=3079/10516M 223348:2.18GB 
10:36:06 free/avail=2977/10416M 223348:2.28GB 
10:36:27 free/avail=2949/10390M 223348:2.30GB 
10:36:48 free/avail=3005/10449M 223348:2.23GB 
10:37:08 free/avail=2983/10430M 223348:2.26GB 
10:37:29 free/avail=2984/10433M 223348:2.26GB 
10:37:49 free/avail=2978/10430M 223348:2.26GB 
10:38:09 free/avail=2975/10430M 223348:2.26GB 
10:38:30 free/avail=2994/10452M 223348:2.25GB 
10:38:50 free/avail=2961/10423M 223348:2.28GB 
10:39:11 free/avail=2953/10417M 223348:2.28GB 
10:39:31 free/avail=2943/10410M 223348:2.29GB 
10:39:51 free/avail=2927/10397M 223348:2.30GB 
10:40:12 free/avail=2915/10387M 223348:2.31GB 
10:40:32 free/avail=2791/10267M 223348:2.43GB 
10:40:53 free/avail=2776/10254M 223348:2.42GB 
10:41:13 free/avail=2739/10220M 223348:2.47GB 
10:41:33 free/avail=2727/10211M 223348:2.47GB 
10:41:54 free/avail=2695/10183M 223348:2.49GB 
10:42:14 free/avail=2677/10167M 223348:2.51GB 
10:42:35 free/avail=2715/10208M 223348:2.48GB 
10:42:55 free/avail=2745/10241M 223348:2.44GB 
10:43:15 free/avail=2690/10191M 223348:2.47GB 
10:43:36 free/avail=2736/10240M 223348:2.43GB 
10:43:56 free/avail=2693/10200M 223348:2.46GB 
10:44:16 free/avail=2680/10193M 223348:2.47GB 
10:44:36 free/avail=2651/10167M 223348:2.50GB 
10:44:56 free/avail=2707/10227M 223348:2.43GB 
10:45:16 free/avail=2691/10214M 223348:2.45GB 
10:45:36 free/avail=2677/10204M 223348:2.46GB 
10:45:56 free/avail=2651/10180M 223348:2.48GB 
10:46:16 free/avail=2712/10246M 223348:2.42GB 
10:46:36 free/avail=2696/10233M 223348:2.44GB 
10:46:56 free/avail=2662/10202M 223348:2.46GB 
10:47:16 free/avail=2626/10171M 223348:2.50GB 
10:47:36 free/avail=2667/10215M 223348:2.47GB 
10:47:56 free/avail=2643/10195M 223348:2.48GB 
10:48:16 free/avail=2600/10155M 223348:2.51GB 
10:48:36 free/avail=2566/10125M 223348:2.54GB 
10:48:56 free/avail=2638/10199M 223348:2.46GB 
10:49:17 free/avail=2636/10201M 223348:2.47GB 
10:49:37 free/avail=2630/10199M 223348:2.48GB 
10:49:57 free/avail=2640/10213M 223348:2.46GB 
10:50:17 free/avail=2618/10195M 223348:2.47GB 
10:50:37 free/avail=2611/10192M 223348:2.47GB 
10:50:58 free/avail=2608/10196M 223348:2.48GB 
10:51:18 free/avail=2596/10188M 223348:2.49GB 
10:51:38 free/avail=2590/10186M 223348:2.49GB 
10:51:58 free/avail=2577/10177M 223348:2.50GB 
10:52:19 free/avail=2566/10169M 223348:2.50GB 
10:52:39 free/avail=2553/10160M 223348:2.51GB 
10:52:59 free/avail=2549/10160M 223348:2.51GB 
10:53:20 free/avail=2536/10152M 223348:2.52GB 
10:53:40 free/avail=2527/10146M 223348:2.53GB 
10:54:00 free/avail=2234/9856M 223348:2.81GB 
10:54:21 free/avail=2031/9659M 223348:3.01GB 
10:54:41 free/avail=2009/9640M 223348:3.01GB 
10:55:02 free/avail=2000/9634M 223348:3.02GB 
10:55:22 free/avail=1991/9627M 223348:3.02GB 
10:55:42 free/avail=2248/9888M 223348:2.77GB 
10:56:03 free/avail=5032/12675M 
10:56:23 free/avail=5031/12678M 
10:56:43 free/avail=5028/12680M 
10:57:04 free/avail=5024/12680M 
10:57:24 free/avail=5020/12682M 
10:57:44 free/avail=5015/12682M 
10:58:05 free/avail=5014/12684M 
10:58:25 free/avail=5009/12684M 
10:58:46 free/avail=4999/12679M 
10:59:06 free/avail=4994/12680M 
10:59:26 free/avail=4991/12680M 
10:59:47 free/avail=4986/12678M 
11:00:07 free/avail=4981/12679M 
11:00:27 free/avail=4979/12681M 
11:00:47 free/avail=4971/12677M 
11:01:07 free/avail=4965/12676M 
11:01:27 free/avail=4962/12677M 
11:01:47 free/avail=4954/12674M 
11:02:07 free/avail=4952/12676M 
11:02:27 free/avail=4947/12675M 
11:02:47 free/avail=4944/12674M 
11:03:07 free/avail=4943/12675M 
11:03:27 free/avail=4941/12676M 
11:03:47 free/avail=4938/12676M 
11:04:07 free/avail=4933/12674M 
11:04:27 free/avail=4931/12675M 
11:04:47 free/avail=4926/12673M 
11:05:07 free/avail=4925/12674M 
11:05:27 free/avail=4922/12674M 
11:05:47 free/avail=4921/12676M 
11:06:07 free/avail=4919/12676M 
11:06:27 free/avail=4917/12676M 
11:06:47 free/avail=4916/12677M 
11:07:07 free/avail=4914/12678M 
11:07:27 free/avail=4912/12679M 
11:07:47 free/avail=4907/12676M 
11:08:07 free/avail=4905/12677M 
11:08:27 free/avail=4902/12677M 
11:08:47 free/avail=4900/12677M 
11:09:07 free/avail=4897/12677M 
11:09:27 free/avail=4894/12676M 
11:09:47 free/avail=4889/12674M 
11:10:07 free/avail=4888/12674M 
11:10:27 free/avail=4887/12677M 
11:10:47 free/avail=4886/12677M 
11:11:07 free/avail=4882/12675M 
11:11:27 free/avail=4881/12676M 
11:11:47 free/avail=4880/12677M 
11:12:07 free/avail=4877/12676M 
11:12:27 free/avail=4876/12676M 
11:12:47 free/avail=4875/12677M 
11:13:07 free/avail=4872/12677M 
11:13:27 free/avail=4870/12678M 
11:13:47 free/avail=4868/12678M 
11:14:07 free/avail=4864/12677M 
11:14:27 free/avail=4856/12673M 
11:14:47 free/avail=4856/12675M 
11:15:07 free/avail=4855/12674M 
11:15:28 free/avail=4852/12674M 
11:15:48 free/avail=4849/12673M 
11:16:08 free/avail=4847/12673M 
11:16:29 free/avail=4843/12672M 
11:16:49 free/avail=4841/12673M 
11:17:09 free/avail=4838/12673M 
11:17:30 free/avail=4832/12671M 
11:17:50 free/avail=4829/12671M 
11:18:11 free/avail=4827/12672M 
11:18:31 free/avail=4825/12673M 
11:18:51 free/avail=4821/12671M 
11:19:11 free/avail=4818/12670M 
11:19:31 free/avail=4816/12670M 
11:19:52 free/avail=4812/12669M 
11:20:12 free/avail=4811/12671M 
11:20:32 free/avail=4809/12672M 
11:20:52 free/avail=4805/12670M 
11:21:12 free/avail=4803/12671M 
11:21:33 free/avail=4800/12671M 
11:21:53 free/avail=4799/12672M 
11:22:13 free/avail=4799/12674M 
11:22:34 free/avail=4794/12671M 
11:22:54 free/avail=4792/12671M 
11:23:14 free/avail=4790/12672M 
11:23:35 free/avail=4788/12673M 
11:23:55 free/avail=4784/12671M 
11:24:15 free/avail=4781/12670M 
11:24:36 free/avail=4776/12667M 
11:24:56 free/avail=4776/12669M 
11:25:16 free/avail=4776/12671M 
11:25:37 free/avail=4779/12676M 
11:25:57 free/avail=4776/12675M 
11:26:17 free/avail=4770/12676M 
11:26:37 free/avail=4764/12678M 
11:26:58 free/avail=4757/12677M 
11:27:18 free/avail=4747/12677M 
11:27:38 free/avail=4740/12672M 
11:27:59 free/avail=4738/12672M 
11:28:19 free/avail=4735/12672M 
11:28:39 free/avail=4732/12672M 
11:29:00 free/avail=4729/12672M 
11:29:20 free/avail=4723/12674M 
11:29:40 free/avail=4718/12673M 
11:30:01 free/avail=4708/12672M 
11:30:21 free/avail=4703/12675M 
11:30:41 free/avail=4693/12674M 
11:31:01 free/avail=4686/12676M 
11:31:22 free/avail=4675/12672M 
11:31:42 free/avail=4667/12670M 
11:32:02 free/avail=4667/12674M 
11:32:23 free/avail=4665/12675M 
11:32:43 free/avail=4662/12675M 
11:33:03 free/avail=4657/12675M 
11:33:24 free/avail=4652/12675M 
11:33:44 free/avail=4646/12675M 
11:34:04 free/avail=4638/12674M 
11:34:25 free/avail=4630/12673M 
11:34:45 free/avail=4625/12672M 
11:35:05 free/avail=4621/12671M 
11:35:26 free/avail=4619/12673M 
11:35:46 free/avail=4615/12673M 
11:36:06 free/avail=4606/12672M 
11:36:26 free/avail=4598/12669M 
11:36:47 free/avail=4595/12670M 
11:37:08 free/avail=4591/12668M 
11:37:28 free/avail=4588/12669M 
11:37:48 free/avail=4584/12669M 
11:38:08 free/avail=4576/12667M 
11:38:29 free/avail=4571/12668M 
11:38:49 free/avail=4564/12671M 
11:39:09 free/avail=4555/12671M 
11:39:30 free/avail=4545/12671M 
11:39:50 free/avail=4536/12670M 
11:40:10 free/avail=4531/12671M 
11:40:31 free/avail=4527/12671M 
11:40:51 free/avail=4524/12672M 
11:41:11 free/avail=4521/12672M 
11:41:32 free/avail=4516/12672M 
11:41:52 free/avail=4511/12672M 
11:42:12 free/avail=4502/12669M 
11:42:33 free/avail=4496/12670M 
11:42:53 free/avail=4490/12670M 
11:43:13 free/avail=4489/12670M 
11:43:33 free/avail=4488/12670M 
11:43:54 free/avail=4488/12671M 
11:44:14 free/avail=4488/12672M 
11:44:34 free/avail=4486/12671M 
11:44:55 free/avail=4497/12683M 
11:45:15 free/avail=4500/12687M 
11:45:35 free/avail=4500/12689M 
11:45:56 free/avail=4493/12682M 
11:46:16 free/avail=4490/12681M 
11:46:36 free/avail=4488/12680M 
11:46:57 free/avail=4487/12679M 
11:47:17 free/avail=4486/12678M 
11:47:37 free/avail=4485/12678M 
11:47:57 free/avail=4484/12677M 
11:48:18 free/avail=4483/12678M 
11:48:38 free/avail=4481/12677M 
11:48:58 free/avail=4481/12677M 
11:49:19 free/avail=4479/12677M 
11:49:39 free/avail=4478/12677M 
11:49:59 free/avail=4476/12676M 
11:50:20 free/avail=4477/12678M 
11:50:40 free/avail=4476/12677M 
11:51:00 free/avail=4475/12678M 
11:51:21 free/avail=4474/12677M 
11:51:41 free/avail=4474/12678M 
11:52:01 free/avail=4473/12679M 
11:52:22 free/avail=4470/12679M 
11:52:42 free/avail=4466/12679M 
11:53:02 free/avail=4465/12680M 
11:53:22 free/avail=4464/12679M 
11:53:42 free/avail=4462/12679M 
11:54:02 free/avail=4460/12678M 
11:54:22 free/avail=4457/12676M 
11:54:42 free/avail=4453/12672M 
11:55:02 free/avail=4454/12674M 
11:55:22 free/avail=4452/12673M 
11:55:42 free/avail=4451/12673M 
11:56:02 free/avail=4449/12673M 
11:56:22 free/avail=4449/12673M 
11:56:42 free/avail=4446/12674M 
11:57:02 free/avail=4448/12679M 
11:57:22 free/avail=4441/12677M 
11:57:42 free/avail=4436/12678M 
11:58:02 free/avail=4431/12678M 
11:58:22 free/avail=4430/12679M 
11:58:42 free/avail=4427/12678M 
11:59:02 free/avail=4427/12679M 
11:59:22 free/avail=4427/12679M 
11:59:42 free/avail=4425/12679M 
12:00:02 free/avail=4423/12678M 
12:00:22 free/avail=4421/12677M 
12:00:42 free/avail=4418/12678M 
12:01:02 free/avail=4414/12678M 
12:01:22 free/avail=4407/12675M 
12:01:42 free/avail=4400/12676M 
12:02:02 free/avail=4396/12677M 
12:02:22 free/avail=4390/12676M 
12:02:42 free/avail=4391/12678M 
12:03:02 free/avail=4389/12679M 
12:03:22 free/avail=4390/12680M 
12:03:42 free/avail=4387/12679M 
12:04:02 free/avail=4387/12681M 
12:04:23 free/avail=4383/12680M 
12:04:43 free/avail=4377/12680M 
12:05:03 free/avail=4372/12680M 
12:05:23 free/avail=4366/12680M 
12:05:43 free/avail=4363/12679M 
12:06:03 free/avail=4362/12681M 
12:06:23 free/avail=4363/12683M 
12:06:43 free/avail=4363/12684M 
12:07:03 free/avail=4358/12683M 
12:07:23 free/avail=4351/12683M 
12:07:43 free/avail=4343/12680M 
12:08:03 free/avail=4341/12680M 
12:08:23 free/avail=4337/12678M 
12:08:43 free/avail=4336/12679M 
12:09:03 free/avail=4332/12679M 
12:09:23 free/avail=4326/12678M 
12:09:43 free/avail=4319/12675M 
12:10:03 free/avail=4318/12677M 
12:10:23 free/avail=4316/12678M 
12:10:43 free/avail=4312/12677M 
12:11:03 free/avail=4308/12677M 
12:11:23 free/avail=4304/12676M 
12:11:43 free/avail=4301/12677M 
12:12:03 free/avail=4299/12677M 
12:12:23 free/avail=4297/12676M 
12:12:43 free/avail=4294/12674M 
12:13:03 free/avail=4296/12677M 
12:13:23 free/avail=4295/12678M 
12:13:43 free/avail=4294/12679M 
12:14:03 free/avail=4291/12679M 
12:14:23 free/avail=4292/12680M 
12:14:43 free/avail=4290/12680M 
12:15:03 free/avail=4289/12679M 
12:15:23 free/avail=4288/12680M 
12:15:43 free/avail=4285/12680M 
12:16:03 free/avail=4281/12678M 
12:16:23 free/avail=4280/12679M 
12:16:43 free/avail=4278/12678M 
12:17:03 free/avail=4274/12675M 
12:17:23 free/avail=4272/12675M 
12:17:43 free/avail=4272/12675M 
12:18:03 free/avail=4271/12675M 
12:18:23 free/avail=4268/12673M 
12:18:43 free/avail=4267/12673M 
12:19:03 free/avail=4266/12674M 
12:19:23 free/avail=4266/12674M 
12:19:43 free/avail=4265/12674M 
12:20:03 free/avail=4264/12675M 
12:20:23 free/avail=4263/12675M 
12:20:43 free/avail=4259/12673M 
12:21:03 free/avail=4258/12673M 
12:21:23 free/avail=4257/12673M 
12:21:43 free/avail=4256/12673M 
12:22:03 free/avail=4256/12673M 
12:22:23 free/avail=4254/12674M 
12:22:43 free/avail=4251/12673M 
12:23:03 free/avail=4251/12674M 
12:23:23 free/avail=4248/12673M 
12:23:43 free/avail=4247/12673M 
12:24:03 free/avail=4247/12673M 
12:24:23 free/avail=4245/12672M 
12:24:43 free/avail=4244/12673M 
12:25:03 free/avail=4242/12672M 
12:25:23 free/avail=4239/12673M 
12:25:43 free/avail=4236/12673M 
12:26:03 free/avail=4234/12672M 
12:26:23 free/avail=4232/12673M 
12:26:43 free/avail=4230/12672M 
12:27:03 free/avail=4228/12671M 
12:27:23 free/avail=4230/12674M 
12:27:43 free/avail=4227/12673M 
12:28:03 free/avail=4228/12675M 
12:28:23 free/avail=4225/12675M 
12:28:43 free/avail=4222/12676M 
12:29:03 free/avail=4219/12677M 
12:29:23 free/avail=4215/12676M 
12:29:43 free/avail=4211/12675M 
12:30:03 free/avail=4209/12676M 
12:30:23 free/avail=4205/12673M 
12:30:43 free/avail=4205/12675M 
12:31:03 free/avail=4202/12674M 
12:31:23 free/avail=4203/12676M 
12:31:43 free/avail=4200/12675M 
12:32:03 free/avail=4197/12675M 
12:32:23 free/avail=4194/12675M 
12:32:43 free/avail=4192/12676M 
12:33:03 free/avail=4188/12675M 
12:33:23 free/avail=4185/12676M 
12:33:43 free/avail=4181/12677M 
12:34:03 free/avail=4177/12677M 
12:34:23 free/avail=4175/12678M 
12:34:43 free/avail=4173/12678M 
12:35:03 free/avail=4171/12677M 
12:35:23 free/avail=4171/12679M 
12:35:43 free/avail=4166/12676M 
12:36:03 free/avail=4164/12677M 
12:36:23 free/avail=4162/12677M 
12:36:43 free/avail=4159/12677M 
12:37:03 free/avail=4160/12679M 
12:37:23 free/avail=4156/12679M 
12:37:43 free/avail=4149/12675M 
12:38:03 free/avail=4146/12675M 
12:38:23 free/avail=4142/12675M 
12:38:43 free/avail=4139/12675M 
12:39:03 free/avail=4136/12677M 
12:39:23 free/avail=4133/12678M 
12:39:43 free/avail=4130/12679M 
12:40:03 free/avail=4125/12675M 
12:40:23 free/avail=4124/12676M 
12:40:43 free/avail=4123/12678M 
12:41:03 free/avail=4119/12676M 
12:41:24 free/avail=4115/12674M 
12:41:44 free/avail=4117/12678M 
12:42:04 free/avail=4112/12675M 
12:42:24 free/avail=4112/12675M 
12:42:44 free/avail=4110/12674M 
12:43:04 free/avail=4106/12672M 
12:43:24 free/avail=4107/12674M 
12:43:44 free/avail=4105/12673M 
12:44:04 free/avail=4104/12673M 
12:44:24 free/avail=4104/12674M 
12:44:44 free/avail=4102/12673M 
12:45:04 free/avail=4099/12672M 
12:45:24 free/avail=4097/12671M 
12:45:44 free/avail=4095/12670M 
12:46:04 free/avail=4094/12670M 
12:46:24 free/avail=4093/12670M 
12:46:44 free/avail=4095/12673M 
12:47:04 free/avail=4096/12675M 
12:47:24 free/avail=4096/12675M 
12:47:44 free/avail=4094/12674M 
12:48:04 free/avail=4087/12669M 
12:48:24 free/avail=4087/12669M 
12:48:44 free/avail=4086/12669M 
12:49:04 free/avail=4085/12670M 
12:49:24 free/avail=4083/12669M 
12:49:44 free/avail=4085/12672M 
12:50:04 free/avail=4085/12673M 
12:50:24 free/avail=4083/12672M 
12:50:44 free/avail=4082/12671M 
12:51:04 free/avail=4082/12672M 
12:51:24 free/avail=4081/12672M 
12:51:44 free/avail=4078/12670M 
12:52:04 free/avail=4078/12671M 
12:52:24 free/avail=4073/12672M 
12:52:44 free/avail=4070/12671M 
12:53:04 free/avail=4068/12669M 
12:53:24 free/avail=4071/12676M 
12:53:44 free/avail=4076/12685M 
12:54:04 free/avail=4049/12666M 
12:54:24 free/avail=4034/12658M 
12:54:44 free/avail=4016/12649M 
12:55:04 free/avail=4021/12659M 
12:55:24 free/avail=4013/12659M 
12:55:44 free/avail=4014/12664M 
12:56:04 free/avail=4020/12674M 
12:56:24 free/avail=4019/12675M 
12:56:44 free/avail=4021/12679M 
12:57:04 free/avail=4008/12669M 
12:57:24 free/avail=3990/12655M 
12:57:44 free/avail=3980/12651M 
12:58:04 free/avail=3986/12663M 
12:58:24 free/avail=3982/12660M 
12:58:44 free/avail=3985/12663M 
12:59:04 free/avail=3957/12636M 
12:59:24 free/avail=3978/12657M 
12:59:44 free/avail=3977/12657M 
13:00:04 free/avail=3985/12665M 
13:00:24 free/avail=3982/12663M 
13:00:44 free/avail=3890/12572M 334664:0.14GB 
13:01:04 free/avail=3710/12409M 334817:0.32GB 
13:01:24 free/avail=3627/12328M 334817:0.40GB 
13:01:44 free/avail=3610/12313M 334817:0.42GB 
13:02:04 free/avail=3576/12280M 334817:0.45GB 
13:02:24 free/avail=3539/12257M 334817:0.47GB 
13:02:44 free/avail=3181/11900M 334817:0.49GB 337252:0.39GB 
13:03:04 free/avail=3128/11847M 334817:0.50GB 337252:0.43GB 
13:03:24 free/avail=3096/11816M 334817:0.52GB 337252:0.44GB 
13:03:44 free/avail=2977/11696M 334817:0.54GB 337252:0.55GB 
13:04:04 free/avail=2410/11234M 334817:0.61GB 337252:0.77GB 
13:04:24 free/avail=2407/11128M 334817:0.65GB 337252:0.97GB 
13:04:44 free/avail=2410/11131M 334817:0.69GB 337252:0.94GB 
13:05:04 free/avail=2300/11023M 334817:0.72GB 337252:1.02GB 
13:05:24 free/avail=2302/11028M 334817:0.73GB 337252:0.98GB 
13:05:44 free/avail=2242/10969M 334817:0.74GB 337252:1.03GB 
13:06:04 free/avail=2241/10969M 334817:0.77GB 337252:1.00GB 
13:06:24 free/avail=2220/10949M 334817:0.79GB 337252:0.99GB 
13:06:44 free/avail=2261/10990M 334817:0.79GB 337252:0.96GB 
13:07:04 free/avail=2241/10970M 334817:0.79GB 337252:0.97GB 
13:07:24 free/avail=2057/10787M 334817:0.81GB 337252:0.96GB 
13:07:44 free/avail=1915/10645M 334817:0.81GB 337252:0.95GB 
13:08:04 free/avail=1850/10581M 334817:0.82GB 337252:0.94GB 
13:08:25 free/avail=1943/10680M 334817:0.82GB 337252:0.96GB 
13:08:45 free/avail=1898/10636M 334817:0.82GB 337252:1.00GB 
13:09:05 free/avail=1890/10630M 334817:0.83GB 337252:1.00GB 
13:09:25 free/avail=1876/10620M 334817:0.84GB 337252:1.00GB 
13:09:45 free/avail=1866/10614M 334817:0.84GB 337252:1.00GB 
13:10:05 free/avail=1817/10568M 334817:0.84GB 337252:1.04GB 
13:10:25 free/avail=1820/10574M 334817:0.84GB 337252:1.05GB 
13:10:45 free/avail=1709/10464M 334817:0.84GB 337252:1.17GB 
13:11:05 free/avail=1540/10296M 334817:0.83GB 337252:1.33GB 
13:11:25 free/avail=1557/10314M 334817:0.83GB 337252:1.31GB 
13:11:45 free/avail=1531/10288M 334817:0.82GB 337252:1.34GB 
13:12:05 free/avail=1506/10264M 334817:0.82GB 337252:1.36GB 
13:12:25 free/avail=1489/10248M 334817:0.82GB 337252:1.37GB 
13:12:45 free/avail=1495/10255M 334817:0.81GB 337252:1.38GB 
13:13:05 free/avail=1381/10141M 334817:0.81GB 337252:1.49GB 
13:13:25 free/avail=1425/10185M 334817:0.82GB 337252:1.42GB 
13:13:45 free/avail=1399/10160M 334817:0.82GB 337252:1.44GB 
13:14:05 free/avail=1347/10109M 334817:0.88GB 337252:1.46GB 
13:14:25 free/avail=1300/10064M 334817:0.91GB 337252:1.47GB 
13:14:45 free/avail=1317/10082M 334817:0.91GB 337252:1.46GB 
13:15:05 free/avail=1321/10086M 334817:0.91GB 337252:1.45GB 
13:15:25 free/avail=1340/10109M 334817:0.91GB 337252:1.41GB 
13:15:45 free/avail=1328/10099M 334817:0.91GB 337252:1.43GB 
13:16:05 free/avail=1376/10152M 334817:0.91GB 337252:1.39GB 
13:16:25 free/avail=1385/10166M 334817:0.91GB 337252:1.37GB 
13:16:45 free/avail=1374/10161M 334817:0.91GB 337252:1.37GB 
13:17:05 free/avail=1383/10174M 334817:0.92GB 337252:1.36GB 
13:17:25 free/avail=1387/10180M 334817:0.92GB 337252:1.35GB 
13:17:45 free/avail=1388/10182M 334817:0.91GB 337252:1.33GB 
13:18:05 free/avail=1393/10188M 334817:0.92GB 337252:1.33GB 
13:18:25 free/avail=1394/10190M 334817:0.91GB 337252:1.33GB 
13:18:45 free/avail=1392/10189M 334817:0.92GB 337252:1.33GB 
13:19:05 free/avail=1381/10179M 334817:0.92GB 337252:1.33GB 
13:19:25 free/avail=1378/10177M 334817:0.92GB 337252:1.33GB 
13:19:45 free/avail=1384/10182M 334817:0.92GB 337252:1.33GB 
13:20:05 free/avail=1388/10188M 334817:0.92GB 337252:1.33GB 
13:20:25 free/avail=1384/10184M 334817:0.92GB 337252:1.33GB 
13:20:45 free/avail=1306/10112M 334817:0.92GB 337252:1.42GB 
13:21:05 free/avail=2131/10939M 337252:1.42GB 
13:21:25 free/avail=2154/10968M 337252:1.43GB 
13:21:45 free/avail=2139/10959M 337252:1.43GB 
13:22:05 free/avail=2137/10961M 337252:1.44GB 
13:22:25 free/avail=1828/10658M 337252:1.44GB 364321:0.37GB 
13:22:45 free/avail=1768/10600M 337252:1.44GB 364321:0.41GB 
13:23:05 free/avail=1698/10534M 337252:1.48GB 364321:0.44GB 
13:23:25 free/avail=1474/10310M 337252:1.66GB 364321:0.47GB 
13:23:45 free/avail=1349/10187M 337252:1.74GB 364321:0.51GB 
13:24:05 free/avail=1169/10008M 337252:1.88GB 364321:0.57GB 
13:24:25 free/avail=1227/10067M 337252:1.73GB 364321:0.64GB 
13:24:45 free/avail=1119/9961M 337252:1.77GB 364321:0.71GB 
13:25:05 free/avail=918/9760M 337252:1.94GB 364321:0.76GB 
13:25:26 free/avail=1060/9908M 337252:1.76GB 364321:0.78GB 
13:25:46 free/avail=861/9714M 337252:1.94GB 364321:0.77GB 
13:26:06 free/avail=921/9779M 337252:1.87GB 364321:0.77GB 
13:26:26 free/avail=972/9834M 337252:1.81GB 364321:0.77GB 
13:26:46 free/avail=967/9831M 337252:1.83GB 364321:0.77GB 
13:27:06 free/avail=853/9720M 337252:1.93GB 364321:0.77GB 
13:27:26 free/avail=869/9739M 337252:1.90GB 364321:0.78GB 
13:27:46 free/avail=806/9677M 337252:1.95GB 364321:0.79GB 
13:28:06 free/avail=808/9679M 337252:1.95GB 364321:0.79GB 
13:28:26 free/avail=773/9646M 337252:1.99GB 364321:0.79GB 
13:28:46 free/avail=722/9599M 337252:2.04GB 364321:0.80GB 
13:29:06 free/avail=749/9630M 337252:1.98GB 364321:0.81GB 
13:29:26 free/avail=609/9495M 337252:2.07GB 364321:0.85GB 
13:29:46 free/avail=336/9224M 337252:2.30GB 364321:0.89GB 
13:30:06 free/avail=513/9391M 337252:2.17GB 364321:0.87GB 
13:30:26 free/avail=552/9432M 337252:2.13GB 364321:0.87GB 
13:30:46 free/avail=630/9511M 337252:2.06GB 364321:0.88GB 
13:31:06 free/avail=630/9514M 337252:2.05GB 364321:0.88GB 
13:31:26 free/avail=586/9475M 337252:2.09GB 364321:0.88GB 
13:31:46 free/avail=571/9463M 337252:2.09GB 364321:0.89GB 
13:32:06 free/avail=467/9362M 337252:2.15GB 364321:0.95GB 
13:32:26 free/avail=491/9389M 337252:2.08GB 364321:0.97GB 
13:32:46 free/avail=499/9400M 337252:2.04GB 364321:1.00GB 
13:33:06 free/avail=432/9336M 337252:2.06GB 364321:1.05GB 
13:33:26 free/avail=459/9366M 337252:1.98GB 364321:1.09GB 
13:33:46 free/avail=461/9371M 337252:1.98GB 364321:1.08GB 
13:34:06 free/avail=486/9399M 337252:1.96GB 364321:1.08GB 
13:34:26 free/avail=493/9409M 337252:1.95GB 364321:1.08GB 
13:34:46 free/avail=520/9437M 337252:1.92GB 364321:1.08GB 
13:35:06 free/avail=502/9419M 337252:1.92GB 364321:1.09GB 
13:35:26 free/avail=492/9409M 337252:1.92GB 364321:1.10GB 
13:35:46 free/avail=496/9416M 337252:1.92GB 364321:1.09GB 
13:36:06 free/avail=495/9417M 337252:1.92GB 364321:1.10GB 
13:36:26 free/avail=538/9461M 337252:1.85GB 364321:1.12GB 
13:36:46 free/avail=452/9377M 337252:1.90GB 364321:1.16GB 
13:37:06 free/avail=506/9433M 337252:1.87GB 364321:1.13GB 
13:37:26 free/avail=519/9449M 337252:1.86GB 364321:1.12GB 
13:37:46 free/avail=528/9459M 337252:1.85GB 364321:1.13GB 
13:38:06 free/avail=578/9527M 337252:1.82GB 364321:1.10GB 
13:38:26 free/avail=560/9511M 337252:1.83GB 364321:1.10GB 
13:38:46 free/avail=478/9431M 337252:1.91GB 364321:1.10GB 
13:39:06 free/avail=299/9172M 337252:2.17GB 364321:1.10GB 
13:39:26 free/avail=342/8960M 337252:2.37GB 364321:1.10GB 
13:39:46 free/avail=330/8727M 337252:2.59GB 364321:1.11GB 
13:40:06 free/avail=197/8391M 337252:2.92GB 364321:1.11GB 
13:40:26 free/avail=447/8338M 337252:2.98GB 364321:1.11GB 
13:40:46 free/avail=452/8148M 337252:3.14GB 364321:1.12GB 
13:41:06 free/avail=160/7743M 337252:3.56GB 364321:1.12GB 
13:41:26 free/avail=417/7919M 337252:3.36GB 364321:1.13GB 
13:41:46 free/avail=405/7908M 337252:3.36GB 364321:1.14GB 
13:42:06 free/avail=306/7810M 337252:3.45GB 364321:1.15GB 
13:42:26 free/avail=189/7558M 337252:3.68GB 364321:1.16GB 
13:42:46 free/avail=150/7397M 337252:3.83GB 364321:1.16GB 
13:43:06 free/avail=179/7246M 337252:3.97GB 364321:1.17GB 
13:43:26 free/avail=190/7044M 337252:4.18GB 364321:1.18GB 
13:43:46 free/avail=152/6888M 337252:4.33GB 364321:1.18GB 
13:44:06 free/avail=162/6743M 337252:4.48GB 364321:1.18GB 
13:44:26 free/avail=309/6428M 337252:4.77GB 364321:1.19GB 
13:44:46 free/avail=203/6288M 337252:4.92GB 364321:1.19GB 
13:45:07 free/avail=191/6059M 337252:5.14GB 364321:1.19GB 
13:45:27 free/avail=161/5946M 337252:5.23GB 364321:1.19GB 
13:45:47 free/avail=157/5857M 337252:5.30GB 364321:1.21GB 
13:46:07 free/avail=152/5720M 337252:5.46GB 364321:1.21GB 
13:46:27 free/avail=203/5732M 337252:5.47GB 364321:1.20GB 
13:46:47 free/avail=211/5742M 337252:5.46GB 364321:1.21GB 
13:47:07 free/avail=191/5723M 337252:5.46GB 364321:1.21GB 
13:47:27 free/avail=195/5729M 337252:5.46GB 364321:1.21GB 
13:47:47 free/avail=214/5704M 337252:5.51GB 364321:1.20GB 
13:48:07 free/avail=194/5590M 337252:5.65GB 364321:1.20GB 
13:48:27 free/avail=189/5586M 337252:5.66GB 364321:1.19GB 
13:48:47 free/avail=163/5560M 337252:5.68GB 364321:1.18GB 
13:49:07 free/avail=164/5562M 337252:5.70GB 364321:1.18GB 
13:49:27 free/avail=312/5671M 337252:5.59GB 364321:1.18GB 
13:49:47 free/avail=288/5667M 337252:5.59GB 364321:1.18GB 
13:50:07 free/avail=277/5658M 337252:5.59GB 364321:1.18GB 
13:50:27 free/avail=268/5661M 337252:5.59GB 364321:1.18GB 
13:50:47 free/avail=194/5591M 337252:5.60GB 364321:1.25GB 
13:51:07 free/avail=187/5585M 337252:5.60GB 364321:1.25GB 
13:51:27 free/avail=164/5564M 337252:5.60GB 364321:1.25GB 
13:51:47 free/avail=180/5581M 337252:5.60GB 364321:1.26GB 
13:52:07 free/avail=151/5553M 337252:5.60GB 364321:1.25GB 
13:52:27 free/avail=214/5485M 337252:5.71GB 364321:1.25GB 
13:52:47 free/avail=209/5481M 337252:5.71GB 364321:1.26GB 
13:53:07 free/avail=200/5474M 337252:5.71GB 364321:1.26GB 
13:53:27 free/avail=175/5450M 337252:5.73GB 364321:1.26GB 
13:53:47 free/avail=200/5439M 337252:5.75GB 364321:1.26GB 
13:54:07 free/avail=273/5515M 337252:5.66GB 364321:1.26GB 
13:54:27 free/avail=204/5405M 337252:5.79GB 364321:1.26GB 
13:54:47 free/avail=198/5402M 337252:5.78GB 364321:1.26GB 
13:55:07 free/avail=182/5391M 337252:5.79GB 364321:1.26GB 
13:55:27 free/avail=152/5362M 337252:5.80GB 364321:1.26GB 
13:55:47 free/avail=179/5391M 337252:5.80GB 364321:1.26GB 
13:56:07 free/avail=169/5381M 337252:5.82GB 364321:1.26GB 
13:56:27 free/avail=204/5373M 337252:5.83GB 364321:1.26GB 
13:56:47 free/avail=191/5362M 337252:5.84GB 364321:1.26GB 
13:57:07 free/avail=227/5338M 337252:5.86GB 364321:1.26GB 
13:57:27 free/avail=394/5507M 337252:5.69GB 364321:1.26GB 
13:57:47 free/avail=367/5482M 337252:5.69GB 364321:1.29GB 
13:58:07 free/avail=353/5471M 337252:5.69GB 364321:1.29GB 
13:58:27 free/avail=322/5443M 337252:5.69GB 364321:1.29GB 
13:58:47 free/avail=336/5458M 337252:5.69GB 364321:1.28GB 
13:59:07 free/avail=320/5447M 337252:5.70GB 364321:1.28GB 
13:59:27 free/avail=339/5469M 337252:5.70GB 364321:1.29GB 
13:59:47 free/avail=223/5357M 337252:5.70GB 364321:1.29GB 
14:00:07 free/avail=336/5474M 337252:5.70GB 364321:1.28GB 
14:00:27 free/avail=335/5477M 337252:5.70GB 364321:1.28GB 
14:00:47 free/avail=311/5455M 337252:5.71GB 364321:1.28GB 
14:01:07 free/avail=313/5460M 337252:5.71GB 364321:1.28GB 
14:01:27 free/avail=327/5475M 337252:5.71GB 364321:1.28GB 
14:01:47 free/avail=316/5466M 337252:5.72GB 364321:1.28GB 
14:02:07 free/avail=318/5470M 337252:5.72GB 364321:1.28GB 
14:02:27 free/avail=296/5450M 337252:5.72GB 364321:1.28GB 
14:02:47 free/avail=309/5467M 337252:5.72GB 364321:1.28GB 
14:03:07 free/avail=297/5456M 337252:5.72GB 364321:1.28GB 
14:03:27 free/avail=301/5462M 337252:5.72GB 364321:1.28GB 
14:03:47 free/avail=309/5474M 337252:5.72GB 364321:1.28GB 
14:04:07 free/avail=300/5467M 337252:5.73GB 364321:1.28GB 
14:04:27 free/avail=292/5462M 337252:5.73GB 364321:1.28GB 
14:04:47 free/avail=194/5368M 337252:5.73GB 364321:1.38GB 
14:05:07 free/avail=170/5347M 337252:5.73GB 364321:1.38GB 
14:05:27 free/avail=225/5366M 337252:5.73GB 364321:1.35GB 
14:05:47 free/avail=210/5251M 337252:5.86GB 364321:1.35GB 
14:06:07 free/avail=6266/11174M 364321:1.35GB 
14:06:27 free/avail=6255/11168M 364321:1.35GB 
14:06:47 free/avail=6140/11056M 364321:1.45GB 
14:07:07 free/avail=6256/11174M 364321:1.40GB 
14:07:27 free/avail=6247/11168M 364321:1.40GB 
14:07:48 free/avail=6267/11191M 364321:1.38GB 
14:08:08 free/avail=6283/11210M 364321:1.38GB 
14:08:28 free/avail=6280/11209M 364321:1.38GB 
14:08:48 free/avail=6280/11212M 364321:1.38GB 
14:09:08 free/avail=6199/11134M 364321:1.39GB 
14:09:28 free/avail=6267/11202M 364321:1.39GB 
14:09:48 free/avail=6247/11184M 364321:1.41GB 
14:10:08 free/avail=6211/11149M 364321:1.41GB 
14:10:28 free/avail=6165/11106M 364321:1.41GB 
14:10:48 free/avail=6172/11117M 364321:1.40GB 
14:11:08 free/avail=6164/11111M 364321:1.40GB 
14:11:28 free/avail=6253/11199M 364321:1.39GB 
14:11:48 free/avail=6204/11151M 364321:1.39GB 
14:12:08 free/avail=6256/11203M 364321:1.39GB 
14:12:28 free/avail=6252/11199M 364321:1.39GB 
14:12:48 free/avail=6257/11204M 364321:1.39GB 
14:13:08 free/avail=6250/11198M 364321:1.39GB 
14:13:28 free/avail=6251/11200M 364321:1.39GB 
14:13:48 free/avail=6250/11199M 364321:1.38GB 
14:14:08 free/avail=6245/11195M 364321:1.39GB 
14:14:28 free/avail=6252/11204M 364321:1.39GB 
14:14:48 free/avail=6249/11204M 364321:1.38GB 
14:15:08 free/avail=6108/11066M 364321:1.39GB 
14:15:28 free/avail=6058/11020M 364321:1.39GB 
14:15:48 free/avail=6047/11011M 364321:1.38GB 
14:16:08 free/avail=6058/11022M 364321:1.38GB 
14:16:28 free/avail=6053/11018M 364321:1.39GB 
14:16:48 free/avail=6042/11007M 364321:1.39GB 
14:17:08 free/avail=6018/10983M 364321:1.38GB 
14:17:28 free/avail=5924/10890M 364321:1.39GB 
14:17:48 free/avail=5906/10872M 364321:1.39GB 
14:18:08 free/avail=6031/10997M 364321:1.39GB 
14:18:28 free/avail=5994/10962M 364321:1.39GB 
14:18:48 free/avail=6040/11010M 364321:1.39GB 
14:19:08 free/avail=5941/10914M 364321:1.39GB 
14:19:28 free/avail=5892/10869M 364321:1.39GB 
14:19:48 free/avail=5949/10930M 364321:1.39GB 
14:20:08 free/avail=5902/10884M 364321:1.39GB 
14:20:28 free/avail=5999/10981M 364321:1.39GB 
14:20:48 free/avail=6212/11194M 364321:1.39GB 
14:21:08 free/avail=6207/11190M 364321:1.39GB 
14:21:28 free/avail=6198/11187M 364321:1.39GB 
14:21:48 free/avail=6199/11189M 364321:1.39GB 
14:22:08 free/avail=6195/11187M 364321:1.39GB 
14:22:28 free/avail=6194/11189M 364321:1.39GB 
14:22:48 free/avail=6195/11195M 364321:1.39GB 
14:23:08 free/avail=6182/11184M 364321:1.39GB 
14:23:28 free/avail=6178/11184M 364321:1.40GB 
14:23:48 free/avail=6173/11179M 364321:1.40GB 
14:24:08 free/avail=6173/11181M 364321:1.40GB 
14:24:28 free/avail=6171/11179M 364321:1.40GB 
14:24:48 free/avail=6170/11179M 364321:1.40GB 
14:25:08 free/avail=6170/11179M 364321:1.41GB 
14:25:28 free/avail=6156/11169M 364321:1.41GB 
14:25:48 free/avail=7520/12538M 
14:26:08 free/avail=7510/12533M 
14:26:28 free/avail=7506/12530M 
14:26:48 free/avail=7354/12379M 
14:27:08 free/avail=7498/12523M 
14:27:28 free/avail=7496/12523M 
14:27:48 free/avail=7139/12167M 
14:28:08 free/avail=6945/11978M 
14:28:28 free/avail=6818/11855M 
14:28:48 free/avail=7003/12042M 
14:29:08 free/avail=7117/12157M 
14:29:28 free/avail=6916/11957M 
14:29:48 free/avail=6797/11839M 
14:30:08 free/avail=6966/12013M 
14:30:28 free/avail=7481/12531M 
14:30:48 free/avail=7473/12523M 
14:31:08 free/avail=7476/12528M 
14:31:28 free/avail=7478/12530M 
14:31:48 free/avail=7470/12526M 
14:32:08 free/avail=7430/12487M 
14:32:28 free/avail=7412/12469M 
14:32:48 free/avail=7480/12540M 
14:33:08 free/avail=7469/12528M 
14:33:28 free/avail=7475/12535M 
14:33:48 free/avail=7341/12402M 
14:34:08 free/avail=7339/12400M 
14:34:28 free/avail=7271/12332M 
14:34:48 free/avail=7315/12377M 
14:35:08 free/avail=7477/12539M 
14:35:28 free/avail=7475/12538M 
14:35:48 free/avail=7479/12542M 
14:36:08 free/avail=7196/12259M 
14:36:28 free/avail=7156/12219M 
14:36:48 free/avail=7075/12139M 
14:37:08 free/avail=7478/12543M 
14:37:28 free/avail=7458/12523M 
14:37:48 free/avail=7486/12553M 
14:38:08 free/avail=7475/12543M 
14:38:28 free/avail=7478/12546M 
14:38:48 free/avail=7478/12547M 
14:39:08 free/avail=7472/12542M 
14:39:28 free/avail=7473/12543M 
14:39:48 free/avail=7465/12536M 
14:40:08 free/avail=7459/12531M 
14:40:28 free/avail=7477/12550M 
14:40:48 free/avail=7474/12547M 
14:41:09 free/avail=7476/12550M 
14:41:29 free/avail=7476/12550M 
14:41:49 free/avail=7463/12538M 
14:42:09 free/avail=7470/12545M 
14:42:29 free/avail=7224/12300M 
14:42:49 free/avail=7123/12199M 
14:43:09 free/avail=7051/12128M 
14:43:29 free/avail=7088/12165M 
14:43:49 free/avail=7179/12257M 
14:44:09 free/avail=7122/12200M 
14:44:29 free/avail=7462/12541M 
14:44:49 free/avail=7068/12147M 
14:45:09 free/avail=7111/12191M 
14:45:29 free/avail=6987/12068M 
14:45:49 free/avail=7188/12269M 
14:46:09 free/avail=7093/12175M 
14:46:29 free/avail=7066/12148M 
14:46:49 free/avail=6957/12040M 
14:47:09 free/avail=6936/12020M 
14:47:29 free/avail=6915/12000M 
14:47:49 free/avail=7020/12105M 
14:48:09 free/avail=6362/11447M 
14:48:29 free/avail=6560/11646M 
14:48:49 free/avail=6996/12083M 
14:49:09 free/avail=6880/11967M 
14:49:29 free/avail=6448/11537M 
14:49:49 free/avail=6874/11963M 
14:50:09 free/avail=7400/12490M 
14:50:29 free/avail=7013/12104M 
14:50:49 free/avail=6795/11887M 
14:51:09 free/avail=7085/12177M 
14:51:29 free/avail=7002/12096M 
14:51:49 free/avail=6745/11840M 
14:52:09 free/avail=7110/12205M 
14:52:29 free/avail=6807/11902M 
14:52:49 free/avail=5830/10927M 
14:53:09 free/avail=5951/11048M 
14:53:29 free/avail=6215/11313M 
14:53:49 free/avail=5375/10474M 
14:54:09 free/avail=6297/11397M 
14:54:29 free/avail=6274/11375M 
14:54:49 free/avail=5260/10362M 
14:55:09 free/avail=4623/9725M 
14:55:29 free/avail=5086/10190M 
14:55:49 free/avail=5682/10787M 
14:56:09 free/avail=6969/12075M 
14:56:29 free/avail=6803/11910M 
14:56:49 free/avail=6530/11638M 
14:57:09 free/avail=6628/11736M 
14:57:29 free/avail=5823/10932M 
14:57:49 free/avail=5738/10848M 
14:58:09 free/avail=6377/11488M 
14:58:29 free/avail=6394/11506M 
14:58:49 free/avail=7172/12284M 
14:59:09 free/avail=7409/12523M 
14:59:29 free/avail=7413/12527M 
14:59:49 free/avail=7411/12526M 
15:00:09 free/avail=7411/12528M 
15:00:29 free/avail=7412/12530M 
15:00:49 free/avail=7318/12437M 
15:01:09 free/avail=6971/12091M 
15:01:29 free/avail=6671/11793M 
15:01:49 free/avail=6814/11938M 
15:02:09 free/avail=6703/11830M 
15:02:29 free/avail=6613/11744M 
15:02:49 free/avail=6731/11866M 
15:03:09 free/avail=6577/11713M 
15:03:29 free/avail=5786/10921M 
15:03:49 free/avail=5371/10508M 
15:04:09 free/avail=4907/10044M 
15:04:29 free/avail=5224/10361M 
15:04:49 free/avail=5385/10523M 
15:05:09 free/avail=4972/10110M 
15:05:29 free/avail=5266/10405M 
15:05:49 free/avail=5620/10761M 
15:06:09 free/avail=5784/10928M 
15:06:29 free/avail=5503/10650M 
15:06:49 free/avail=5706/10856M 
15:07:09 free/avail=5942/11096M 
15:07:29 free/avail=5295/10452M 
15:07:49 free/avail=3761/8919M 
15:08:09 free/avail=4226/9385M 
15:08:29 free/avail=4540/9699M 
15:08:49 free/avail=4577/9737M 
15:09:09 free/avail=4118/9278M 
15:09:29 free/avail=4316/9477M 
15:09:49 free/avail=4386/9548M 
15:10:09 free/avail=4675/9840M 
15:10:29 free/avail=5006/10174M 
15:10:49 free/avail=5103/10276M 
15:11:09 free/avail=4665/9844M 
15:11:29 free/avail=4282/9463M 
15:11:49 free/avail=4467/9648M 
15:12:09 free/avail=4276/9458M 
15:12:29 free/avail=3977/9160M 
15:12:49 free/avail=4565/9749M 
15:13:09 free/avail=4716/9900M 
15:13:29 free/avail=7349/12537M 
15:13:49 free/avail=7354/12546M 
15:14:09 free/avail=7340/12536M 
15:14:30 free/avail=7329/12531M 
15:14:50 free/avail=7332/12534M 
15:15:10 free/avail=7316/12519M 
15:15:30 free/avail=7323/12528M 
15:15:50 free/avail=7317/12522M 
15:16:10 free/avail=7327/12536M 
15:16:30 free/avail=7319/12533M 
15:16:50 free/avail=7311/12531M 
15:17:10 free/avail=7325/12546M 
15:17:30 free/avail=7326/12547M 
15:17:50 free/avail=7324/12546M 
15:18:10 free/avail=7320/12544M 
15:18:30 free/avail=7321/12551M 
15:18:50 free/avail=7324/12556M 
15:19:10 free/avail=7323/12555M 
15:19:30 free/avail=7321/12554M 
15:19:50 free/avail=7322/12557M 
15:20:10 free/avail=7310/12548M 
15:20:30 free/avail=7302/12541M 
15:20:50 free/avail=7304/12543M 
15:21:10 free/avail=7299/12540M 
15:21:30 free/avail=7291/12532M 
15:21:50 free/avail=7287/12529M 
15:22:10 free/avail=7287/12530M 
15:22:30 free/avail=7295/12538M 
15:22:50 free/avail=7259/12502M 
15:23:10 free/avail=7271/12515M 
15:23:30 free/avail=7277/12521M 
15:23:50 free/avail=7271/12516M 
15:24:10 free/avail=7269/12515M 
15:24:30 free/avail=7212/12495M 
15:24:50 free/avail=7222/12505M 
15:25:10 free/avail=7236/12520M 
15:25:30 free/avail=7222/12507M 
15:25:50 free/avail=7223/12509M 
15:26:10 free/avail=7218/12505M 
15:26:30 free/avail=7205/12500M 
15:26:50 free/avail=7214/12510M 
15:27:10 free/avail=7204/12500M 
15:27:30 free/avail=7202/12499M 
15:27:50 free/avail=7142/12440M 
15:28:10 free/avail=7149/12449M 
15:28:30 free/avail=7139/12439M 
15:28:50 free/avail=7120/12421M 
15:29:10 free/avail=7018/12320M 
15:29:30 free/avail=7139/12441M 
15:29:50 free/avail=7088/12391M 
15:30:10 free/avail=7109/12413M 
15:30:30 free/avail=7137/12441M 
15:30:50 free/avail=6983/12288M 
15:31:10 free/avail=6945/12250M 
15:31:30 free/avail=6754/12125M 
15:31:50 free/avail=6590/12040M 
15:32:10 free/avail=4461/10554M 
15:32:30 free/avail=4347/10441M 
15:32:50 free/avail=4697/10791M 
15:33:10 free/avail=4239/10334M 
15:33:30 free/avail=4497/10593M 
15:33:50 free/avail=4524/10631M 
15:34:10 free/avail=4858/10966M 
15:34:30 free/avail=4664/10772M 
15:34:50 free/avail=5123/11231M 
15:35:10 free/avail=5092/11215M 
15:35:30 free/avail=5091/11218M 
15:35:50 free/avail=5101/11229M 
15:36:10 free/avail=5033/11161M 
15:36:30 free/avail=4459/10588M 
15:36:50 free/avail=2160/8290M 
15:37:10 free/avail=2535/8665M 
15:37:30 free/avail=2611/8742M 
15:37:50 free/avail=5089/11222M 
15:38:10 free/avail=5087/11219M 
15:38:30 free/avail=5081/11215M 
15:38:50 free/avail=5093/11228M 
15:39:10 free/avail=5092/11228M 
15:39:30 free/avail=5034/11171M 
15:39:50 free/avail=5088/11226M 
15:40:10 free/avail=5085/11224M 
15:40:30 free/avail=4306/10853M 
15:40:50 free/avail=3747/10427M 
15:41:10 free/avail=3458/10269M 
15:41:30 free/avail=2153/10655M 
15:41:50 free/avail=2559/11225M 
15:42:10 free/avail=2554/11227M 
15:42:30 free/avail=2541/11216M 
15:42:50 free/avail=2546/11221M 
15:43:10 free/avail=2476/11152M 
15:43:30 free/avail=2457/11135M 
15:43:50 free/avail=731/9410M 
15:44:10 free/avail=2143/10831M 
15:44:30 free/avail=2425/11113M 
15:44:50 free/avail=525/9217M 
15:45:10 free/avail=942/9637M 
15:45:30 free/avail=1982/10680M 
15:45:51 free/avail=670/9372M 
15:46:11 free/avail=757/9463M 
15:46:31 free/avail=2432/11140M 
15:46:51 free/avail=2498/11206M 
15:47:11 free/avail=2488/11196M 
15:47:31 free/avail=2395/11104M 
15:47:50 free/avail=1620/10334M 
15:48:10 free/avail=1995/10710M 
15:48:30 free/avail=841/9557M 
15:48:50 free/avail=3557/12276M 
15:49:10 free/avail=3630/12352M 
15:49:30 free/avail=2238/10964M 
15:49:50 free/avail=3744/12476M 
15:50:10 free/avail=3740/12479M 
15:50:30 free/avail=3726/12468M 
15:50:50 free/avail=3387/12129M 
15:51:10 free/avail=3528/12271M 
15:51:30 free/avail=3575/12319M 
15:51:50 free/avail=2960/11705M 
15:52:10 free/avail=2930/11675M 
15:52:30 free/avail=3713/12461M 
15:52:50 free/avail=3718/12471M 
15:53:10 free/avail=3663/12423M 
15:53:30 free/avail=3630/12395M 
15:53:50 free/avail=3715/12482M 
15:54:10 free/avail=3711/12480M 
15:54:30 free/avail=2558/11326M 
15:54:50 free/avail=2266/11036M 
15:55:10 free/avail=2886/11657M 
15:55:30 free/avail=2889/11671M 
15:55:50 free/avail=2683/11465M 
15:56:10 free/avail=2955/11737M 
15:56:30 free/avail=2917/11704M 
15:56:50 free/avail=2637/11424M 
15:57:10 free/avail=3056/11847M 
15:57:29 free/avail=2656/11450M 
15:57:49 free/avail=2856/11655M 
15:58:09 free/avail=2845/11645M 
15:58:29 free/avail=2739/11539M 
15:58:49 free/avail=2965/11766M 
15:59:09 free/avail=2864/11665M 
15:59:29 free/avail=2845/11646M 
15:59:48 free/avail=2668/11470M 
16:00:08 free/avail=2907/11710M 
16:00:28 free/avail=2388/11839M 
16:00:48 free/avail=1355/11405M 
16:01:08 free/avail=1151/11814M 
16:01:27 free/avail=224/11497M 
16:01:47 free/avail=258/11795M 
16:02:07 free/avail=606/11904M 
16:02:27 free/avail=262/11513M 
16:02:47 free/avail=605/11857M 
