Wolfram 15.0.0 Kernel for Linux x86 (64-bit)
Copyright 1988-2026 Wolfram Research, Inc.

In[1]:=                                                 
In[2]:= 
In[3]:= 
In[4]:= 
In[5]:= 
In[6]:= 
In[7]:= 
In[8]:= 
In[9]:= 
In[10]:= START Sun 26 Jul 2026 13:22:17 MEMCAP=4000000000 SMALLCAP=900 BIGCAP=7200

In[11]:= HolonomicFunctions Package version 1.7.3 (21-Mar-2017)
written by Christoph Koutschan
Copyright Research Institute for Symbolic Computation (RISC),
Johannes Kepler University, Linz, Austria
--> Type  ?HolonomicFunctions  for help.

In[12]:= HF loaded

In[13]:= 
In[14]:= 
In[15]:= 
In[16]:= 
In[17]:= 
In[18]:= 
In[19]:= In[19]:=   ann alpha : loaded checkpoint

In[20]:=   ann beta #6 rank=5 t=0s leaf=1815 maxmem=0GB Sun 26 Jul 2026 13:22:17

In[21]:=   ann Psi : loaded checkpoint

In[22]:= 
In[23]:= === 1-var probes: is the cost the 3-variable Ore algebra? === 
 
>   Sun 26 Jul 2026 13:22:17

In[24]:=   ann alpha, {S[k]} only #1 rank=3 t=0s leaf=100 maxmem=0GB 
 
>   Sun 26 Jul 2026 13:22:17

In[25]:=   ann Psi, {S[k]} only #1 rank=4 t=0s leaf=196 maxmem=0GB 
 
>   Sun 26 Jul 2026 13:22:18

In[26]:=   DFiniteTimes[alpha,Psi] in {S[k]} only #1 rank=9 t=6s leaf=44922 maxmem=0GB 
 
>   Sun 26 Jul 2026 13:22:24

In[27]:= === bisection: smallest stalling product === Sun 26 Jul 2026 13:22:24

In[28]:=   alpha^2  = DFiniteTimes[alpha,alpha] #11 rank=15 t=31s leaf=513408 maxmem=0
 
>   GB Sun 26 Jul 2026 13:22:55

In[29]:=   alpha*beta = DFiniteTimes[alpha,beta] : TIME ABORT after 900s maxmem=0GB 
 
>   Sun 26 Jul 2026 13:37:55

In[30]:= === the real target, long clock === Sun 26 Jul 2026 13:37:55

In[31]:= 