Wolfram 15.0.0 Kernel for Linux x86 (64-bit)
Copyright 1988-2026 Wolfram Research, Inc.

In[1]:=                                                                                                                 
In[2]:= 
In[3]:= 
In[4]:= 
In[5]:= 
In[6]:= 
In[7]:= 
In[8]:= 
In[9]:= 
In[10]:= 
In[11]:= START Sun 26 Jul 2026 13:00:55 TAG=w5_lk MEMCAP=4000000000 PCAP=1200

In[12]:= HolonomicFunctions Package version 1.7.3 (21-Mar-2017)
written by Christoph Koutschan
Copyright Research Institute for Symbolic Computation (RISC),
Johannes Kepler University, Linz, Austria
--> Type  ?HolonomicFunctions  for help.

In[13]:= HF loaded.  closure-property symbols available: 
 
>   {DFinite, DFiniteDE2RE, DFiniteOreAction, DFinitePlus,\
 
>    DFiniteQSubstitute, DFiniteRE2DE, DFiniteSubstitute, DFiniteTimes,\
 
>    DFiniteTimesHyper}

In[14]:= In[14]:= 
In[15]:= 
In[16]:= 
In[17]:= 
In[18]:= 
In[19]:= 
In[20]:= 
In[21]:= self-test Sum T*w5 n=0..3 : True

In[22]:= 
In[23]:= In[23]:= 
In[24]:= 
In[25]:= 
In[26]:= In[26]:= 
In[27]:=   ann H5[n+k] : loaded checkpoint (3 gens)

In[28]:=   ann H4[n+k] : loaded checkpoint (3 gens)

In[29]:=   ann H3[n+k] : loaded checkpoint (3 gens)

In[30]:=   ann (alpha-beta) : loaded checkpoint (6 gens)

In[31]:=   ann S2 : loaded checkpoint (6 gens)

In[32]:=                   
In[33]:=   ann alpha #6 rank=5 t=0s leaf=639 maxmem=0GB Sun 26 Jul 2026 13:00:56

In[34]:=   ann Psi #6 rank=7 t=1s leaf=6582 maxmem=0GB Sun 26 Jul 2026 13:00:56

In[35]:=   aAP = DFiniteTimes[alpha, Psi] : TIME ABORT after 1200s maxmem=0GB 
 
>   Sun 26 Jul 2026 13:20:57
AP DID NOT RETURN. ALL DONE Sun 26 Jul 2026 13:20:57
