Wolfram 15.0.0 Kernel for Linux x86 (64-bit)
Copyright 1988-2026 Wolfram Research, Inc.

In[1]:=                                                                 
In[2]:= 
In[3]:= 
In[4]:= 
In[5]:= 
In[6]:= 
In[7]:= 
In[8]:= 
In[9]:= 
In[10]:= 
In[11]:= 
In[12]:= START Sun 26 Jul 2026 13:00:48 TAG=w3_lk MEMCAP=5000000000 CTCAP=3000 DMAX=5

In[13]:= HolonomicFunctions Package version 1.7.3 (21-Mar-2017)
written by Christoph Koutschan
Copyright Research Institute for Symbolic Computation (RISC),
Johannes Kepler University, Linz, Austria
--> Type  ?HolonomicFunctions  for help.

In[14]:= HF loaded

In[15]:= In[15]:= 
In[16]:= 
In[17]:= ann loaded from z5_w3_lk_annS.m : 10 generators, LeafCount 5596298, rank 15

In[18]:= In[18]:= 
In[19]:= 
In[20]:= 
In[21]:= 
In[22]:= 
In[23]:= In[23]:=          
In[24]:= 
In[25]:= 
In[26]:= ct ladder order: {3, 4, 5, 0, 1, 2}

In[27]:= 
In[28]:=   2-delta CT d=3 t=1s -> error  maxmem=0GB  Sun 26 Jul 2026 13:00:51
  2-delta CT d=4 t=1s -> error  maxmem=0GB  Sun 26 Jul 2026 13:00:52
  2-delta CT d=5 t=1s -> error  maxmem=0GB  Sun 26 Jul 2026 13:00:53
  2-delta CT d=0 t=1s -> error  maxmem=0GB  Sun 26 Jul 2026 13:00:54
  2-delta CT d=1 t=1s -> error  maxmem=0GB  Sun 26 Jul 2026 13:00:55
  2-delta CT d=2 t=1s -> error  maxmem=0GB  Sun 26 Jul 2026 13:00:56

In[29]:= In[29]:=   NO 2-delta telescoper up to d=5.

In[30]:= ALL DONE Sun 26 Jul 2026 13:00:56

In[31]:= 