Wolfram 15.0.0 Kernel for Linux x86 (64-bit)
Copyright 1988-2026 Wolfram Research, Inc.

In[1]:=                                                                                         
In[2]:= 
In[3]:= 
In[4]:= 
In[5]:= 
In[6]:= 
In[7]:= 
In[8]:= 
In[9]:= 
In[10]:= 
In[11]:= 
In[12]:= START Sun 26 Jul 2026 13:02:42 ORD=kl MEMCAP=5000000000 GBCAP=2400 CT1CAP=
 
>   12000

In[13]:= HolonomicFunctions Package version 1.7.3 (21-Mar-2017)
written by Christoph Koutschan
Copyright Research Institute for Symbolic Computation (RISC),
Johannes Kepler University, Linz, Austria
--> Type  ?HolonomicFunctions  for help.

In[14]:= HF loaded

In[15]:= 
In[16]:= ann: 10 generators, LeafCount 5596298, rank 15

In[17]:= In[17]:= 
In[18]:= 
In[19]:= In[19]:= 
In[20]:= === B0 OreGroebnerBasis over the full 3-variable algebra === 
 
>   Sun 26 Jul 2026 13:02:44

In[21]:=   B0 gb3 OK t=2119s LeafCount 5596298 maxmem=2GB Sun 26 Jul 2026 13:38:02

In[22]:= 
In[23]:=   reduction factor on LeafCount: 1.000x   #gens 10  rank 15

In[24]:= In[24]:= 
In[25]:= === B1 multi-delta CreativeTelescoping signature probe === 
 
>   Sun 26 Jul 2026 13:38:03

In[26]:= 
CreativeTelescoping::fail: More than one operator is involved in the delta.

In[27]:=   probe result head: String  -> CHECK-FAILED

In[28]:= 
In[29]:= In[29]:= 
In[30]:= 
In[31]:= === B2 ct1 (eliminate k) on the reduced basis === Sun 26 Jul 2026 13:38:04

In[32]:=   B2 ct1 : MEMORY ABORT after 1683s maxmem=6GB Sun 26 Jul 2026 14:06:07

In[33]:= B2 DID NOT RETURN. ALL DONE Sun 26 Jul 2026 14:06:07
