==== C (b=3, A(1)=3)
   C m=2: 6328 templates scanned
   C m=3: 155030 templates scanned
   C m=4: 328848 templates scanned
   C m=5: 1900500 templates scanned
   m=2  C(2k,1k) C(n,1k)^2
   m=2  C(2k,1k) C(n,1k) C(n,n-1k)
   m=2  C(2k,1k) C(n,n-1k)^2
   m=3  C(2k,1k) C(n,1k)^2
   m=3  C(2k,1k) C(n,1k) C(n,n-1k)
   m=3  C(2k,1k) C(n,n-1k)^2
   m=4  C(2k,1k) C(n,1k)^2
   m=4  C(2k,1k) C(n,1k) C(n,n-1k)
   m=4  C(2k,1k) C(n,n-1k)^2
   m=5  C(2k,1k) C(n,1k)^2
   m=5  C(2k,1k) C(n,1k) C(n,n-1k)
   m=5  C(2k,1k) C(n,n-1k)^2
==== B (b=3, A(1)=3)
   B m=2: 6328 templates scanned
   B m=3: 155030 templates scanned
   B m=4: 328848 templates scanned
   B m=5: 1900500 templates scanned
   m=3  (-1)^k 3^((n-3k)) C(2k,1k) C(3k,1k) C(n,3k)
   m=3  (-1)^k 3^((n-3k)) C(2k,1k) C(3k,1k) C(n,n-3k)
   m=3  (-1)^k 3^((n-3k)) C(2k,1k) C(3k,2k) C(n,3k)
   m=3  (-1)^k 3^((n-3k)) C(2k,1k) C(3k,2k) C(n,n-3k)
   m=3  (-1)^k 3^((n-3k)) C(2k,1k) C(n-1k,2k) C(n,1k)
   m=3  (-1)^k 3^((n-3k)) C(2k,1k) C(n-1k,n-3k) C(n,1k)
   m=3  (-1)^k 3^((n-3k)) C(2k,1k) C(n-2k,1k) C(n,2k)
   m=3  (-1)^k 3^((n-3k)) C(2k,1k) C(n-2k,n-3k) C(n,2k)
   m=3  (-1)^k 3^((n-3k)) C(2k,1k) C(n-1k,2k) C(n,n-1k)
   m=3  (-1)^k 3^((n-3k)) C(2k,1k) C(n-2k,1k) C(n,n-2k)
   m=3  (-1)^k 3^((n-3k)) C(2k,1k) C(n-1k,n-3k) C(n,n-1k)
   m=3  (-1)^k 3^((n-3k)) C(2k,1k) C(n-2k,n-3k) C(n,n-2k)
   m=3  (-1)^k 3^((n-3k)) C(n-1k,1k) C(n-2k,1k) C(n,1k)
   m=3  (-1)^k 3^((n-3k)) C(n-1k,1k) C(n-2k,n-3k) C(n,1k)
   m=3  (-1)^k 3^((n-3k)) C(n-1k,n-2k) C(n-2k,1k) C(n,1k)
   m=3  (-1)^k 3^((n-3k)) C(n-1k,n-2k) C(n-2k,n-3k) C(n,1k)
   m=3  (-1)^k 3^((n-3k)) C(n-1k,1k) C(n-2k,1k) C(n,n-1k)
   m=3  (-1)^k 3^((n-3k)) C(n-1k,1k) C(n-2k,n-3k) C(n,n-1k)
   m=3  (-1)^k 3^((n-3k)) C(n-1k,n-2k) C(n-2k,1k) C(n,n-1k)
   m=3  (-1)^k 3^((n-3k)) C(n-1k,n-2k) C(n-2k,n-3k) C(n,n-1k)
   m=4  (-1)^k 3^((n-3k)) C(2k,1k) C(3k,1k) C(n,3k)
   m=4  (-1)^k 3^((n-3k)) C(2k,1k) C(3k,1k) C(n,n-3k)
   m=4  (-1)^k 3^((n-3k)) C(2k,1k) C(3k,2k) C(n,3k)
   m=4  (-1)^k 3^((n-3k)) C(2k,1k) C(3k,2k) C(n,n-3k)
   m=4  (-1)^k 3^((n-3k)) C(2k,1k) C(n-1k,2k) C(n,1k)
   m=4  (-1)^k 3^((n-3k)) C(2k,1k) C(n-1k,n-3k) C(n,1k)
   m=4  (-1)^k 3^((n-3k)) C(2k,1k) C(n-2k,1k) C(n,2k)
   m=4  (-1)^k 3^((n-3k)) C(2k,1k) C(n-2k,n-3k) C(n,2k)
   m=4  (-1)^k 3^((n-3k)) C(2k,1k) C(n-1k,2k) C(n,n-1k)
   m=4  (-1)^k 3^((n-3k)) C(2k,1k) C(n-2k,1k) C(n,n-2k)
   m=4  (-1)^k 3^((n-3k)) C(2k,1k) C(n-1k,n-3k) C(n,n-1k)
   m=4  (-1)^k 3^((n-3k)) C(2k,1k) C(n-2k,n-3k) C(n,n-2k)
   m=4  (-1)^k 3^((n-3k)) C(n-1k,1k) C(n-2k,1k) C(n,1k)
   m=4  (-1)^k 3^((n-3k)) C(n-1k,1k) C(n-2k,n-3k) C(n,1k)
   m=4  (-1)^k 3^((n-3k)) C(n-1k,n-2k) C(n-2k,1k) C(n,1k)
   m=4  (-1)^k 3^((n-3k)) C(n-1k,n-2k) C(n-2k,n-3k) C(n,1k)
   m=4  (-1)^k 3^((n-3k)) C(n-1k,1k) C(n-2k,1k) C(n,n-1k)
   m=4  (-1)^k 3^((n-3k)) C(n-1k,1k) C(n-2k,n-3k) C(n,n-1k)
   m=4  (-1)^k 3^((n-3k)) C(n-1k,n-2k) C(n-2k,1k) C(n,n-1k)
   m=4  (-1)^k 3^((n-3k)) C(n-1k,n-2k) C(n-2k,n-3k) C(n,n-1k)
   m=5  (-1)^k 3^((n-3k)) C(2k,1k) C(3k,1k) C(n,3k)
   m=5  (-1)^k 3^((n-3k)) C(2k,1k) C(3k,1k) C(n,n-3k)
   m=5  (-1)^k 3^((n-3k)) C(2k,1k) C(3k,2k) C(n,3k)
   m=5  (-1)^k 3^((n-3k)) C(2k,1k) C(3k,2k) C(n,n-3k)
   m=5  (-1)^k 3^((n-3k)) C(2k,1k) C(n-1k,2k) C(n,1k)
   m=5  (-1)^k 3^((n-3k)) C(2k,1k) C(n-1k,n-3k) C(n,1k)
   m=5  (-1)^k 3^((n-3k)) C(2k,1k) C(n-2k,1k) C(n,2k)
   m=5  (-1)^k 3^((n-3k)) C(2k,1k) C(n-2k,n-3k) C(n,2k)
   m=5  (-1)^k 3^((n-3k)) C(2k,1k) C(n-1k,2k) C(n,n-1k)
   m=5  (-1)^k 3^((n-3k)) C(2k,1k) C(n-2k,1k) C(n,n-2k)
   m=5  (-1)^k 3^((n-3k)) C(2k,1k) C(n-1k,n-3k) C(n,n-1k)
   m=5  (-1)^k 3^((n-3k)) C(2k,1k) C(n-2k,n-3k) C(n,n-2k)
   m=5  (-1)^k 3^((n-3k)) C(n-1k,1k) C(n-2k,1k) C(n,1k)
   m=5  (-1)^k 3^((n-3k)) C(n-1k,1k) C(n-2k,n-3k) C(n,1k)
   m=5  (-1)^k 3^((n-3k)) C(n-1k,n-2k) C(n-2k,1k) C(n,1k)
   m=5  (-1)^k 3^((n-3k)) C(n-1k,n-2k) C(n-2k,n-3k) C(n,1k)
   m=5  (-1)^k 3^((n-3k)) C(n-1k,1k) C(n-2k,1k) C(n,n-1k)
   m=5  (-1)^k 3^((n-3k)) C(n-1k,1k) C(n-2k,n-3k) C(n,n-1k)
   m=5  (-1)^k 3^((n-3k)) C(n-1k,n-2k) C(n-2k,1k) C(n,n-1k)
   m=5  (-1)^k 3^((n-3k)) C(n-1k,n-2k) C(n-2k,n-3k) C(n,n-1k)
==== delta (b=3, A(1)=3)
   delta m=2: 6328 templates scanned
   delta m=3: 155030 templates scanned
   delta m=4: 328848 templates scanned
   delta m=5: 1900500 templates scanned
   NO tame representation found
==== zeta (b=3, A(1)=3)
   zeta m=2: 6328 templates scanned
   zeta m=3: 155030 templates scanned
   zeta m=4: 328848 templates scanned
   zeta m=5: 1900500 templates scanned
   NO tame representation found
==== eta (b=5, A(1)=5)
   eta m=2: 6328 templates scanned
   eta m=3: 155030 templates scanned
   eta m=4: 328848 templates scanned
   eta m=5: 1900500 templates scanned
   NO tame representation found
==== s18 (b=6, A(1)=6)
   s18 m=2: 6328 templates scanned
   s18 m=3: 155030 templates scanned
   s18 m=4: 328848 templates scanned
   s18 m=5: 1900500 templates scanned
   NO tame representation found
==== F (b=6, A(1)=6)
   F m=2: 6328 templates scanned
   F m=3: 155030 templates scanned
   F m=4: 328848 templates scanned
   F m=5: 1900500 templates scanned
   NO tame representation found
