==============================================================================
T3  delta   N=200 rows, held-out 201..205
  w=3  chi=DNone   tame=['n', 'k', '3k', 'n-3k', '2k', 'n-k']   full=['n', 'k', '3k', 'n-3k', '2k', 'n+k', 'n-k']
==============================================================================

-- delta tame, pure harmonic w=3 (chi trivial)
delta w=3 args=n,k,3k,n-3k,2k,n-k deg<=None disc=() hom=None cols=98   rank=98   excess=102  INCONSISTENT

-- delta tame + n+k (non-tame)
delta w=3 args=n,k,3k,n-3k,2k,n-k,n+k deg<=None disc=() hom=None cols=140  rank=140  excess=60   INCONSISTENT

-- delta tame + chi_{-3} letters (control on the character)
delta w=3 args=n,k,3k,n-3k,2k deg<=None disc=(-3,) hom=None cols=330  rank=200  excess=0    REFUSED (excess 0 < 40)
==============================================================================
T3  C   N=200 rows, held-out 201..205
  w=2  chi=D-3   tame=['n', 'k', 'n-k']   full=['n', 'k', 'n-k', '2k', 'n+k', '2n-2k', '2n', '2n-k']
==============================================================================

-- C tame, chi_{-3} homogeneous
C w=2 args=n,k,n-k deg<=None disc=(-3,) hom=1              cols=12   rank=12   excess=188  INCONSISTENT

-- C tame, all monomials, chi_{-3}
C w=2 args=n,k,n-k deg<=None disc=(-3,) hom=None           cols=27   rank=27   excess=173  INCONSISTENT

-- C full args + chi_{-3}  (LBW reported inconsistent; re-measure)
C w=2 args=n,k,n-k,2k,2n-2k,n+k deg<=None disc=(-3,) hom=None cols=90   rank=86   excess=114  INCONSISTENT
==============================================================================
T3  s18   N=200 rows, held-out 201..205
  w=2  chi=D-3   tame=['n', 'k', 'n-k', '2k', 'tb', 'n-3k']   full=['n', 'k', 'n-k', '2k', '2n-2k', 't', 'tb', 'n-3k']
==============================================================================

-- s18 tame, chi_{-3} homogeneous
s18 w=2 args=n,k,n-k,2k,tb,n-3k deg<=None disc=(-3,) hom=1 cols=42   rank=41   excess=159  INCONSISTENT

-- s18 tame, all monomials
s18 w=2 args=n,k,n-k,2k,tb,n-3k deg<=None disc=(-3,) hom=None cols=90   rank=88   excess=112  INCONSISTENT

-- s18 tame, pure harmonic (control)
s18 w=2 args=n,k,n-k,2k,tb,n-3k deg<=None disc=() hom=None cols=27   rank=26   excess=174  INCONSISTENT

-- s18 full args + chi_{-3}
s18 w=2 args=n,k,n-k,2k,2n-2k,t,tb,n-3k deg<=None disc=(-3,) hom=None cols=152  rank=145  excess=55   INCONSISTENT
==============================================================================
T3  eta   N=200 rows, held-out 201..205
  w=3  chi=D5   tame=['n', 'k', 'n-k', 'tb', '2k', 'n-5k']   full=['n', 'k', 'n-k', '3n', 't', 'tb', '2k', 'n-5k']
==============================================================================

-- eta tame, chi_5 homogeneous, w=3
eta w=3 args=n,k,n-k,tb,2k,n-5k deg<=None disc=(5,) hom=1  cols=204  rank=191  excess=9    REFUSED (excess 9 < 40)

-- eta tame, pure harmonic (control)
eta w=3 args=n,k,n-k,tb,2k,n-5k deg<=None disc=() hom=None cols=98   rank=91   excess=109  INCONSISTENT

-- eta full args + chi_5
eta w=3 args=n,k,n-k,3n,t,tb,2k,n-5k deg<=None disc=(5,) hom=None cols=1088 rank=200  excess=0    REFUSED (excess 0 < 40)
==============================================================================
T3  F   N=200 rows, held-out 201..205
  w=2  chi=D-3   tame=['n', 'k', 'n-k', 'l', 'k-l']   full=['n', 'k', 'n-k', 'l', 'k-l', 'n+k', '2l', '2k-2l']
==============================================================================

-- F tame (all args ARE tame), chi_{-3} homogeneous
F w=2 args=n,k,n-k,l,k-l deg<=None disc=(-3,) hom=1        cols=30   rank=21   excess=179  INCONSISTENT

-- F tame, all monomials
F w=2 args=n,k,n-k,l,k-l deg<=None disc=(-3,) hom=None     cols=65   rank=47   excess=153  INCONSISTENT

-- F tame, pure harmonic (control)
F w=2 args=n,k,n-k,l,k-l deg<=None disc=() hom=None        cols=20   rank=15   excess=185  INCONSISTENT
==============================================================================
T3  zeta   N=200 rows, held-out 201..205
  w=3  chi=D-3   tame=['n', 'k', 'n-k', 'l', 'n-l', 'k-l', 'k+l-n']   full=['n', 'k', 'n-k', 'l', 'n-l', 'k-l', 'k+l', 'k+l-n']
==============================================================================

-- zeta tame, chi_{-3} homogeneous, w=3
zeta w=3 args=n,k,n-k,l,k-l,k+l-n deg<=None disc=(-3,) hom=1 cols=204  rank=200  excess=0    REFUSED (excess 0 < 40)

-- zeta tame, pure harmonic (control)
zeta w=3 args=n,k,n-k,l,k-l,k+l-n deg<=None disc=() hom=None cols=98   rank=98   excess=102  INCONSISTENT
