Wolfram 15.0.0 Kernel for Linux x86 (64-bit)
Copyright 1988-2026 Wolfram Research, Inc.

In[1]:=                                                                                                                                                                                                                                                                                                                                                         
In[2]:= In[2]:= 
In[3]:= 
In[4]:= 
In[5]:= 
In[6]:=                         
In[7]:= 
In[8]:= 
In[9]:=         
In[10]:= 
In[11]:= 
In[12]:= 
In[13]:= 
In[14]:= 
In[15]:= 
In[16]:= 
In[17]:= START Sat 25 Jul 2026 06:57:27  JOBS=ll:B,n3:C,n3:B DMAX=10 MEMCAP=3000000000

In[18]:= HolonomicFunctions Package version 1.7.3 (21-Mar-2017)
written by Christoph Koutschan
Copyright Research Institute for Symbolic Computation (RISC),
Johannes Kepler University, Linz, Austria
--> Type  ?HolonomicFunctions  for help.

In[19]:= HF loaded

In[20]:= In[20]:= 
In[21]:= 
In[22]:= 
In[23]:= 
In[24]:= 
In[25]:= 
In[26]:= 
In[27]:= 
In[28]:= 
In[29]:= 
In[30]:= 
In[31]:= 
In[32]:= 
In[33]:= 
In[34]:= rho,sigma loaded 10553 1819

In[35]:= In[35]:= 
In[36]:= 
In[37]:= 
In[38]:= 
In[39]:= 
In[40]:= In[40]:= 
In[41]:= 
In[42]:= 
In[43]:= 
In[44]:= 
In[45]:= 
In[46]:= 
In[47]:= 
In[48]:= 
In[49]:= 
In[50]:= In[50]:= 
In[51]:= 
In[52]:= 
In[53]:= 
In[54]:= In[54]:= 
In[55]:= 
In[56]:= 
In[57]:= 
In[58]:= 
In[59]:= In[59]:= 
In[60]:= 
In[61]:= 
In[62]:= In[62]:= 
In[63]:= In[63]:=                   
In[64]:= 
In[65]:= 
In[66]:= In[66]:=                                                       
In[67]:= In[67]:= === JOB ll:B === Sat 25 Jul 2026 06:57:27
  CHECK ll : letters-in-cofactors=0 symbolic=0 points={0, 0, 0, 0, 0}
  obj LeafCount 2307  obj/T 1913  lambda -HH[k, 2] + HH[k + n, 2]
  ll:B ann #3 t=2s  (checkpointed)  mem=0GB  Sat 25 Jul 2026 06:57:29
  ann rank-ish: 3 generators
  ll:B ct1 #2 t=1021s  (checkpointed)  mem=2GB  Sat 25 Jul 2026 07:14:30
  ct1 telescopers: 3
  ll:B gb #3 t=330s  (checkpointed)  mem=2GB  Sat 25 Jul 2026 07:20:00
  gb === ct1tel ? True
  ann(lambda) #3
