Wolfram 15.0.0 Kernel for Linux x86 (64-bit)
Copyright 1988-2026 Wolfram Research, Inc.

In[1]:=                                                 
In[2]:= 
In[3]:= 
In[4]:= 
In[5]:= START Sat 25 Jul 2026 00:08:10

In[6]:= HolonomicFunctions Package version 1.7.3 (21-Mar-2017)
written by Christoph Koutschan
Copyright Research Institute for Symbolic Computation (RISC),
Johannes Kepler University, Linz, Austria
--> Type  ?HolonomicFunctions  for help.

In[7]:= HF loaded Sat 25 Jul 2026 00:08:10

In[8]:= In[8]:= 
In[9]:= 
In[10]:= 
In[11]:= 
In[12]:= In[12]:= 
In[13]:= In[13]:= === U1 === Sat 25 Jul 2026 00:08:10
U1 ann #4 t=0s
U1 ann ords={{0, 0, 1}, {1, 2, 0}, {1, 1, 0}, {2, 0, 0}}
