Wolfram 15.0.0 Kernel for Linux x86 (64-bit)
Copyright 1988-2026 Wolfram Research, Inc.

In[1]:=                 
In[2]:= 
In[3]:= 
In[4]:= 
In[5]:= START Sat 25 Jul 2026 00:27:06

In[6]:= HolonomicFunctions Package version 1.7.3 (21-Mar-2017)
written by Christoph Koutschan
Copyright Research Institute for Symbolic Computation (RISC),
Johannes Kepler University, Linz, Austria
--> Type  ?HolonomicFunctions  for help.

In[7]:= Package OreSys version 1.2 written by Stefan Gerhold
Copyright Research Institute for Symbolic Computation (RISC),
Johannes Kepler University, Linz, Austria

In[8]:= HF+OreSys loaded Sat 25 Jul 2026 00:27:06

In[9]:= In[9]:= 
In[10]:= 
In[11]:= 
In[12]:= 
In[13]:= 
Out[13]= -HarmonicNumber[k, 3] - HarmonicNumber[l, 3] + 
 
>    HarmonicNumber[n, 3] + HarmonicNumber[k + n, 3] + 
 
>    HarmonicNumber[l + n, 3]

In[14]:= 
Out[14]= (-((-HarmonicNumber[k] + HarmonicNumber[k + n]) 
 
>         (-HarmonicNumber[k, 2] + HarmonicNumber[k + n, 2])) - 
 
>      (-HarmonicNumber[l] + HarmonicNumber[l + n]) 
 
>       (-HarmonicNumber[l, 2] + HarmonicNumber[l + n, 2])) / 4

In[15]:= 
Out[15]= (-3 ((-HarmonicNumber[k] + HarmonicNumber[-k + n]) 
 
>         (-HarmonicNumber[k, 2] + HarmonicNumber[k + n, 2]) + 
 
>        (-HarmonicNumber[l] + HarmonicNumber[-l + n]) 
 
>         (-HarmonicNumber[l, 2] + HarmonicNumber[l + n, 2]))) / 4

In[16]:= 
Out[16]= (-3 (-HarmonicNumber[k + l] + HarmonicNumber[k + l + n]) 
 
>      (-HarmonicNumber[k, 2] - HarmonicNumber[l, 2] + 
 
>        HarmonicNumber[k + n, 2] + HarmonicNumber[l + n, 2])) / 8

In[17]:= 
In[18]:= In[18]:= 
In[19]:= In[19]:= 
In[20]:= In[20]:= 
In[21]:= === Z1 elim k->l Method=Zuercher === Sat 25 Jul 2026 00:27:07
Z1 ann #4 t=0s
