Wolfram 15.0.0 Kernel for Linux x86 (64-bit)
Copyright 1988-2026 Wolfram Research, Inc.

In[1]:=                                                                                                                                                                                                                                                                 
In[2]:= 
In[3]:= 
In[4]:= 
In[5]:= 
In[6]:= 
In[7]:= 
In[8]:= 
In[9]:=                 
In[10]:= 
In[11]:= 
In[12]:= 
In[13]:= 
In[14]:= 
In[15]:= 
In[16]:= START Sat 25 Jul 2026 04:01:25  TAUS=ll,n1,n2,n3 ORD=lk DMAX=12 MEMCAP=
 
>   3500000000 CT1box=3x3

In[17]:= 
S::shdw: Symbol S appears in multiple contexts 
    {RISC`HolonomicFunctions`, Global`}; definitions in context 
    RISC`HolonomicFunctions` may shadow or be shadowed by other definitions.
HolonomicFunctions Package version 1.7.3 (21-Mar-2017)
written by Christoph Koutschan
Copyright Research Institute for Symbolic Computation (RISC),
Johannes Kepler University, Linz, Austria
--> Type  ?HolonomicFunctions  for help.

In[18]:= HF loaded

In[19]:= In[19]:= 
In[20]:= 
In[21]:= 
In[22]:= 
In[23]:= 
In[24]:= 
In[25]:= 
In[26]:= 
In[27]:= 
In[28]:= 
In[29]:= rho,sigma loaded 10553 1819

In[30]:= In[30]:= 
In[31]:= 
In[32]:= 
In[33]:= HarmonicNumber counts A2k/Psi/vw (must be 2/8/13): 2/8/13

In[34]:= In[34]:=                                     
In[35]:= 
In[36]:= 
In[37]:= 
In[38]:= 
In[39]:= 
In[40]:= 
In[41]:= 
In[42]:= 
In[43]:= 
In[44]:= 
In[45]:= 
In[46]:= weight LeafCounts (none may be 0/atomic): {84, 86, 66, 12471, 2255}

In[47]:= In[47]:= 
In[48]:= 
In[49]:= 
In[50]:= 
In[51]:= SPLIT CHECK (must all be 0): {0, 0, 0, 0}

In[52]:= 
In[53]:= In[53]:= 
In[54]:= 
In[55]:= In[55]:= 
In[56]:=                            
In[57]:= In[57]:= === tau ll (ORD=lk) === Sat 25 Jul 2026 04:01:26
  ll LeafCount 2318
  ll ann : loaded checkpoint
