Wolfram 15.0.0 Kernel for Linux x86 (64-bit)
Copyright 1988-2026 Wolfram Research, Inc.

In[1]:=                 
In[2]:= 
In[3]:= 
In[4]:= 
In[5]:= START Sat 25 Jul 2026 00:41:03

In[6]:= HolonomicFunctions Package version 1.7.3 (21-Mar-2017)
written by Christoph Koutschan
Copyright Research Institute for Symbolic Computation (RISC),
Johannes Kepler University, Linz, Austria
--> Type  ?HolonomicFunctions  for help.

In[7]:= HF loaded

In[8]:= 
In[9]:= 
In[10]:= 
In[11]:= 
In[12]:= 
Out[12]= HarmonicNumber[n, 3] - 
 
>    (3 (-HarmonicNumber[k] + HarmonicNumber[-k + n]) 
 
>       (-HarmonicNumber[k, 2] + HarmonicNumber[k + n, 2])) / 2 - 
 
>    ((-HarmonicNumber[k] + HarmonicNumber[k + n]) 
 
>       (-HarmonicNumber[k, 2] + HarmonicNumber[k + n, 2])) / 2 + 
 
>    2 (-HarmonicNumber[k, 3] + HarmonicNumber[k + n, 3])

In[13]:= 
In[14]:= 
In[15]:= 
In[16]:= 
In[17]:= J ann #7 t=124s

In[18]:= 
In[19]:= 
In[20]:= 