Wolfram 15.0.0 Kernel for Linux x86 (64-bit)
Copyright 1988-2026 Wolfram Research, Inc.

In[1]:=         
In[2]:= 
In[3]:= 
In[4]:= 
In[5]:= START Sat 25 Jul 2026 00:17:36

In[6]:= HolonomicFunctions Package version 1.7.3 (21-Mar-2017)
written by Christoph Koutschan
Copyright Research Institute for Symbolic Computation (RISC),
Johannes Kepler University, Linz, Austria
--> Type  ?HolonomicFunctions  for help.

In[7]:= HF loaded

In[8]:= Options[CreativeTelescoping] = {Method -> Automatic, Support -> {},\
 
>    Incomplete -> False, Return -> Automatic}

In[9]:= Options[OreReduce] = {ModuleBasis -> {}, ReduceTail -> True,\
 
>    NormalizeCoefficients -> False, Modulus -> 0, Extended -> False,\
 
>    OrePolynomialSubstitute -> {}}

In[10]:= Options[OreGroebnerBasis] = {MonomialOrder -> None, ModuleBasis -> {},\
 
>    Incomplete -> False, Modulus -> 0, Method -> "sugar", Extended -> False,\
 
>    ReduceTail -> True, NormalizeCoefficients -> True, Reduce -> True}

In[11]:= Options[Annihilator] = {MonomialOrder -> DegreeLexicographic, Head -> None,\
 
>    Inhomogeneous -> False, Assumptions :> $Assumptions, Method -> Automatic}

In[12]:= In[12]:= 
In[13]:= 
In[14]:= 
In[15]:= 
In[16]:= In[16]:= 
In[17]:= In[17]:= === X0 (elim k) === Sat 25 Jul 2026 00:17:36
X0 ann #3 t=0s ords={{0, 0, 1}, {0, 1, 0}, {1, 0, 0}}
X0 ct1 #2 t=0s
X0 gb #2 t=0s  gb===ct1tel? True
X0 ct2 #1 t=4s
X0 ORDER=3 Sat 25 Jul 2026 00:17:40

In[18]:= === X1 (elim k) === Sat 25 Jul 2026 00:17:40
X1 ann #4 t=0s ords={{0, 1, 1}, {1, 0, 2}, {1, 0, 1}, {2, 0, 0}}
