Wolfram 15.0.0 Kernel for Linux x86 (64-bit)
Copyright 1988-2026 Wolfram Research, Inc.

In[1]:=                                                                                                                                                                                                                                                                 
In[2]:= In[2]:= 
In[3]:= 
In[4]:= 
In[5]:= 
In[6]:= 
In[7]:= 
In[8]:= 
In[9]:= 
In[10]:= 
In[11]:= 
In[12]:= 
In[13]:= 
In[14]:= 
In[15]:= START Sat 25 Jul 2026 09:54:30  ORD=lk DMAX=5 MEMCAP=9000000000 ANNCAP=20000
 
>    LADDERCAP=3600

In[16]:= HolonomicFunctions Package version 1.7.3 (21-Mar-2017)
written by Christoph Koutschan
Copyright Research Institute for Symbolic Computation (RISC),
Johannes Kepler University, Linz, Austria
--> Type  ?HolonomicFunctions  for help.

In[17]:= HF loaded

In[18]:= In[18]:= 
In[19]:= 
In[20]:= 
In[21]:= 
In[22]:= 
In[23]:= 
In[24]:= 
In[25]:= In[25]:= 
In[26]:= 
In[27]:= 
In[28]:= 
In[29]:= 
In[30]:= vtilde HarmonicNumber instances (must be 11): 11
 
>      distinct symbols S (must be 10): 10

In[31]:= 
In[32]:= vtilde has a C letter ? False   (must be False)

In[33]:= In[33]:= 
In[34]:= obj = T*vtilde  LeafCount 91  distinct symbols 10

In[35]:= In[35]:= 
In[36]:= 
In[37]:= 
In[38]:= In[38]:= 
In[39]:= === D1 Annihilator[T*vtilde] === Sat 25 Jul 2026 09:54:30

In[40]:=   D1 ann #12 t=5801s  (checkpointed)  mem=4GB  Sat 25 Jul 2026 11:31:11

In[41]:= 
In[42]:=   ann: 12 generators

In[43]:= In[43]:= === D2 ct1 (eliminate l) === Sat 25 Jul 2026 11:31:11

In[44]:=   D2 ct1 : MEMORY ABORT after 1554s  Sat 25 Jul 2026 11:57:05

In[45]:= D2 DID NOT RETURN.
ALL DONE Sat 25 Jul 2026 11:57:05
