Wolfram 15.0.0 Kernel for Linux x86 (64-bit)
Copyright 1988-2026 Wolfram Research, Inc.

In[1]:=                                                                                                                                                                                                                                                                 
In[2]:= 
In[3]:= 
In[4]:= 
In[5]:= 
In[6]:= 
In[7]:= 
In[8]:= 
In[9]:= 
In[10]:= 
In[11]:= 
In[12]:= START Sat 25 Jul 2026 05:20:44  TAUS=n1,n2,n3 ORD=lk DMAX=10 MEMCAP=3000000000

In[13]:= HolonomicFunctions Package version 1.7.3 (21-Mar-2017)
written by Christoph Koutschan
Copyright Research Institute for Symbolic Computation (RISC),
Johannes Kepler University, Linz, Austria
--> Type  ?HolonomicFunctions  for help.

In[14]:= HF loaded

In[15]:= In[15]:= 
In[16]:= 
In[17]:= 
In[18]:= 
In[19]:= 
In[20]:= 
In[21]:= 
In[22]:= 
In[23]:= 
In[24]:= 
In[25]:= rho,sigma loaded 10553 1819

In[26]:= In[26]:= 
In[27]:= 
In[28]:= 
In[29]:= HarmonicNumber counts A2k/Psi/vw (must be 2/8/13): 2/8/13

In[30]:= In[30]:=                                     
In[31]:= 
In[32]:= 
In[33]:= 
In[34]:= 
In[35]:= 
In[36]:= 
In[37]:= 
In[38]:= 
In[39]:= 
In[40]:= 
In[41]:= 
In[42]:= weight LeafCounts (none may be 0/atomic): {84, 86, 66, 12471, 2255}

In[43]:= In[43]:= 
In[44]:= 
In[45]:= 
In[46]:= 
In[47]:= SPLIT CHECK (must all be 0): {0, 0, 0, 0}

In[48]:= 
In[49]:= In[49]:= 
In[50]:=                                     
In[51]:= 
In[52]:= 
In[53]:= In[53]:= 
In[54]:= 
In[55]:= In[55]:= === tau n1 (ORD=lk) === Sat 25 Jul 2026 05:20:44
  n1 LeafCount 578
