Wolfram 15.0.0 Kernel for Linux x86 (64-bit)
Copyright 1988-2026 Wolfram Research, Inc.

In[1]:=                                                                                                                                                                                                                                                                                                                                                         
In[2]:= In[2]:= 
In[3]:= 
In[4]:= 
In[5]:= 
In[6]:= 
In[7]:= 
In[8]:= 
In[9]:= 
In[10]:= 
In[11]:= START Sat 25 Jul 2026 05:39:41  JOBS=n1:A,n1:C,n1:B,n1:D,kk:C,kk:B,kk:A,kk:D
 
>    DMAX=10 MEMCAP=3000000000

In[12]:= HolonomicFunctions Package version 1.7.3 (21-Mar-2017)
written by Christoph Koutschan
Copyright Research Institute for Symbolic Computation (RISC),
Johannes Kepler University, Linz, Austria
--> Type  ?HolonomicFunctions  for help.

In[13]:= HF loaded

In[14]:= In[14]:= 
In[15]:= 
In[16]:= 
In[17]:= 
In[18]:= 
In[19]:= 
In[20]:= 
In[21]:= 
In[22]:= 
In[23]:= 
In[24]:= 
In[25]:= 
In[26]:= 
In[27]:= 
In[28]:= rho,sigma loaded 10553 1819

In[29]:= In[29]:= 
In[30]:= 
In[31]:= 
In[32]:= 
In[33]:= 
In[34]:= In[34]:= 
In[35]:= 
In[36]:= 
In[37]:= 
In[38]:= 
In[39]:= 
In[40]:= 
In[41]:= 
In[42]:= 
In[43]:= 
In[44]:= In[44]:= 
In[45]:= 
In[46]:= 
In[47]:= 
In[48]:= In[48]:= 
In[49]:= 
In[50]:= 
In[51]:= 
In[52]:= 
In[53]:= In[53]:= 
In[54]:= 
In[55]:= 
In[56]:= In[56]:= 
In[57]:= In[57]:=                   
In[58]:= 
In[59]:= 
In[60]:= In[60]:=                   
In[61]:= In[61]:= === JOB n1:A === Sat 25 Jul 2026 05:39:41
  CHECK n1 : letters-in-cofactors=0 symbolic=0 points={0, 0, 0, 0, 0}
  obj LeafCount 400  obj/T 429  lambda 1
  n1:A ann #3 t=0s  (checkpointed)  mem=0GB  Sat 25 Jul 2026 05:39:41
  ann rank-ish: 3 generators
  n1:A ct1 #2 t=5s  (checkpointed)  mem=0GB  Sat 25 Jul 2026 05:39:46
  ct1 telescopers: 2
  n1:A gb #2 t=1s  (checkpointed)  mem=0GB  Sat 25 Jul 2026 05:39:47
  gb === ct1tel ? True
  lambda = 1, no DFiniteTimes
  ct2 third={} d=0 t=1s -> none  Sat 25 Jul 2026 05:39:48
  ct2 third={} d=1 t=6s -> none  Sat 25 Jul 2026 05:39:54
  ct2 third={} d=2 t=15s -> none  Sat 25 Jul 2026 05:40:09
  ct2 third={} d=3 t=49s -> none  Sat 25 Jul 2026 05:40:58
  ct2 third={} d=4 t=185s -> none  Sat 25 Jul 2026 05:44:04
  ct2 third={} d=5 t=828s -> none  Sat 25 Jul 2026 05:57:52
