Wolfram 15.0.0 Kernel for Linux x86 (64-bit)
Copyright 1988-2026 Wolfram Research, Inc.

In[1]:=                                                                                         
In[2]:= 
In[3]:= 
In[4]:= 
In[5]:= START Sat 25 Jul 2026 01:01:53

In[6]:= HolonomicFunctions Package version 1.7.3 (21-Mar-2017)
written by Christoph Koutschan
Copyright Research Institute for Symbolic Computation (RISC),
Johannes Kepler University, Linz, Austria
--> Type  ?HolonomicFunctions  for help.

In[7]:= HF loaded

In[8]:= In[8]:= 
In[9]:= 
In[10]:= 
In[11]:= 
In[12]:= 
In[13]:= 
In[14]:= 
In[15]:= 
In[16]:= 
In[17]:= 
In[18]:= 
In[19]:= In[19]:= 
In[20]:= 
In[21]:= 
In[22]:= 
In[23]:= 
In[24]:= In[24]:= 
In[25]:= rho,sigma loaded 10553 1819

In[26]:= In[26]:= 
In[27]:= EE LeafCount=16067 #H=166

In[28]:= In[28]:= 
In[29]:= 
In[30]:= 
In[31]:= after hb: #distinct HarmonicNumber = 9 t=2s

In[32]:=   they are: {HarmonicNumber[k], HarmonicNumber[l], HarmonicNumber[k + l],\
 
>    HarmonicNumber[-k + n], HarmonicNumber[k + n], HarmonicNumber[l + n],\
 
>    HarmonicNumber[k + l + n], HarmonicNumber[k, 2], HarmonicNumber[k + n,\
 
>    2]}

In[33]:= 
In[34]:=   max degree in a single harmonic symbol = 1

In[35]:= In[35]:= 
In[36]:= 
In[37]:= 