Wolfram 15.0.0 Kernel for Linux x86 (64-bit)
Copyright 1988-2026 Wolfram Research, Inc.

In[1]:= 
In[2]:= 
In[3]:= 
In[4]:= START Fri 24 Jul 2026 23:33:37

In[5]:= HolonomicFunctions Package version 1.7.3 (21-Mar-2017)
written by Christoph Koutschan
Copyright Research Institute for Symbolic Computation (RISC),
Johannes Kepler University, Linz, Austria
--> Type  ?HolonomicFunctions  for help.

In[6]:= HF loaded Fri 24 Jul 2026 23:33:38 nnames=0

In[7]:= 
In[8]:= 
In[9]:= 
In[10]:= 
In[11]:= 
In[12]:= 
In[13]:= ann0 True t=0s

In[14]:= ann0 #3 ord={{0, 0, 1}, {0, 1, 0}, {1, 0, 0}}

In[15]:= 
In[16]:= 
In[17]:= 
In[18]:= ct1 True t=0s

In[19]:= ct1 ntel=2

In[20]:= 
In[21]:= 
In[22]:= 
In[23]:= gb True t=0s

In[24]:= gb #2

In[25]:= 
In[26]:= 
In[27]:= 
In[28]:= ct2 True t=3s

In[29]:= ct2 ntel=1
TEL={OrePolynomial[{{420528510 + 1648611954*n + 2841816690*n^2 +\
 
>    2827245078*n^3 + 1789447746*n^4 + 747499670*n^5 + 206172158*n^6 +\
 
>    36223770*n^7 + 3680656*n^8 + 164872*n^9, {3}}, {-100515858678 -\
 
>    427187781822*n - 802545384756*n^2 - 874813893950*n^3 - 609824661698*n^4\
 
>    - 281967536844*n^5 - 86492395272*n^6 - 16976001724*n^7 - 1934937792*n^8\
 
>    - 97604224*n^9, {2}}, {-2206008156 - 10838488110*n - 23561928732*n^2 -\
 
>    29730515190*n^3 - 23983226156*n^4 - 12820094404*n^5 - 4538761152*n^6 -\
 
>    1025792268*n^7 - 134245912*n^8 - 7748984*n^9, {1}}, {1467828 + 9757338*n\
 
>    + 28256418*n^2 + 46700939*n^3 + 48458513*n^4 + 32685778*n^5 +\
 
>    14315508*n^6 + 3924023*n^7 + 611029*n^8 + 41218*n^9, {0}}},\
 
>    OreAlgebraObject[{S[n]}, Expand, #1 + #2 & , Expand[#1*#2] & , None],\
 
>    DegreeLexicographic]}

In[30]:= ALL DONE Fri 24 Jul 2026 23:33:41

In[31]:= 
In[32]:= 