Wolfram 15.0.0 Kernel for Linux x86 (64-bit)
Copyright 1988-2026 Wolfram Research, Inc.

In[1]:= 
In[2]:= 
In[3]:= 
In[4]:= HolonomicFunctions Package version 1.7.3 (21-Mar-2017)
written by Christoph Koutschan
Copyright Research Institute for Symbolic Computation (RISC),
Johannes Kepler University, Linz, Austria
--> Type  ?HolonomicFunctions  for help.

In[5]:= 
In[6]:= In[6]:= 
In[7]:= 
In[8]:= 
In[9]:= 
In[10]:= 
In[11]:= 
In[12]:= 
In[13]:= 
In[14]:= In[14]:= 
In[15]:= 
In[16]:= 
In[17]:= 
In[18]:= 
In[19]:= 
In[20]:= 
In[21]:= 
In[22]:= 
In[23]:= 
CreativeTelescoping::fail: More than one operator is involved in the delta.

In[24]:= 
Part::partd: Part specification $Failed[[1]] is longer than depth of object.

Part::partd: Part specification $Failed[[1,1]] is longer than depth of object.

In[25]:= 
In[26]:= 